{
  "blockNumber": {
    "__bigint__": "71322936"
  },
  "paraswapExactBuyQuotes": {},
  "paraswapExactBuyTxPayloads": {},
  "paraswapExactSellQuotes": {
    "34bbc0870bedfc233c24c2149e2837ddac6a4dfc37c467c109103dee81ce7516": {
      "blockNumber": 71322968,
      "network": 137,
      "srcToken": "0xc2132d05d31c914a87c6611c10748aeb04b58e8f",
      "srcDecimals": 6,
      "srcAmount": "1000000005",
      "destToken": "0x8f3cf7ad23cd3cadbd9735aff958023239c6a063",
      "destDecimals": 18,
      "destAmount": "999901683391259300220",
      "bestRoute": [
        {
          "percent": 100,
          "swaps": [
            {
              "srcToken": "0xc2132d05d31c914a87c6611c10748aeb04b58e8f",
              "srcDecimals": 6,
              "destToken": "0x8f3cf7ad23cd3cadbd9735aff958023239c6a063",
              "destDecimals": 18,
              "swapExchanges": [
                {
                  "exchange": "CurveV1",
                  "srcAmount": "1000000005",
                  "destAmount": "999901683391259300220",
                  "percent": 100,
                  "poolAddresses": [
                    "0x445fe580ef8d70ff569ab36e80c647af338db351"
                  ],
                  "data": {
                    "exchange": "0x445fe580ef8d70ff569ab36e80c647af338db351",
                    "i": 2,
                    "j": 0,
                    "underlyingSwap": true,
                    "deadline": 0,
                    "gasUSD": "0.002400"
                  }
                }
              ]
            }
          ]
        }
      ],
      "gasCostUSD": "0.001272",
      "gasCost": "180294",
      "side": "SELL",
      "version": "6.2",
      "contractAddress": "0x6a000f20005980200259b80c5102003040001068",
      "tokenTransferProxy": "0x6a000f20005980200259b80c5102003040001068",
      "contractMethod": "swapExactAmountIn",
      "partnerFee": 0,
      "srcUSD": "999.8700049994",
      "destUSD": "999.8756859475",
      "maxImpact": 2,
      "partner": "compound.blue",
      "maxImpactReached": false,
      "hmac": "a2d434b266cc0e0a7d62d5952cc4342ef5c23a55"
    },
    "cc55ba93941c1602771857fd7c437340acda03c510442d361cfaf40952242190": {
      "blockNumber": 71322968,
      "network": 137,
      "srcToken": "0x3c499c542cef5e3811e1192ce70d8cc03d5c3359",
      "srcDecimals": 6,
      "srcAmount": "1000000001",
      "destToken": "0x8f3cf7ad23cd3cadbd9735aff958023239c6a063",
      "destDecimals": 18,
      "destAmount": "999963403733788369180",
      "bestRoute": [
        {
          "percent": 100,
          "swaps": [
            {
              "srcToken": "0x3c499c542cef5e3811e1192ce70d8cc03d5c3359",
              "srcDecimals": 6,
              "destToken": "0x2791bca1f2de4661ed88a30c99a7a9449aa84174",
              "destDecimals": 6,
              "swapExchanges": [
                {
                  "exchange": "QuickSwapV3",
                  "srcAmount": "1000000001",
                  "destAmount": "1000025742",
                  "percent": 100,
                  "poolAddresses": [
                    "0xeecb5db986c20a8c88d8332e7e252a9671565751"
                  ],
                  "data": {
                    "feeOnTransfer": false,
                    "path": [
                      {
                        "tokenIn": "0x3c499c542cef5e3811e1192ce70d8cc03d5c3359",
                        "tokenOut": "0x2791bca1f2de4661ed88a30c99a7a9449aa84174"
                      }
                    ],
                    "gasUSD": "0.000939"
                  }
                }
              ]
            },
            {
              "srcToken": "0x2791bca1f2de4661ed88a30c99a7a9449aa84174",
              "srcDecimals": 6,
              "destToken": "0x8f3cf7ad23cd3cadbd9735aff958023239c6a063",
              "destDecimals": 18,
              "swapExchanges": [
                {
                  "exchange": "CurveV1",
                  "srcAmount": "1000025742",
                  "destAmount": "999963403733788369180",
                  "percent": 100,
                  "poolAddresses": [
                    "0x445fe580ef8d70ff569ab36e80c647af338db351"
                  ],
                  "data": {
                    "exchange": "0x445fe580ef8d70ff569ab36e80c647af338db351",
                    "i": 1,
                    "j": 0,
                    "underlyingSwap": true,
                    "deadline": 0,
                    "gasUSD": "0.002400"
                  }
                }
              ]
            }
          ]
        }
      ],
      "gasCostUSD": "0.003688",
      "gasCost": "522635",
      "side": "SELL",
      "version": "6.2",
      "contractAddress": "0x6a000f20005980200259b80c5102003040001068",
      "tokenTransferProxy": "0x6a000f20005980200259b80c5102003040001068",
      "contractMethod": "swapExactAmountIn",
      "partnerFee": 0,
      "srcUSD": "999.9600010000",
      "destUSD": "999.9374046853",
      "maxImpact": 2,
      "partner": "compound.blue",
      "maxImpactReached": false,
      "hmac": "9a42073c40189864d1b4eaa9b41ed5738b7e39aa"
    }
  },
  "paraswapExactSellTxPayloads": {
    "34bbc0870bedfc233c24c2149e2837ddac6a4dfc37c467c109103dee81ce7516": {
      "augustus": "0x6A000F20005980200259B80c5102003040001068",
      "calldata": "0xe3ead59e000000000000000000000000000010036c0190e009a000d0fc3541100a07380a000000000000000000000000c2132d05d31c914a87c6611c10748aeb04b58e8f0000000000000000000000008f3cf7ad23cd3cadbd9735aff958023239c6a063000000000000000000000000000000000000000000000000000000003b9aca05000000000000000000000000000000000000000000000035675a64646da331c8000000000000000000000000000000000000000000000036346c6356931d517c574851b7cc6d44f98683a5cb45f3d07100000000000000000000000004404d580000000000000000000000000000000000000000000000000000000000000000cc3e7c85bb0ee4f09380e041fee95a0caedd4a0294000000000000000000000000000000000000000000000000000000000000000000000000000000000001600000000000000000000000000000000000000000000000000000000000000180000000000000000000000000000000000000000000000000000000000000000000000000000000000000000000000000000000000000000000000000000001a0000000000000000000000000000000000000000000000000000000000000002000000000000000000000000000000000000000000000000000000000000001a0445fe580ef8d70ff569ab36e80c647af338db351000000c000440084ff00000b00000000000000000000000000000000000000000000000000000000a6417ed600000000000000000000000000000000000000000000000000000000000000020000000000000000000000000000000000000000000000000000000000000000000000000000000000000000000000000000000000000000000000003b9aca0500000000000000000000000000000000000000000000000000000000000000010000000000000000000000008f3cf7ad23cd3cadbd9735aff958023239c6a0638f3cf7ad23cd3cadbd9735aff958023239c6a0630000006000240000ff00000300000000000000000000000000000000000000000000000000000000a9059cbb0000000000000000000000006a000f20005980200259b80c5102003040001068000000000000000000000000000000000000000000000036346c6356931d517c",
      "offsets": {
        "exactAmount": {
          "__bigint__": "100"
        },
        "limitAmount": {
          "__bigint__": "132"
        },
        "quotedAmount": {
          "__bigint__": "164"
        }
      },
      "quoteDestTokenAmount": {
        "__bigint__": "999901683391259300220"
      },
      "minDestTokenAmount": {
        "__bigint__": "985124811222915690952"
      },
      "inputs": {
        "srcTokenAddress": "0xc2132D05D31c914a87C6611C10748AEb04B58e8F",
        "destTokenAddress": "0x8f3Cf7ad23Cd3CaDbD9735AFf958023239c6A063",
        "exactSrcTokenAmount": {
          "__bigint__": "1000000005"
        }
      }
    },
    "cc55ba93941c1602771857fd7c437340acda03c510442d361cfaf40952242190": {
      "augustus": "0x6A000F20005980200259B80c5102003040001068",
      "calldata": "0xe3ead59e000000000000000000000000000010036c0190e009a000d0fc3541100a07380a0000000000000000000000003c499c542cef5e3811e1192ce70d8cc03d5c33590000000000000000000000008f3cf7ad23cd3cadbd9735aff958023239c6a063000000000000000000000000000000000000000000000000000000003b9aca0100000000000000000000000000000000000000000000003568326d2540e3a89d0000000000000000000000000000000000000000000000363547a9a9a6f9a11cc244510d37724b4e95fa6d29dfd37a4c00000000000000000000000004404d580000000000000000000000000000000000000000000000000000000000000000cc3e7c85bb0ee4f09380e041fee95a0caedd4a02940000000000000000000000000000000000000000000000000000000000000000000000000000000000016000000000000000000000000000000000000000000000000000000000000001800000000000000000000000000000000000000000000000000000000000000000000000000000000000000000000000000000000000000000000000000000030000000000000000000000000000000000000000000000000000000000000000200000000000000000000000000000000000000000000000000000000000000300f5b509bb0909a69b1c207e495f687a596c168e1200000140008400ec0000000b00000000000000000000000000000000000000000000000000000000c04b8d59000000000000000000000000000000000000000000000000000000000000002000000000000000000000000000000000000000000000000000000000000000a0000000000000000000000000000010036c0190e009a000d0fc3541100a07380a000000000000000000000000000000000000000000000000000000006827d068000000000000000000000000000000000000000000000000000000003b9aca01000000000000000000000000000000000000000000000000000000000000000100000000000000000000000000000000000000000000000000000000000000283c499c542cef5e3811e1192ce70d8cc03d5c33592791bca1f2de4661ed88a30c99a7a9449aa84174000000000000000000000000000000000000000000000000445fe580ef8d70ff569ab36e80c647af338db351000000c000440084ff00000b00000000000000000000000000000000000000000000000000000000a6417ed600000000000000000000000000000000000000000000000000000000000000010000000000000000000000000000000000000000000000000000000000000000000000000000000000000000000000000000000000000000000000003b9b2e8e00000000000000000000000000000000000000000000000000000000000000010000000000000000000000008f3cf7ad23cd3cadbd9735aff958023239c6a0638f3cf7ad23cd3cadbd9735aff958023239c6a0630000006000240000ff00000300000000000000000000000000000000000000000000000000000000a9059cbb0000000000000000000000006a000f20005980200259b80c51020030400010680000000000000000000000000000000000000000000000363547a9a9a6f9a11c",
      "offsets": {
        "exactAmount": {
          "__bigint__": "100"
        },
        "limitAmount": {
          "__bigint__": "132"
        },
        "quotedAmount": {
          "__bigint__": "164"
        }
      },
      "quoteDestTokenAmount": {
        "__bigint__": "999963403733788369180"
      },
      "minDestTokenAmount": {
        "__bigint__": "985185619442156152989"
      },
      "inputs": {
        "srcTokenAddress": "0x3c499c542cEF5E3811e1192ce70d8cC03d5c3359",
        "destTokenAddress": "0x8f3Cf7ad23Cd3CaDbD9735AFf958023239c6A063",
        "exactSrcTokenAmount": {
          "__bigint__": "1000000001"
        }
      }
    }
  }
}