{
  "blockNumber": {
    "__bigint__": "71322936"
  },
  "paraswapExactBuyQuotes": {},
  "paraswapExactBuyTxPayloads": {},
  "paraswapExactSellQuotes": {},
  "paraswapExactSellTxPayloads": {
    "cc55ba93941c1602771857fd7c437340acda03c510442d361cfaf40952242190": {
      "augustus": "0x6A000F20005980200259B80c5102003040001068",
      "calldata": "0xe3ead59e000000000000000000000000000010036c0190e009a000d0fc3541100a07380a0000000000000000000000003c499c542cef5e3811e1192ce70d8cc03d5c33590000000000000000000000008f3cf7ad23cd3cadbd9735aff958023239c6a063000000000000000000000000000000000000000000000000000000001dcb1b1200000000000000000000000000000000000000000000001ab1eb0ecf5c0ce10a00000000000000000000000000000000000000000000001b186d4dc08cc98cea71a7d8aa557a47e2809b80d35b201dca00000000000000000000000004404d7b0000000000000000000000000000000000000000000000000000000000000000cc3e7c85bb0ee4f09380e041fee95a0caedd4a0294000000000000000000000000000000000000000000000000000000000000000000000000000000000001600000000000000000000000000000000000000000000000000000000000000180000000000000000000000000000000000000000000000000000000000000000000000000000000000000000000000000000000000000000000000000000001a0000000000000000000000000000000000000000000000000000000000000002000000000000000000000000000000000000000000000000000000000000001a0f5b509bb0909a69b1c207e495f687a596c168e1200000140008400000000000300000000000000000000000000000000000000000000000000000000c04b8d59000000000000000000000000000000000000000000000000000000000000002000000000000000000000000000000000000000000000000000000000000000a00000000000000000000000006a000f20005980200259b80c5102003040001068000000000000000000000000000000000000000000000000000000006827d0b3000000000000000000000000000000000000000000000000000000001dcb1b12000000000000000000000000000000000000000000000000000000000000000100000000000000000000000000000000000000000000000000000000000000283c499c542cef5e3811e1192ce70d8cc03d5c33598f3cf7ad23cd3cadbd9735aff958023239c6a063000000000000000000000000000000000000000000000000",
      "offsets": {
        "exactAmount": {
          "__bigint__": "100"
        },
        "limitAmount": {
          "__bigint__": "132"
        },
        "quotedAmount": {
          "__bigint__": "164"
        }
      },
      "quoteDestTokenAmount": {
        "__bigint__": "499822238508920704234"
      },
      "minDestTokenAmount": {
        "__bigint__": "492435702964453957898"
      },
      "inputs": {
        "srcTokenAddress": "0x3c499c542cEF5E3811e1192ce70d8cC03d5c3359",
        "destTokenAddress": "0x8f3Cf7ad23Cd3CaDbD9735AFf958023239c6A063",
        "exactSrcTokenAmount": {
          "__bigint__": "499850002"
        }
      }
    }
  }
}