{
  "blockNumber": {
    "__bigint__": "71452586"
  },
  "paraswapExactBuyQuotes": {},
  "paraswapExactBuyTxPayloads": {},
  "paraswapExactSellQuotes": {
    "cc55ba93941c1602771857fd7c437340acda03c510442d361cfaf40952242190": {
      "blockNumber": 71452607,
      "network": 137,
      "srcToken": "0x3c499c542cef5e3811e1192ce70d8cc03d5c3359",
      "srcDecimals": 6,
      "srcAmount": "1000000001",
      "destToken": "0x8f3cf7ad23cd3cadbd9735aff958023239c6a063",
      "destDecimals": 18,
      "destAmount": "999825985801349745439",
      "bestRoute": [
        {
          "percent": 100,
          "swaps": [
            {
              "srcToken": "0x3c499c542cef5e3811e1192ce70d8cc03d5c3359",
              "srcDecimals": 6,
              "destToken": "0x8f3cf7ad23cd3cadbd9735aff958023239c6a063",
              "destDecimals": 18,
              "swapExchanges": [
                {
                  "exchange": "UniswapV4",
                  "srcAmount": "340008001",
                  "destAmount": "339936856227598192117",
                  "percent": 34,
                  "poolAddresses": [
                    "0x67366782805870060151383f4bbff9dab53e5cd6"
                  ],
                  "data": {
                    "path": [
                      {
                        "pool": {
                          "id": "0xf5be464301ee89c74995aa2c1201537323cb6cf0806113d0378a9f70dcf00c55",
                          "key": {
                            "currency0": "0x3c499c542cef5e3811e1192ce70d8cc03d5c3359",
                            "currency1": "0x8f3cf7ad23cd3cadbd9735aff958023239c6a063",
                            "fee": "100",
                            "tickSpacing": 1,
                            "hooks": "0x0000000000000000000000000000000000000000"
                          }
                        },
                        "tokenIn": "0x3c499c542cef5e3811e1192ce70d8cc03d5c3359",
                        "tokenOut": "0x8f3cf7ad23cd3cadbd9735aff958023239c6a063",
                        "zeroForOne": true
                      }
                    ],
                    "gasUSD": "0.000945"
                  }
                },
                {
                  "exchange": "QuickSwapV3",
                  "srcAmount": "279992000",
                  "destAmount": "279948739758779358068",
                  "percent": 28,
                  "poolAddresses": [
                    "0xbc8f3da0bd42e1f2509cd8671ce7c7e5f7fd39c8"
                  ],
                  "data": {
                    "feeOnTransfer": false,
                    "path": [
                      {
                        "tokenIn": "0x3c499c542cef5e3811e1192ce70d8cc03d5c3359",
                        "tokenOut": "0x8f3cf7ad23cd3cadbd9735aff958023239c6a063"
                      }
                    ],
                    "gasUSD": "0.001030"
                  }
                },
                {
                  "exchange": "QuickSwapV3",
                  "srcAmount": "380000000",
                  "destAmount": "379940389814972195254",
                  "percent": 38,
                  "poolAddresses": [
                    "0x0e3eb2c75bd7dd0e12249d96b1321d9570764d77",
                    "0xeffa9e5e63ba18160ee26bda56b42f3368719615"
                  ],
                  "data": {
                    "feeOnTransfer": false,
                    "path": [
                      {
                        "tokenIn": "0x3c499c542cef5e3811e1192ce70d8cc03d5c3359",
                        "tokenOut": "0xc2132d05d31c914a87c6611c10748aeb04b58e8f"
                      },
                      {
                        "tokenIn": "0xc2132d05d31c914a87c6611c10748aeb04b58e8f",
                        "tokenOut": "0x8f3cf7ad23cd3cadbd9735aff958023239c6a063"
                      }
                    ],
                    "gasUSD": "0.002060"
                  }
                }
              ]
            }
          ]
        }
      ],
      "gasCostUSD": "0.005207",
      "gasCost": "551078",
      "side": "SELL",
      "version": "6.2",
      "contractAddress": "0x6a000f20005980200259b80c5102003040001068",
      "tokenTransferProxy": "0x6a000f20005980200259b80c5102003040001068",
      "contractMethod": "swapExactAmountIn",
      "partnerFee": 0,
      "srcUSD": "999.9030009999",
      "destUSD": "999.7889922399",
      "maxImpact": 2,
      "partner": "compound.blue",
      "maxImpactReached": false,
      "hmac": "451b6774b312abebaf57b12999b31eca66842266"
    }
  },
  "paraswapExactSellTxPayloads": {
    "cc55ba93941c1602771857fd7c437340acda03c510442d361cfaf40952242190": {
      "augustus": "0x6A000F20005980200259B80c5102003040001068",
      "calldata": "0xe3ead59e00000000000000000000000000c600b30fb0400701010f4b080409018b9006e00000000000000000000000003c499c542cef5e3811e1192ce70d8cc03d5c33590000000000000000000000008f3cf7ad23cd3cadbd9735aff958023239c6a063000000000000000000000000000000000000000000000000000000003b9aca0100000000000000000000000000000000000000000000003566516f45ab013816000000000000000000000000000000000000000000000036335f74c7fe33cb1fb4a8ebcbba3b468cb30c38ff650329bb000000000000000000000000044247bf0000000000000000000000000000000000000000000000000000000000000000cc3e7c85bb0ee4f09380e041fee95a0caedd4a02940000000000000000000000000000000000000000000000000000000000000000000000000000000000016000000000000000000000000000000000000000000000000000000000000001800000000000000000000000000000000000000000000000000000000000000000000000000000000000000000000000000000000000000000000000000000080000000000000000000000000000000000000000000000000000000000000000200000000000000000000000000000000000000000000000000000000000000800000000000000000000000000000004a0000000000000026c0000000000000d481095692a6237d83c6a72f3f5efedb9a670c492230000048002e40000ff0000030000000000000000000000000000000000000000000000000000000024856bc30000000000000000000000000000000000000000000000000000000000000040000000000000000000000000000000000000000000000000000000000000008000000000000000000000000000000000000000000000000000000000000000011000000000000000000000000000000000000000000000000000000000000000000000000000000000000000000000000000000000000000000000000000000100000000000000000000000000000000000000000000000000000000000000200000000000000000000000000000000000000000000000000000000000000380000000000000000000000000000000000000000000000000000000000000004000000000000000000000000000000000000000000000000000000000000000800000000000000000000000000000000000000000000000000000000000000003060b0e00000000000000000000000000000000000000000000000000000000000000000000000000000000000000000000000000000000000000000000000003000000000000000000000000000000000000000000000000000000000000006000000000000000000000000000000000000000000000000000000000000001e00000000000000000000000000000000000000000000000000000000000000260000000000000000000000000000000000000000000000000000000000000016000000000000000000000000000000000000000000000000000000000000000200000000000000000000000003c499c542cef5e3811e1192ce70d8cc03d5c33590000000000000000000000008f3cf7ad23cd3cadbd9735aff958023239c6a06300000000000000000000000000000000000000000000000000000000000000640000000000000000000000000000000000000000000000000000000000000001000000000000000000000000000000000000000000000000000000000000000000000000000000000000000000000000000000000000000000000000000000010000000000000000000000000000000000000000000000000000000014441c4100000000000000000000000000000000000000000000000000000000000000000000000000000000000000000000000000000000000000000000000000000120000000000000000000000000000000000000000000000000000000000000000000000000000000000000000000000000000000000000000000000000000000600000000000000000000000003c499c542cef5e3811e1192ce70d8cc03d5c33590000000000000000000000000000000000000000000000000000000000000000000000000000000000000000000000000000000000000000000000000000000100000000000000000000000000000000000000000000000000000000000000600000000000000000000000008f3cf7ad23cd3cadbd9735aff958023239c6a0630000000000000000000000006a000f20005980200259b80c510200304000106800000000000000000000000000000000000000000000000000000000000000000000000000000000000000000000016000000000000001200000000000000af0f5b509bb0909a69b1c207e495f687a596c168e1200000140008400000000000300000000000000000000000000000000000000000000000000000000c04b8d59000000000000000000000000000000000000000000000000000000000000002000000000000000000000000000000000000000000000000000000000000000a00000000000000000000000006a000f20005980200259b80c510200304000106800000000000000000000000000000000000000000000000000000000682c08370000000000000000000000000000000000000000000000000000000010b056c0000000000000000000000000000000000000000000000000000000000000000100000000000000000000000000000000000000000000000000000000000000283c499c542cef5e3811e1192ce70d8cc03d5c33598f3cf7ad23cd3cadbd9735aff958023239c6a0630000000000000000000000000000000000000000000000000000000000000000000000000000016000000000000001200000000000000ed8f5b509bb0909a69b1c207e495f687a596c168e1200000140008400000000000300000000000000000000000000000000000000000000000000000000c04b8d59000000000000000000000000000000000000000000000000000000000000002000000000000000000000000000000000000000000000000000000000000000a00000000000000000000000006a000f20005980200259b80c510200304000106800000000000000000000000000000000000000000000000000000000682c08370000000000000000000000000000000000000000000000000000000016a657000000000000000000000000000000000000000000000000000000000000000001000000000000000000000000000000000000000000000000000000000000003c3c499c542cef5e3811e1192ce70d8cc03d5c3359c2132d05d31c914a87c6611c10748aeb04b58e8f8f3cf7ad23cd3cadbd9735aff958023239c6a06300000000",
      "offsets": {
        "exactAmount": {
          "__bigint__": "100"
        },
        "limitAmount": {
          "__bigint__": "132"
        },
        "quotedAmount": {
          "__bigint__": "164"
        }
      },
      "quoteDestTokenAmount": {
        "__bigint__": "999825985801349745439"
      },
      "minDestTokenAmount": {
        "__bigint__": "985050232316600858646"
      },
      "inputs": {
        "srcTokenAddress": "0x3c499c542cEF5E3811e1192ce70d8cC03d5c3359",
        "destTokenAddress": "0x8f3Cf7ad23Cd3CaDbD9735AFf958023239c6A063",
        "exactSrcTokenAmount": {
          "__bigint__": "1000000001"
        }
      }
    }
  }
}