{
  "blockNumber": {
    "__bigint__": "71322936"
  },
  "paraswapExactBuyQuotes": {
    "cc55ba93941c1602771857fd7c437340acda03c510442d361cfaf40952242190": {
      "blockNumber": 71323058,
      "network": 137,
      "srcToken": "0x3c499c542cef5e3811e1192ce70d8cc03d5c3359",
      "srcDecimals": 6,
      "srcAmount": "100035397",
      "destToken": "0x8f3cf7ad23cd3cadbd9735aff958023239c6a063",
      "destDecimals": 18,
      "destAmount": "100030000000000000000",
      "bestRoute": [
        {
          "percent": 100,
          "swaps": [
            {
              "srcToken": "0x3c499c542cef5e3811e1192ce70d8cc03d5c3359",
              "srcDecimals": 6,
              "destToken": "0x8f3cf7ad23cd3cadbd9735aff958023239c6a063",
              "destDecimals": 18,
              "swapExchanges": [
                {
                  "exchange": "QuickSwapV3",
                  "srcAmount": "100035397",
                  "destAmount": "100030000000000000000",
                  "percent": 100,
                  "poolAddresses": [
                    "0xeecb5db986c20a8c88d8332e7e252a9671565751",
                    "0xe7e0eb9f6bcccfe847fdf62a3628319a092f11a2"
                  ],
                  "data": {
                    "feeOnTransfer": false,
                    "path": [
                      {
                        "tokenIn": "0x3c499c542cef5e3811e1192ce70d8cc03d5c3359",
                        "tokenOut": "0x2791bca1f2de4661ed88a30c99a7a9449aa84174"
                      },
                      {
                        "tokenIn": "0x2791bca1f2de4661ed88a30c99a7a9449aa84174",
                        "tokenOut": "0x8f3cf7ad23cd3cadbd9735aff958023239c6a063"
                      }
                    ],
                    "gasUSD": "0.001540"
                  }
                }
              ]
            }
          ]
        }
      ],
      "gasCostUSD": "0.001793",
      "gasCost": "253634",
      "side": "BUY",
      "version": "6.2",
      "contractAddress": "0x6a000f20005980200259b80c5102003040001068",
      "tokenTransferProxy": "0x6a000f20005980200259b80c5102003040001068",
      "contractMethod": "swapExactAmountOut",
      "partnerFee": 0,
      "srcUSD": "100.0253934603",
      "destUSD": "100.0254986500",
      "maxImpact": 2,
      "partner": "compound.blue",
      "maxImpactReached": false,
      "hmac": "118b939591eb5b557a63cf39a05e25d6505da77f"
    },
    "6f2971a917d07e6eeb57003970238fa8168371ef2ab86e32ba3a6dc89db43c12": {
      "blockNumber": 71323058,
      "network": 137,
      "srcToken": "0x3c499c542cef5e3811e1192ce70d8cc03d5c3359",
      "srcDecimals": 6,
      "srcAmount": "500144668",
      "destToken": "0xc2132d05d31c914a87c6611c10748aeb04b58e8f",
      "destDecimals": 6,
      "destAmount": "500150003",
      "bestRoute": [
        {
          "percent": 100,
          "swaps": [
            {
              "srcToken": "0x3c499c542cef5e3811e1192ce70d8cc03d5c3359",
              "srcDecimals": 6,
              "destToken": "0xc2132d05d31c914a87c6611c10748aeb04b58e8f",
              "destDecimals": 6,
              "swapExchanges": [
                {
                  "exchange": "QuickSwapV3",
                  "srcAmount": "240070920",
                  "destAmount": "240072001",
                  "percent": 48,
                  "poolAddresses": [
                    "0x0e3eb2c75bd7dd0e12249d96b1321d9570764d77"
                  ],
                  "data": {
                    "feeOnTransfer": false,
                    "path": [
                      {
                        "tokenIn": "0x3c499c542cef5e3811e1192ce70d8cc03d5c3359",
                        "tokenOut": "0xc2132d05d31c914a87c6611c10748aeb04b58e8f"
                      }
                    ],
                    "gasUSD": "0.000772"
                  }
                },
                {
                  "exchange": "QuickSwapV3",
                  "srcAmount": "260073748",
                  "destAmount": "260078002",
                  "percent": 52,
                  "poolAddresses": [
                    "0xeecb5db986c20a8c88d8332e7e252a9671565751",
                    "0x7b925e617aefd7fb3a93abe3a701135d7a1ba710"
                  ],
                  "data": {
                    "feeOnTransfer": false,
                    "path": [
                      {
                        "tokenIn": "0x3c499c542cef5e3811e1192ce70d8cc03d5c3359",
                        "tokenOut": "0x2791bca1f2de4661ed88a30c99a7a9449aa84174"
                      },
                      {
                        "tokenIn": "0x2791bca1f2de4661ed88a30c99a7a9449aa84174",
                        "tokenOut": "0xc2132d05d31c914a87c6611c10748aeb04b58e8f"
                      }
                    ],
                    "gasUSD": "0.001544"
                  }
                }
              ]
            }
          ]
        }
      ],
      "gasCostUSD": "0.002524",
      "gasCost": "356429",
      "side": "BUY",
      "version": "6.2",
      "contractAddress": "0x6a000f20005980200259b80c5102003040001068",
      "tokenTransferProxy": "0x6a000f20005980200259b80c5102003040001068",
      "contractMethod": "swapExactAmountOut",
      "partnerFee": 0,
      "srcUSD": "500.0946535332",
      "destUSD": "500.0809822996",
      "maxImpact": 2,
      "partner": "compound.blue",
      "maxImpactReached": false,
      "hmac": "be6ff9d6bc63831a089f30f1b14030921280f124"
    }
  },
  "paraswapExactBuyTxPayloads": {
    "6f2971a917d07e6eeb57003970238fa8168371ef2ab86e32ba3a6dc89db43c12": {
      "augustus": "0x6A000F20005980200259B80c5102003040001068",
      "calldata": "0x7f457675000000000000000000000000a0f408a000017007015e0f00320e470d00090a5b0000000000000000000000003c499c542cef5e3811e1192ce70d8cc03d5c3359000000000000000000000000c2132d05d31c914a87c6611c10748aeb04b58e8f000000000000000000000000000000000000000000000000000000001e02ffe0000000000000000000000000000000000000000000000000000000001dcfaef3000000000000000000000000000000000000000000000000000000001dcf9a1cfc9acc3e5aec443186c762142578f7a800000000000000000000000004404db20000000000000000000000000000000000000000000000000000000000000000cc3e7c85bb0ee4f09380e041fee95a0caedd4a0294000000000000000000000000000000000000000000000000000000000000000000000000000000000001600000000000000000000000000000000000000000000000000000000000000180000000000000000000000000000000000000000000000000000000000000000000000000000000000000000000000000000000000000000000000000000003400000000000000000000000000000000000000000000000000000000000000020000000000000000000000000000000000000000000000000000000000000036000000160000000000000000000000120000000000000013400000000000012c0f5b509bb0909a69b1c207e495f687a596c168e120140008400a400000000000300000000000000000000000000000000000000000000000000000000f28c0498000000000000000000000000000000000000000000000000000000000000002000000000000000000000000000000000000000000000000000000000000000a00000000000000000000000006a000f20005980200259b80c5102003040001068000000000000000000000000000000000000000000000000000000006827d129000000000000000000000000000000000000000000000000000000000e4f3541000000000000000000000000000000000000000000000000000000000e4f31080000000000000000000000000000000000000000000000000000000000000028c2132d05d31c914a87c6611c10748aeb04b58e8f3c499c542cef5e3811e1192ce70d8cc03d5c33590000000000000000000000000000000000000000000000000000016000000000000000000000012000000000000001480000000000001450f5b509bb0909a69b1c207e495f687a596c168e120140008400a400000000000300000000000000000000000000000000000000000000000000000000f28c0498000000000000000000000000000000000000000000000000000000000000002000000000000000000000000000000000000000000000000000000000000000a00000000000000000000000006a000f20005980200259b80c5102003040001068000000000000000000000000000000000000000000000000000000006827d129000000000000000000000000000000000000000000000000000000000f8079b2000000000000000000000000000000000000000000000000000000000f806914000000000000000000000000000000000000000000000000000000000000003cc2132d05d31c914a87c6611c10748aeb04b58e8f2791bca1f2de4661ed88a30c99a7a9449aa841743c499c542cef5e3811e1192ce70d8cc03d5c335900000000",
      "offsets": {
        "exactAmount": {
          "__bigint__": "132"
        },
        "limitAmount": {
          "__bigint__": "100"
        },
        "quotedAmount": {
          "__bigint__": "164"
        }
      },
      "quoteSrcTokenAmount": {
        "__bigint__": "500144668"
      },
      "maxSrcTokenAmount": {
        "__bigint__": "503513056"
      },
      "inputs": {
        "srcTokenAddress": "0x3c499c542cEF5E3811e1192ce70d8cC03d5c3359",
        "destTokenAddress": "0xc2132D05D31c914a87C6611C10748AEb04B58e8F",
        "exactDestTokenAmount": {
          "__bigint__": "500150003"
        }
      }
    },
    "cc55ba93941c1602771857fd7c437340acda03c510442d361cfaf40952242190": {
      "augustus": "0x6A000F20005980200259B80c5102003040001068",
      "calldata": "0x7f457675000000000000000000000000a0f408a000017007015e0f00320e470d00090a5b0000000000000000000000003c499c542cef5e3811e1192ce70d8cc03d5c33590000000000000000000000008f3cf7ad23cd3cadbd9735aff958023239c6a063000000000000000000000000000000000000000000000000000000000600b2fe0000000000000000000000000000000000000000000000056c31f304b25300000000000000000000000000000000000000000000000000000000000005f66b458038c25b84544838910837b988fbe8dd00000000000000000000000004404db20000000000000000000000000000000000000000000000000000000000000000cc3e7c85bb0ee4f09380e041fee95a0caedd4a0294000000000000000000000000000000000000000000000000000000000000000000000000000000000001600000000000000000000000000000000000000000000000000000000000000180000000000000000000000000000000000000000000000000000000000000000000000000000000000000000000000000000000000000000000000000000001c0000000000000000000000000000000000000000000000000000000000000002000000000000000000000000000000000000000000000000000000000000001e00000016000000000000000000000012000000000000001480000000000002710f5b509bb0909a69b1c207e495f687a596c168e120140008400a400000000000300000000000000000000000000000000000000000000000000000000f28c0498000000000000000000000000000000000000000000000000000000000000002000000000000000000000000000000000000000000000000000000000000000a00000000000000000000000006a000f20005980200259b80c5102003040001068000000000000000000000000000000000000000000000000000000006827d1290000000000000000000000000000000000000000000000056c31f304b25300000000000000000000000000000000000000000000000000000000000005f66b45000000000000000000000000000000000000000000000000000000000000003c8f3cf7ad23cd3cadbd9735aff958023239c6a0632791bca1f2de4661ed88a30c99a7a9449aa841743c499c542cef5e3811e1192ce70d8cc03d5c335900000000",
      "offsets": {
        "exactAmount": {
          "__bigint__": "132"
        },
        "limitAmount": {
          "__bigint__": "100"
        },
        "quotedAmount": {
          "__bigint__": "164"
        }
      },
      "quoteSrcTokenAmount": {
        "__bigint__": "100035397"
      },
      "maxSrcTokenAmount": {
        "__bigint__": "100709118"
      },
      "inputs": {
        "srcTokenAddress": "0x3c499c542cEF5E3811e1192ce70d8cC03d5c3359",
        "destTokenAddress": "0x8f3Cf7ad23Cd3CaDbD9735AFf958023239c6A063",
        "exactDestTokenAmount": {
          "__bigint__": "100030000000000000000"
        }
      }
    }
  },
  "paraswapExactSellQuotes": {
    "a3acca2d49b7f67e3ae8da7d40947b768628436304849c7f70c216b6f6919a31": {
      "blockNumber": 71323058,
      "network": 137,
      "srcToken": "0x7ceb23fd6bc0add59e62ac25578270cff1b9f619",
      "srcDecimals": 18,
      "srcAmount": "1000000000729446134",
      "destToken": "0x3c499c542cef5e3811e1192ce70d8cc03d5c3359",
      "destDecimals": 6,
      "destAmount": "2343638327",
      "bestRoute": [
        {
          "percent": 56,
          "swaps": [
            {
              "srcToken": "0x7ceb23fd6bc0add59e62ac25578270cff1b9f619",
              "srcDecimals": 18,
              "destToken": "0x3c499c542cef5e3811e1192ce70d8cc03d5c3359",
              "destDecimals": 6,
              "swapExchanges": [
                {
                  "exchange": "WooFiV2",
                  "srcAmount": "560000000408489835",
                  "destAmount": "1312383206",
                  "percent": 100,
                  "poolAddresses": [
                    "0x5520385bfcf07ec87c4c53a7d8d65595dff69fa4"
                  ],
                  "data": {
                    "gasUSD": "0.001126"
                  }
                }
              ]
            }
          ]
        },
        {
          "percent": 44,
          "swaps": [
            {
              "srcToken": "0x7ceb23fd6bc0add59e62ac25578270cff1b9f619",
              "srcDecimals": 18,
              "destToken": "0x2791bca1f2de4661ed88a30c99a7a9449aa84174",
              "destDecimals": 6,
              "swapExchanges": [
                {
                  "exchange": "CurveV2",
                  "srcAmount": "200024000145906733",
                  "destAmount": "468767000",
                  "percent": 45.46,
                  "poolAddresses": [
                    "0x1d8b86e3D88cDb2d34688e87E72F388Cb541B7C8"
                  ],
                  "data": {
                    "i": 4,
                    "j": 1,
                    "exchange": "0x1d8b86e3D88cDb2d34688e87E72F388Cb541B7C8",
                    "originalPoolAddress": "0x92215849c439e1f8612b6646060b4e3e5ef822cc",
                    "swapType": 1,
                    "gasUSD": "0.002479"
                  }
                },
                {
                  "exchange": "CurveV2",
                  "srcAmount": "199980000145874638",
                  "destAmount": "468767000",
                  "percent": 45.45,
                  "poolAddresses": [
                    "0x3d8EADb739D1Ef95dd53D718e4810721837c69c1"
                  ],
                  "data": {
                    "i": 5,
                    "j": 2,
                    "exchange": "0x3d8EADb739D1Ef95dd53D718e4810721837c69c1",
                    "originalPoolAddress": "0xc7c939A474CB10EB837894D1ed1a77C61B268Fa7",
                    "swapType": 2,
                    "gasUSD": "0.002479"
                  }
                },
                {
                  "exchange": "UniswapV3",
                  "srcAmount": "39996000029174928",
                  "destAmount": "93757074",
                  "percent": 9.09,
                  "poolAddresses": [
                    "0x45dda9cb7c25131df268515131f647d726f50608"
                  ],
                  "data": {
                    "path": [
                      {
                        "tokenIn": "0x7ceb23fd6bc0add59e62ac25578270cff1b9f619",
                        "tokenOut": "0x2791bca1f2de4661ed88a30c99a7a9449aa84174",
                        "fee": "500",
                        "currentFee": "500"
                      }
                    ],
                    "gasUSD": "0.000942"
                  }
                }
              ]
            },
            {
              "srcToken": "0x2791bca1f2de4661ed88a30c99a7a9449aa84174",
              "srcDecimals": 6,
              "destToken": "0x3c499c542cef5e3811e1192ce70d8cc03d5c3359",
              "destDecimals": 6,
              "swapExchanges": [
                {
                  "exchange": "QuickSwapV3",
                  "srcAmount": "1031291074",
                  "destAmount": "1031255121",
                  "percent": 100,
                  "poolAddresses": [
                    "0xeecb5db986c20a8c88d8332e7e252a9671565751"
                  ],
                  "data": {
                    "feeOnTransfer": false,
                    "path": [
                      {
                        "tokenIn": "0x2791bca1f2de4661ed88a30c99a7a9449aa84174",
                        "tokenOut": "0x3c499c542cef5e3811e1192ce70d8cc03d5c3359"
                      }
                    ],
                    "gasUSD": "0.000942"
                  }
                }
              ]
            }
          ]
        }
      ],
      "gasCostUSD": "0.008676",
      "gasCost": "1224741",
      "side": "SELL",
      "version": "6.2",
      "contractAddress": "0x6a000f20005980200259b80c5102003040001068",
      "tokenTransferProxy": "0x6a000f20005980200259b80c5102003040001068",
      "contractMethod": "swapExactAmountIn",
      "partnerFee": 0,
      "srcUSD": "2342.0000017084",
      "destUSD": "2343.4039631673",
      "maxImpact": 2,
      "partner": "compound.blue",
      "maxImpactReached": false,
      "hmac": "ec8550feda6a95f8011bf535d797e45ee9cd8964"
    },
    "a3a7b76013aada86202906f558c9b6e167327d367ba0cdadf2e9f111bba1cf71": {
      "blockNumber": 71323059,
      "network": 137,
      "srcToken": "0xc2132d05d31c914a87c6611c10748aeb04b58e8f",
      "srcDecimals": 6,
      "srcAmount": "1000000012",
      "destToken": "0x3c499c542cef5e3811e1192ce70d8cc03d5c3359",
      "destDecimals": 6,
      "destAmount": "999963336",
      "bestRoute": [
        {
          "percent": 100,
          "swaps": [
            {
              "srcToken": "0xc2132d05d31c914a87c6611c10748aeb04b58e8f",
              "srcDecimals": 6,
              "destToken": "0x3c499c542cef5e3811e1192ce70d8cc03d5c3359",
              "destDecimals": 6,
              "swapExchanges": [
                {
                  "exchange": "QuickSwapV3",
                  "srcAmount": "1000000012",
                  "destAmount": "999963336",
                  "percent": 100,
                  "poolAddresses": [
                    "0x0e3eb2c75bd7dd0e12249d96b1321d9570764d77"
                  ],
                  "data": {
                    "feeOnTransfer": false,
                    "path": [
                      {
                        "tokenIn": "0xc2132d05d31c914a87c6611c10748aeb04b58e8f",
                        "tokenOut": "0x3c499c542cef5e3811e1192ce70d8cc03d5c3359"
                      }
                    ],
                    "gasUSD": "0.000772"
                  }
                }
              ]
            }
          ]
        }
      ],
      "gasCostUSD": "0.001117",
      "gasCost": "157707",
      "side": "SELL",
      "version": "6.2",
      "contractAddress": "0x6a000f20005980200259b80c5102003040001068",
      "tokenTransferProxy": "0x6a000f20005980200259b80c5102003040001068",
      "contractMethod": "swapExactAmountIn",
      "partnerFee": 0,
      "srcUSD": "999.8620119983",
      "destUSD": "999.8633396664",
      "maxImpact": 2,
      "partner": "compound.blue",
      "maxImpactReached": false,
      "hmac": "c3539cab3f159c9fb191530a84ec2877c7442b4e"
    }
  },
  "paraswapExactSellTxPayloads": {
    "a3a7b76013aada86202906f558c9b6e167327d367ba0cdadf2e9f111bba1cf71": {
      "augustus": "0x6A000F20005980200259B80c5102003040001068",
      "calldata": "0xe3ead59e000000000000000000000000000010036c0190e009a000d0fc3541100a07380a000000000000000000000000c2132d05d31c914a87c6611c10748aeb04b58e8f0000000000000000000000003c499c542cef5e3811e1192ce70d8cc03d5c3359000000000000000000000000000000000000000000000000000000003b9aca0c000000000000000000000000000000000000000000000000000000003b3427d0000000000000000000000000000000000000000000000000000000003b9a3ac8d99b73b82c2040e7b50ccbb7833b837b00000000000000000000000004404db30000000000000000000000000000000000000000000000000000000000000000cc3e7c85bb0ee4f09380e041fee95a0caedd4a0294000000000000000000000000000000000000000000000000000000000000000000000000000000000001600000000000000000000000000000000000000000000000000000000000000180000000000000000000000000000000000000000000000000000000000000000000000000000000000000000000000000000000000000000000000000000001a0000000000000000000000000000000000000000000000000000000000000002000000000000000000000000000000000000000000000000000000000000001a0f5b509bb0909a69b1c207e495f687a596c168e1200000140008400000000000300000000000000000000000000000000000000000000000000000000c04b8d59000000000000000000000000000000000000000000000000000000000000002000000000000000000000000000000000000000000000000000000000000000a00000000000000000000000006a000f20005980200259b80c5102003040001068000000000000000000000000000000000000000000000000000000006827d129000000000000000000000000000000000000000000000000000000003b9aca0c00000000000000000000000000000000000000000000000000000000000000010000000000000000000000000000000000000000000000000000000000000028c2132d05d31c914a87c6611c10748aeb04b58e8f3c499c542cef5e3811e1192ce70d8cc03d5c3359000000000000000000000000000000000000000000000000",
      "offsets": {
        "exactAmount": {
          "__bigint__": "100"
        },
        "limitAmount": {
          "__bigint__": "132"
        },
        "quotedAmount": {
          "__bigint__": "164"
        }
      },
      "quoteDestTokenAmount": {
        "__bigint__": "999963336"
      },
      "minDestTokenAmount": {
        "__bigint__": "993273808"
      },
      "inputs": {
        "srcTokenAddress": "0xc2132D05D31c914a87C6611C10748AEb04B58e8F",
        "destTokenAddress": "0x3c499c542cEF5E3811e1192ce70d8cC03d5c3359",
        "exactSrcTokenAmount": {
          "__bigint__": "1000000012"
        }
      }
    },
    "a3acca2d49b7f67e3ae8da7d40947b768628436304849c7f70c216b6f6919a31": {
      "augustus": "0x6A000F20005980200259B80c5102003040001068",
      "calldata": "0xe3ead59e00000000000000000000000000c600b30fb0400701010f4b080409018b9006e00000000000000000000000007ceb23fd6bc0add59e62ac25578270cff1b9f6190000000000000000000000003c499c542cef5e3811e1192ce70d8cc03d5c33590000000000000000000000000000000000000000000000000de0b6b3d2de76f6000000000000000000000000000000000000000000000000000000008ac1d96e000000000000000000000000000000000000000000000000000000008bb115372336b660fe4946d697f84018d73611ba00000000000000000000000004404db20000000000000000000000000000000000000000000000000000000000000000cc3e7c85bb0ee4f09380e041fee95a0caedd4a0294000000000000000000000000000000000000000000000000000000000000000000000000000000000001600000000000000000000000000000000000000000000000000000000000000180000000000000000000000000000000000000000000000000000000000000000000000000000000000000000000000000000000000000000000000000000007c0000000000000000000000000000000000000000000000000000000000000002000000000000000000000000000000000000000000000000000000000000007c000000000000000000000000000000180000000000000000000000000000015e07ceb23fd6bc0add59e62ac25578270cff1b9f6190000006000240000ff00000300000000000000000000000000000000000000000000000000000000a9059cbb0000000000000000000000005520385bfcf07ec87c4c53a7d8d65595dff69fa400000000000000000000000000000000000000000000000007c585088a910f6b5520385bfcf07ec87c4c53a7d8d65595dff69fa4000000e00044000000000003000000000000000000000000000000000000000000000000000000007dc203820000000000000000000000007ceb23fd6bc0add59e62ac25578270cff1b9f6190000000000000000000000003c499c542cef5e3811e1192ce70d8cc03d5c335900000000000000000000000000000000000000000000000007c585088a910f6b00000000000000000000000000000000000000000000000000000000000000010000000000000000000000006a000f20005980200259b80c5102003040001068000000000000000000000000d5b927956057075377263aab7f8afc12f85100db000000000000000000000000000005c0000000000000016c000000000000113000000000000000000000000000000000000000000000044003e40144000a000b0000000000000000000000000000000000000000000000000000000000000000000000000000000000000000000000000000000000000000000000000000002000000000000000000000000000000000000000000000000000000000000003e00000000000000000000000000000010000000000000000cc00000000000011c21d8b86e3d88cdb2d34688e87e72f388cb541b7c8000000e0004400a4ff00000b0000000000000000000000000000000000000000000000000000000065b2489b0000000000000000000000000000000000000000000000000000000000000004000000000000000000000000000000000000000000000000000000000000000100000000000000000000000000000000000000000000000002c6a0c4b33fdc2d00000000000000000000000000000000000000000000000000000000000000010000000000000000000000007ceb23fd6bc0add59e62ac25578270cff1b9f6190000000000000000000000002791bca1f2de4661ed88a30c99a7a9449aa841740000000000000000000000000000012000000000000000ec00000000000011c13d8eadb739d1ef95dd53d718e4810721837c69c100000100006400c4ff00000b0000000000000000000000000000000000000000000000000000000064a14558000000000000000000000000c7c939a474cb10eb837894d1ed1a77c61b268fa70000000000000000000000000000000000000000000000000000000000000005000000000000000000000000000000000000000000000000000000000000000200000000000000000000000000000000000000000000000002c678c026e09ece00000000000000000000000000000000000000000000000000000000000000010000000000000000000000007ceb23fd6bc0add59e62ac25578270cff1b9f6190000000000000000000000002791bca1f2de4661ed88a30c99a7a9449aa84174000000000000000000000000000001600000000000000120000000000000038de592427a0aece92de3edee1f18e0157c0586156400000140008400000000000300000000000000000000000000000000000000000000000000000000c04b8d59000000000000000000000000000000000000000000000000000000000000002000000000000000000000000000000000000000000000000000000000000000a000000000000000000000000000c600b30fb0400701010f4b080409018b9006e0000000000000000000000000000000000000000000000000000000006827d129000000000000000000000000000000000000000000000000008e18266e2cec900000000000000000000000000000000000000000000000000000000000000001000000000000000000000000000000000000000000000000000000000000002b7ceb23fd6bc0add59e62ac25578270cff1b9f6190001f42791bca1f2de4661ed88a30c99a7a9449aa84174000000000000000000000000000000000000000000f5b509bb0909a69b1c207e495f687a596c168e1200000140008400000000000300000000000000000000000000000000000000000000000000000000c04b8d59000000000000000000000000000000000000000000000000000000000000002000000000000000000000000000000000000000000000000000000000000000a00000000000000000000000006a000f20005980200259b80c5102003040001068000000000000000000000000000000000000000000000000000000006827d129000000000000000000000000000000000000000000000000000000003d7840c2000000000000000000000000000000000000000000000000000000000000000100000000000000000000000000000000000000000000000000000000000000282791bca1f2de4661ed88a30c99a7a9449aa841743c499c542cef5e3811e1192ce70d8cc03d5c3359000000000000000000000000000000000000000000000000",
      "offsets": {
        "exactAmount": {
          "__bigint__": "100"
        },
        "limitAmount": {
          "__bigint__": "132"
        },
        "quotedAmount": {
          "__bigint__": "164"
        }
      },
      "quoteDestTokenAmount": {
        "__bigint__": "2343638327"
      },
      "minDestTokenAmount": {
        "__bigint__": "2327959918"
      },
      "inputs": {
        "srcTokenAddress": "0x7ceB23fD6bC0adD59E62ac25578270cFf1b9f619",
        "destTokenAddress": "0x3c499c542cEF5E3811e1192ce70d8cC03d5c3359",
        "exactSrcTokenAmount": {
          "__bigint__": "1000000000729446134"
        }
      }
    },
    "cc55ba93941c1602771857fd7c437340acda03c510442d361cfaf40952242190": {
      "augustus": "0x6A000F20005980200259B80c5102003040001068",
      "calldata": "0xe3ead59e00000000000000000000000000c600b30fb0400701010f4b080409018b9006e00000000000000000000000003c499c542cef5e3811e1192ce70d8cc03d5c33590000000000000000000000008f3cf7ad23cd3cadbd9735aff958023239c6a06300000000000000000000000000000000000000000000000000000000c15065b40000000000000000000000000000000000000000000000aea05ab4a831bff5b80000000000000000000000000000000000000000000000afcd6e3232f4c8b2f12cc44a5fcd1e4e9c9c838709a0db014d00000000000000000000000004404db30000000000000000000000000000000000000000000000000000000000000000cc3e7c85bb0ee4f09380e041fee95a0caedd4a029400000000000000000000000000000000000000000000000000000000000000000000000000000000000160000000000000000000000000000000000000000000000000000000000000018000000000000000000000000000000000000000000000000000000000000000000000000000000000000000000000000000000000000000000000000000000900000000000000000000000000000000000000000000000000000000000000002000000000000000000000000000000000000000000000000000000000000009000000000000000000000000000000016000000000000001200000000000000708f5b509bb0909a69b1c207e495f687a596c168e1200000140008400000000000300000000000000000000000000000000000000000000000000000000c04b8d59000000000000000000000000000000000000000000000000000000000000002000000000000000000000000000000000000000000000000000000000000000a00000000000000000000000006a000f20005980200259b80c5102003040001068000000000000000000000000000000000000000000000000000000006827d12a0000000000000000000000000000000000000000000000000000000022cbe959000000000000000000000000000000000000000000000000000000000000000100000000000000000000000000000000000000000000000000000000000000283c499c542cef5e3811e1192ce70d8cc03d5c33598f3cf7ad23cd3cadbd9735aff958023239c6a0630000000000000000000000000000000000000000000000000000000000000000000000000000072000000000000001c000000000000020080000000000000000000000000000000000000000000003600304018f000a000b0000000000000000000000000000000000000000000000000000000000000000000000000000000000000000000000000000000000000000000000000000002000000000000000000000000000000000000000000000000000000000000003000000000000000000000000000000016000000000000001200000000000002340e592427a0aece92de3edee1f18e0157c0586156400000140008400000000000300000000000000000000000000000000000000000000000000000000c04b8d59000000000000000000000000000000000000000000000000000000000000002000000000000000000000000000000000000000000000000000000000000000a000000000000000000000000000c600b30fb0400701010f4b080409018b9006e0000000000000000000000000000000000000000000000000000000006827d12a000000000000000000000000000000000000000000000000000000008f0bd4920000000000000000000000000000000000000000000000000000000000000001000000000000000000000000000000000000000000000000000000000000002b3c499c542cef5e3811e1192ce70d8cc03d5c33590000642791bca1f2de4661ed88a30c99a7a9449aa8417400000000000000000000000000000000000000000000000000000000000000000000000160000000000000012000000000000003d0f5b509bb0909a69b1c207e495f687a596c168e1200000140008400000000000300000000000000000000000000000000000000000000000000000000c04b8d59000000000000000000000000000000000000000000000000000000000000002000000000000000000000000000000000000000000000000000000000000000a000000000000000000000000000c600b30fb0400701010f4b080409018b9006e0000000000000000000000000000000000000000000000000000000006827d12a000000000000000000000000000000000000000000000000000000000f78a7c9000000000000000000000000000000000000000000000000000000000000000100000000000000000000000000000000000000000000000000000000000000283c499c542cef5e3811e1192ce70d8cc03d5c33592791bca1f2de4661ed88a30c99a7a9449aa8417400000000000000000000000000000000000000000000000000000000000000000000000000000000000000000000038003240144000a00030000000000000000000000000000000000000000000000000000000000000000000000000000000000000000000000000000000000000000000000000000002000000000000000000000000000000000000000000000000000000000000003200000000000000000000000000000018000000000000000cc0000000000001e7d445fe580ef8d70ff569ab36e80c647af338db351000000e0004400a4ff00000b00000000000000000000000000000000000000000000000000000000a6417ed600000000000000000000000000000000000000000000000000000000000000010000000000000000000000000000000000000000000000000000000000000000000000000000000000000000000000000000000000000000000000007bb86fc900000000000000000000000000000000000000000000000000000000000000010000000000000000000000002791bca1f2de4661ed88a30c99a7a9449aa841740000000000000000000000008f3cf7ad23cd3cadbd9735aff958023239c6a0638f3cf7ad23cd3cadbd9735aff958023239c6a0630000006000240000ff00000300000000000000000000000000000000000000000000000000000000a9059cbb0000000000000000000000006a000f20005980200259b80c5102003040001068000000000000000000000000000000000000000000000070835fb1e642d79d120000000000000000000000000000016000000000000001200000000000000893f5b509bb0909a69b1c207e495f687a596c168e1200000140008400000000000300000000000000000000000000000000000000000000000000000000c04b8d59000000000000000000000000000000000000000000000000000000000000002000000000000000000000000000000000000000000000000000000000000000a00000000000000000000000006a000f20005980200259b80c5102003040001068000000000000000000000000000000000000000000000000000000006827d12a0000000000000000000000000000000000000000000000000000000022cb3d1f000000000000000000000000000000000000000000000000000000000000000100000000000000000000000000000000000000000000000000000000000000282791bca1f2de4661ed88a30c99a7a9449aa841748f3cf7ad23cd3cadbd9735aff958023239c6a063000000000000000000000000000000000000000000000000",
      "offsets": {
        "exactAmount": {
          "__bigint__": "100"
        },
        "limitAmount": {
          "__bigint__": "132"
        },
        "quotedAmount": {
          "__bigint__": "164"
        }
      },
      "quoteDestTokenAmount": {
        "__bigint__": "3242983037118821479153"
      },
      "minDestTokenAmount": {
        "__bigint__": "3221288215253916579256"
      },
      "inputs": {
        "srcTokenAddress": "0x3c499c542cEF5E3811e1192ce70d8cC03d5c3359",
        "destTokenAddress": "0x8f3Cf7ad23Cd3CaDbD9735AFf958023239c6A063",
        "exactSrcTokenAmount": {
          "__bigint__": "3243271604"
        }
      }
    }
  }
}