{
  "blockNumber": {
    "__bigint__": "71322936"
  },
  "paraswapExactBuyQuotes": {
    "cc55ba93941c1602771857fd7c437340acda03c510442d361cfaf40952242190": {
      "blockNumber": 71323011,
      "network": 137,
      "srcToken": "0x3c499c542cef5e3811e1192ce70d8cc03d5c3359",
      "srcDecimals": 6,
      "srcAmount": "50002489",
      "destToken": "0x8f3cf7ad23cd3cadbd9735aff958023239c6a063",
      "destDecimals": 18,
      "destAmount": "50000000000000000000",
      "bestRoute": [
        {
          "percent": 100,
          "swaps": [
            {
              "srcToken": "0x3c499c542cef5e3811e1192ce70d8cc03d5c3359",
              "srcDecimals": 6,
              "destToken": "0x8f3cf7ad23cd3cadbd9735aff958023239c6a063",
              "destDecimals": 18,
              "swapExchanges": [
                {
                  "exchange": "QuickSwapV3",
                  "srcAmount": "50002489",
                  "destAmount": "50000000000000000000",
                  "percent": 100,
                  "poolAddresses": [
                    "0xbc8f3da0bd42e1f2509cd8671ce7c7e5f7fd39c8"
                  ],
                  "data": {
                    "feeOnTransfer": false,
                    "path": [
                      {
                        "tokenIn": "0x3c499c542cef5e3811e1192ce70d8cc03d5c3359",
                        "tokenOut": "0x8f3cf7ad23cd3cadbd9735aff958023239c6a063"
                      }
                    ],
                    "gasUSD": "0.000743"
                  }
                }
              ]
            }
          ]
        }
      ],
      "gasCostUSD": "0.000987",
      "gasCost": "144790",
      "side": "BUY",
      "version": "6.2",
      "contractAddress": "0x6a000f20005980200259b80c5102003040001068",
      "tokenTransferProxy": "0x6a000f20005980200259b80c5102003040001068",
      "contractMethod": "swapExactAmountOut",
      "partnerFee": 0,
      "srcUSD": "49.9974887511",
      "destUSD": "49.9977500000",
      "maxImpact": 2,
      "partner": "compound.blue",
      "maxImpactReached": false,
      "hmac": "d98d54d81879e0b586f7f7bd9ac371a7ba79183c"
    },
    "6f2971a917d07e6eeb57003970238fa8168371ef2ab86e32ba3a6dc89db43c12": {
      "blockNumber": 71323011,
      "network": 137,
      "srcToken": "0x3c499c542cef5e3811e1192ce70d8cc03d5c3359",
      "srcDecimals": 6,
      "srcAmount": "249982544",
      "destToken": "0xc2132d05d31c914a87c6611c10748aeb04b58e8f",
      "destDecimals": 6,
      "destAmount": "250000001",
      "bestRoute": [
        {
          "percent": 100,
          "swaps": [
            {
              "srcToken": "0x3c499c542cef5e3811e1192ce70d8cc03d5c3359",
              "srcDecimals": 6,
              "destToken": "0xc2132d05d31c914a87c6611c10748aeb04b58e8f",
              "destDecimals": 6,
              "swapExchanges": [
                {
                  "exchange": "QuickSwapV3",
                  "srcAmount": "249982544",
                  "destAmount": "250000001",
                  "percent": 100,
                  "poolAddresses": [
                    "0xbc8f3da0bd42e1f2509cd8671ce7c7e5f7fd39c8",
                    "0xeffa9e5e63ba18160ee26bda56b42f3368719615"
                  ],
                  "data": {
                    "feeOnTransfer": false,
                    "path": [
                      {
                        "tokenIn": "0x3c499c542cef5e3811e1192ce70d8cc03d5c3359",
                        "tokenOut": "0x8f3cf7ad23cd3cadbd9735aff958023239c6a063"
                      },
                      {
                        "tokenIn": "0x8f3cf7ad23cd3cadbd9735aff958023239c6a063",
                        "tokenOut": "0xc2132d05d31c914a87c6611c10748aeb04b58e8f"
                      }
                    ],
                    "gasUSD": "0.001490"
                  }
                }
              ]
            }
          ]
        }
      ],
      "gasCostUSD": "0.001692",
      "gasCost": "247632",
      "side": "BUY",
      "version": "6.2",
      "contractAddress": "0x6a000f20005980200259b80c5102003040001068",
      "tokenTransferProxy": "0x6a000f20005980200259b80c5102003040001068",
      "contractMethod": "swapExactAmountOut",
      "partnerFee": 0,
      "srcUSD": "249.9725446982",
      "destUSD": "249.9675009999",
      "maxImpact": 2,
      "partner": "compound.blue",
      "maxImpactReached": false,
      "hmac": "c5fd0d1ffb04996988eda07af87263d8f64688fa"
    }
  },
  "paraswapExactBuyTxPayloads": {
    "6f2971a917d07e6eeb57003970238fa8168371ef2ab86e32ba3a6dc89db43c12": {
      "augustus": "0x6A000F20005980200259B80c5102003040001068",
      "calldata": "0x7f457675000000000000000000000000a0f408a000017007015e0f00320e470d00090a5b0000000000000000000000003c499c542cef5e3811e1192ce70d8cc03d5c3359000000000000000000000000c2132d05d31c914a87c6611c10748aeb04b58e8f000000000000000000000000000000000000000000000000000000000f15468e000000000000000000000000000000000000000000000000000000000ee6b281000000000000000000000000000000000000000000000000000000000ee66e501fd8d90bd753402b87518458acd08eed00000000000000000000000004404d830000000000000000000000000000000000000000000000000000000000000000cc3e7c85bb0ee4f09380e041fee95a0caedd4a0294000000000000000000000000000000000000000000000000000000000000000000000000000000000001600000000000000000000000000000000000000000000000000000000000000180000000000000000000000000000000000000000000000000000000000000000000000000000000000000000000000000000000000000000000000000000001c0000000000000000000000000000000000000000000000000000000000000002000000000000000000000000000000000000000000000000000000000000001e00000016000000000000000000000012000000000000001480000000000002710f5b509bb0909a69b1c207e495f687a596c168e120140008400a400000000000300000000000000000000000000000000000000000000000000000000f28c0498000000000000000000000000000000000000000000000000000000000000002000000000000000000000000000000000000000000000000000000000000000a00000000000000000000000006a000f20005980200259b80c5102003040001068000000000000000000000000000000000000000000000000000000006827d0c5000000000000000000000000000000000000000000000000000000000ee6b281000000000000000000000000000000000000000000000000000000000ee66e50000000000000000000000000000000000000000000000000000000000000003cc2132d05d31c914a87c6611c10748aeb04b58e8f8f3cf7ad23cd3cadbd9735aff958023239c6a0633c499c542cef5e3811e1192ce70d8cc03d5c335900000000",
      "offsets": {
        "exactAmount": {
          "__bigint__": "132"
        },
        "limitAmount": {
          "__bigint__": "100"
        },
        "quotedAmount": {
          "__bigint__": "164"
        }
      },
      "quoteSrcTokenAmount": {
        "__bigint__": "249982544"
      },
      "maxSrcTokenAmount": {
        "__bigint__": "253052558"
      },
      "inputs": {
        "srcTokenAddress": "0x3c499c542cEF5E3811e1192ce70d8cC03d5c3359",
        "destTokenAddress": "0xc2132D05D31c914a87C6611C10748AEb04B58e8F",
        "exactDestTokenAmount": {
          "__bigint__": "250000001"
        }
      }
    },
    "cc55ba93941c1602771857fd7c437340acda03c510442d361cfaf40952242190": {
      "augustus": "0x6A000F20005980200259B80c5102003040001068",
      "calldata": "0x7f457675000000000000000000000000a0f408a000017007015e0f00320e470d00090a5b0000000000000000000000003c499c542cef5e3811e1192ce70d8cc03d5c33590000000000000000000000008f3cf7ad23cd3cadbd9735aff958023239c6a06300000000000000000000000000000000000000000000000000000000030458f5000000000000000000000000000000000000000000000002b5e3af16b18800000000000000000000000000000000000000000000000000000000000002fafa3984f2756010fe43c687b7efb00042629000000000000000000000000004404d830000000000000000000000000000000000000000000000000000000000000000cc3e7c85bb0ee4f09380e041fee95a0caedd4a0294000000000000000000000000000000000000000000000000000000000000000000000000000000000001600000000000000000000000000000000000000000000000000000000000000180000000000000000000000000000000000000000000000000000000000000000000000000000000000000000000000000000000000000000000000000000001c0000000000000000000000000000000000000000000000000000000000000002000000000000000000000000000000000000000000000000000000000000001e00000016000000000000000000000012000000000000001340000000000002710f5b509bb0909a69b1c207e495f687a596c168e120140008400a400000000000300000000000000000000000000000000000000000000000000000000f28c0498000000000000000000000000000000000000000000000000000000000000002000000000000000000000000000000000000000000000000000000000000000a00000000000000000000000006a000f20005980200259b80c5102003040001068000000000000000000000000000000000000000000000000000000006827d0c5000000000000000000000000000000000000000000000002b5e3af16b18800000000000000000000000000000000000000000000000000000000000002fafa3900000000000000000000000000000000000000000000000000000000000000288f3cf7ad23cd3cadbd9735aff958023239c6a0633c499c542cef5e3811e1192ce70d8cc03d5c3359000000000000000000000000000000000000000000000000",
      "offsets": {
        "exactAmount": {
          "__bigint__": "132"
        },
        "limitAmount": {
          "__bigint__": "100"
        },
        "quotedAmount": {
          "__bigint__": "164"
        }
      },
      "quoteSrcTokenAmount": {
        "__bigint__": "50002489"
      },
      "maxSrcTokenAmount": {
        "__bigint__": "50616565"
      },
      "inputs": {
        "srcTokenAddress": "0x3c499c542cEF5E3811e1192ce70d8cC03d5c3359",
        "destTokenAddress": "0x8f3Cf7ad23Cd3CaDbD9735AFf958023239c6A063",
        "exactDestTokenAmount": {
          "__bigint__": "50000000000000000000"
        }
      }
    }
  },
  "paraswapExactSellQuotes": {
    "a3acca2d49b7f67e3ae8da7d40947b768628436304849c7f70c216b6f6919a31": {
      "blockNumber": 71323012,
      "network": 137,
      "srcToken": "0x7ceb23fd6bc0add59e62ac25578270cff1b9f619",
      "srcDecimals": 18,
      "srcAmount": "500000000364723067",
      "destToken": "0x3c499c542cef5e3811e1192ce70d8cc03d5c3359",
      "destDecimals": 6,
      "destAmount": "1171269968",
      "bestRoute": [
        {
          "percent": 50,
          "swaps": [
            {
              "srcToken": "0x7ceb23fd6bc0add59e62ac25578270cff1b9f619",
              "srcDecimals": 18,
              "destToken": "0x3c499c542cef5e3811e1192ce70d8cc03d5c3359",
              "destDecimals": 6,
              "swapExchanges": [
                {
                  "exchange": "UniswapV3",
                  "srcAmount": "250000000182361534",
                  "destAmount": "585657252",
                  "percent": 100,
                  "poolAddresses": [
                    "0xa4d8c89f0c20efbe54cba9e7e7a7e509056228d9"
                  ],
                  "data": {
                    "path": [
                      {
                        "tokenIn": "0x7ceb23fd6bc0add59e62ac25578270cff1b9f619",
                        "tokenOut": "0x3c499c542cef5e3811e1192ce70d8cc03d5c3359",
                        "fee": "500",
                        "currentFee": "500"
                      }
                    ],
                    "gasUSD": "0.000745"
                  }
                }
              ]
            }
          ]
        },
        {
          "percent": 42,
          "swaps": [
            {
              "srcToken": "0x7ceb23fd6bc0add59e62ac25578270cff1b9f619",
              "srcDecimals": 18,
              "destToken": "0x2791bca1f2de4661ed88a30c99a7a9449aa84174",
              "destDecimals": 6,
              "swapExchanges": [
                {
                  "exchange": "DODOV2",
                  "srcAmount": "90006000065654529",
                  "destAmount": "210801280",
                  "percent": 42.86,
                  "poolAddresses": [
                    "0x4b543e89351faa242cb0172b2da0cdb52db699b4"
                  ],
                  "data": {
                    "dodoProxy": "0xa222e6a71D1A1Dd5F279805fbe38d5329C1d0e70",
                    "dodoPairs": [
                      "0x4b543e89351faa242cb0172b2da0cdb52db699b4"
                    ],
                    "directions": "0",
                    "gasUSD": "0.001367"
                  }
                },
                {
                  "exchange": "UniswapV3",
                  "srcAmount": "119994000087529159",
                  "destAmount": "281117029",
                  "percent": 57.14,
                  "poolAddresses": [
                    "0x45dda9cb7c25131df268515131f647d726f50608"
                  ],
                  "data": {
                    "path": [
                      {
                        "tokenIn": "0x7ceb23fd6bc0add59e62ac25578270cff1b9f619",
                        "tokenOut": "0x2791bca1f2de4661ed88a30c99a7a9449aa84174",
                        "fee": "500",
                        "currentFee": "500"
                      }
                    ],
                    "gasUSD": "0.000745"
                  }
                }
              ]
            },
            {
              "srcToken": "0x2791bca1f2de4661ed88a30c99a7a9449aa84174",
              "srcDecimals": 6,
              "destToken": "0x3c499c542cef5e3811e1192ce70d8cc03d5c3359",
              "destDecimals": 6,
              "swapExchanges": [
                {
                  "exchange": "QuickSwapV3",
                  "srcAmount": "491918309",
                  "destAmount": "491911137",
                  "percent": 100,
                  "poolAddresses": [
                    "0xeecb5db986c20a8c88d8332e7e252a9671565751"
                  ],
                  "data": {
                    "feeOnTransfer": false,
                    "path": [
                      {
                        "tokenIn": "0x2791bca1f2de4661ed88a30c99a7a9449aa84174",
                        "tokenOut": "0x3c499c542cef5e3811e1192ce70d8cc03d5c3359"
                      }
                    ],
                    "gasUSD": "0.000909"
                  }
                }
              ]
            }
          ]
        },
        {
          "percent": 8,
          "swaps": [
            {
              "srcToken": "0x7ceb23fd6bc0add59e62ac25578270cff1b9f619",
              "srcDecimals": 18,
              "destToken": "0xc2132d05d31c914a87c6611c10748aeb04b58e8f",
              "destDecimals": 6,
              "swapExchanges": [
                {
                  "exchange": "UniswapV3",
                  "srcAmount": "40000000029177845",
                  "destAmount": "93706532",
                  "percent": 100,
                  "poolAddresses": [
                    "0xbb98b3d2b18aef63a3178023a920971cf5f29be4"
                  ],
                  "data": {
                    "path": [
                      {
                        "tokenIn": "0x7ceb23fd6bc0add59e62ac25578270cff1b9f619",
                        "tokenOut": "0xc2132d05d31c914a87c6611c10748aeb04b58e8f",
                        "fee": "500",
                        "currentFee": "500"
                      }
                    ],
                    "gasUSD": "0.000745"
                  }
                }
              ]
            },
            {
              "srcToken": "0xc2132d05d31c914a87c6611c10748aeb04b58e8f",
              "srcDecimals": 6,
              "destToken": "0x3c499c542cef5e3811e1192ce70d8cc03d5c3359",
              "destDecimals": 6,
              "swapExchanges": [
                {
                  "exchange": "QuickSwapV3",
                  "srcAmount": "93706532",
                  "destAmount": "93701579",
                  "percent": 100,
                  "poolAddresses": [
                    "0x0e3eb2c75bd7dd0e12249d96b1321d9570764d77"
                  ],
                  "data": {
                    "feeOnTransfer": false,
                    "path": [
                      {
                        "tokenIn": "0xc2132d05d31c914a87c6611c10748aeb04b58e8f",
                        "tokenOut": "0x3c499c542cef5e3811e1192ce70d8cc03d5c3359"
                      }
                    ],
                    "gasUSD": "0.000745"
                  }
                }
              ]
            }
          ]
        }
      ],
      "gasCostUSD": "0.006102",
      "gasCost": "892857",
      "side": "SELL",
      "version": "6.2",
      "contractAddress": "0x6a000f20005980200259b80c5102003040001068",
      "tokenTransferProxy": "0x6a000f20005980200259b80c5102003040001068",
      "contractMethod": "swapExactAmountIn",
      "partnerFee": 0,
      "srcUSD": "1171.0000008542",
      "destUSD": "1171.1528410032",
      "maxImpact": 2,
      "partner": "compound.blue",
      "maxImpactReached": false,
      "hmac": "c2dfef70106e58a626dc1115eb252eb5a608d4f2"
    },
    "a3a7b76013aada86202906f558c9b6e167327d367ba0cdadf2e9f111bba1cf71": {
      "blockNumber": 71323012,
      "network": 137,
      "srcToken": "0xc2132d05d31c914a87c6611c10748aeb04b58e8f",
      "srcDecimals": 6,
      "srcAmount": "500000006",
      "destToken": "0x3c499c542cef5e3811e1192ce70d8cc03d5c3359",
      "destDecimals": 6,
      "destAmount": "499975708",
      "bestRoute": [
        {
          "percent": 100,
          "swaps": [
            {
              "srcToken": "0xc2132d05d31c914a87c6611c10748aeb04b58e8f",
              "srcDecimals": 6,
              "destToken": "0x3c499c542cef5e3811e1192ce70d8cc03d5c3359",
              "destDecimals": 6,
              "swapExchanges": [
                {
                  "exchange": "QuickSwapV3",
                  "srcAmount": "250000003",
                  "destAmount": "249986413",
                  "percent": 50,
                  "poolAddresses": [
                    "0x0e3eb2c75bd7dd0e12249d96b1321d9570764d77"
                  ],
                  "data": {
                    "feeOnTransfer": false,
                    "path": [
                      {
                        "tokenIn": "0xc2132d05d31c914a87c6611c10748aeb04b58e8f",
                        "tokenOut": "0x3c499c542cef5e3811e1192ce70d8cc03d5c3359"
                      }
                    ],
                    "gasUSD": "0.000743"
                  }
                },
                {
                  "exchange": "QuickSwapV3",
                  "srcAmount": "250000003",
                  "destAmount": "249989295",
                  "percent": 50,
                  "poolAddresses": [
                    "0x7b925e617aefd7fb3a93abe3a701135d7a1ba710",
                    "0xeecb5db986c20a8c88d8332e7e252a9671565751"
                  ],
                  "data": {
                    "feeOnTransfer": false,
                    "path": [
                      {
                        "tokenIn": "0xc2132d05d31c914a87c6611c10748aeb04b58e8f",
                        "tokenOut": "0x2791bca1f2de4661ed88a30c99a7a9449aa84174"
                      },
                      {
                        "tokenIn": "0x2791bca1f2de4661ed88a30c99a7a9449aa84174",
                        "tokenOut": "0x3c499c542cef5e3811e1192ce70d8cc03d5c3359"
                      }
                    ],
                    "gasUSD": "0.001650"
                  }
                }
              ]
            }
          ]
        }
      ],
      "gasCostUSD": "0.003238",
      "gasCost": "475004",
      "side": "SELL",
      "version": "6.2",
      "contractAddress": "0x6a000f20005980200259b80c5102003040001068",
      "tokenTransferProxy": "0x6a000f20005980200259b80c5102003040001068",
      "contractMethod": "swapExactAmountIn",
      "partnerFee": 0,
      "srcUSD": "499.9310059992",
      "destUSD": "499.9257104292",
      "maxImpact": 2,
      "partner": "compound.blue",
      "maxImpactReached": false,
      "hmac": "8d85979023cb9ce4d77a5434f03fd37e5314d51c"
    }
  },
  "paraswapExactSellTxPayloads": {
    "a3a7b76013aada86202906f558c9b6e167327d367ba0cdadf2e9f111bba1cf71": {
      "augustus": "0x6A000F20005980200259B80c5102003040001068",
      "calldata": "0xe3ead59e00000000000000000000000000c600b30fb0400701010f4b080409018b9006e0000000000000000000000000c2132d05d31c914a87c6611c10748aeb04b58e8f0000000000000000000000003c499c542cef5e3811e1192ce70d8cc03d5c3359000000000000000000000000000000000000000000000000000000001dcd6506000000000000000000000000000000000000000000000000000000001d707819000000000000000000000000000000000000000000000000000000001dcd061c74c3cc197be6440293e8bd966c22fcda00000000000000000000000004404d840000000000000000000000000000000000000000000000000000000000000000cc3e7c85bb0ee4f09380e041fee95a0caedd4a029400000000000000000000000000000000000000000000000000000000000000000000000000000000000160000000000000000000000000000000000000000000000000000000000000018000000000000000000000000000000000000000000000000000000000000000000000000000000000000000000000000000000000000000000000000000000340000000000000000000000000000000000000000000000000000000000000002000000000000000000000000000000000000000000000000000000000000003400000000000000000000000000000016000000000000001200000000000001388f5b509bb0909a69b1c207e495f687a596c168e1200000140008400000000000300000000000000000000000000000000000000000000000000000000c04b8d59000000000000000000000000000000000000000000000000000000000000002000000000000000000000000000000000000000000000000000000000000000a00000000000000000000000006a000f20005980200259b80c5102003040001068000000000000000000000000000000000000000000000000000000006827d0c5000000000000000000000000000000000000000000000000000000000ee6b28300000000000000000000000000000000000000000000000000000000000000010000000000000000000000000000000000000000000000000000000000000028c2132d05d31c914a87c6611c10748aeb04b58e8f3c499c542cef5e3811e1192ce70d8cc03d5c33590000000000000000000000000000000000000000000000000000000000000000000000000000016000000000000001200000000000001388f5b509bb0909a69b1c207e495f687a596c168e1200000140008400000000000300000000000000000000000000000000000000000000000000000000c04b8d59000000000000000000000000000000000000000000000000000000000000002000000000000000000000000000000000000000000000000000000000000000a00000000000000000000000006a000f20005980200259b80c5102003040001068000000000000000000000000000000000000000000000000000000006827d0c5000000000000000000000000000000000000000000000000000000000ee6b2830000000000000000000000000000000000000000000000000000000000000001000000000000000000000000000000000000000000000000000000000000003cc2132d05d31c914a87c6611c10748aeb04b58e8f2791bca1f2de4661ed88a30c99a7a9449aa841743c499c542cef5e3811e1192ce70d8cc03d5c335900000000",
      "offsets": {
        "exactAmount": {
          "__bigint__": "100"
        },
        "limitAmount": {
          "__bigint__": "132"
        },
        "quotedAmount": {
          "__bigint__": "164"
        }
      },
      "quoteDestTokenAmount": {
        "__bigint__": "499975708"
      },
      "minDestTokenAmount": {
        "__bigint__": "493910041"
      },
      "inputs": {
        "srcTokenAddress": "0xc2132D05D31c914a87C6611C10748AEb04B58e8F",
        "destTokenAddress": "0x3c499c542cEF5E3811e1192ce70d8cC03d5c3359",
        "exactSrcTokenAmount": {
          "__bigint__": "500000006"
        }
      }
    },
    "a3acca2d49b7f67e3ae8da7d40947b768628436304849c7f70c216b6f6919a31": {
      "augustus": "0x6A000F20005980200259B80c5102003040001068",
      "calldata": "0xe3ead59e00000000000000000000000000c600b30fb0400701010f4b080409018b9006e00000000000000000000000007ceb23fd6bc0add59e62ac25578270cff1b9f6190000000000000000000000003c499c542cef5e3811e1192ce70d8cc03d5c335900000000000000000000000000000000000000000000000006f05b59e96f3b7b0000000000000000000000000000000000000000000000000000000044f756720000000000000000000000000000000000000000000000000000000045d02950b4b98fa9fe3e4fe692aec4737ca30fe800000000000000000000000004404d840000000000000000000000000000000000000000000000000000000000000000cc3e7c85bb0ee4f09380e041fee95a0caedd4a0294000000000000000000000000000000000000000000000000000000000000000000000000000000000001600000000000000000000000000000000000000000000000000000000000000180000000000000000000000000000000000000000000000000000000000000000000000000000000000000000000000000000000000000000000000000000009c0000000000000000000000000000000000000000000000000000000000000002000000000000000000000000000000000000000000000000000000000000009c00000000000000000000000000000016000000000000001200000000000001388e592427a0aece92de3edee1f18e0157c0586156400000140008400000000000300000000000000000000000000000000000000000000000000000000c04b8d59000000000000000000000000000000000000000000000000000000000000002000000000000000000000000000000000000000000000000000000000000000a00000000000000000000000006a000f20005980200259b80c5102003040001068000000000000000000000000000000000000000000000000000000006827d0c500000000000000000000000000000000000000000000000003782dacf4b79dbe0000000000000000000000000000000000000000000000000000000000000001000000000000000000000000000000000000000000000000000000000000002b7ceb23fd6bc0add59e62ac25578270cff1b9f6190001f43c499c542cef5e3811e1192ce70d8cc03d5c33590000000000000000000000000000000000000000000000000000000000000000000000050000000000000000ec0000000000001068000000000000000000000000000000000000000000000380032400c4000a000b00000000000000000000000000000000000000000000000000000000000000000000000000000000000000000000000000000000000000000000000000000020000000000000000000000000000000000000000000000000000000000000032000000000000000000000000000000180000000000000004c00000000000010bea222e6a71d1a1dd5f279805fbe38d5329c1d0e7000000160004400240000000b00000000000000000000000000000000000000000000000000000000f87dc1b70000000000000000000000007ceb23fd6bc0add59e62ac25578270cff1b9f6190000000000000000000000002791bca1f2de4661ed88a30c99a7a9449aa84174000000000000000000000000000000000000000000000000013fc3faed912f010000000000000000000000000000000000000000000000000000000000000001000000000000000000000000000000000000000000000000000000000000010000000000000000000000000000000000000000000000000000000000000000000000000000000000000000000000000000000000000000000000000000000000ffffffffffffffffffffffffffffffffffffffffffffffffffffffffffffffff00000000000000000000000000000000000000000000000000000000000000010000000000000000000000004b543e89351faa242cb0172b2da0cdb52db699b40000000000000000000000000000016000000000000001200000000000001652e592427a0aece92de3edee1f18e0157c0586156400000140008400000000000300000000000000000000000000000000000000000000000000000000c04b8d59000000000000000000000000000000000000000000000000000000000000002000000000000000000000000000000000000000000000000000000000000000a000000000000000000000000000c600b30fb0400701010f4b080409018b9006e0000000000000000000000000000000000000000000000000000000006827d0c500000000000000000000000000000000000000000000000001aa4de8466536c70000000000000000000000000000000000000000000000000000000000000001000000000000000000000000000000000000000000000000000000000000002b7ceb23fd6bc0add59e62ac25578270cff1b9f6190001f42791bca1f2de4661ed88a30c99a7a9449aa84174000000000000000000000000000000000000000000f5b509bb0909a69b1c207e495f687a596c168e1200000140008400000000000300000000000000000000000000000000000000000000000000000000c04b8d59000000000000000000000000000000000000000000000000000000000000002000000000000000000000000000000000000000000000000000000000000000a00000000000000000000000006a000f20005980200259b80c5102003040001068000000000000000000000000000000000000000000000000000000006827d0c5000000000000000000000000000000000000000000000000000000001d5213e5000000000000000000000000000000000000000000000000000000000000000100000000000000000000000000000000000000000000000000000000000000282791bca1f2de4661ed88a30c99a7a9449aa841743c499c542cef5e3811e1192ce70d8cc03d5c3359000000000000000000000000000000000000000000000000000000000000000000000000000002c000000000000001200000000000000320e592427a0aece92de3edee1f18e0157c0586156400000140008400ef0000000b00000000000000000000000000000000000000000000000000000000c04b8d59000000000000000000000000000000000000000000000000000000000000002000000000000000000000000000000000000000000000000000000000000000a000000000000000000000000000c600b30fb0400701010f4b080409018b9006e0000000000000000000000000000000000000000000000000000000006827d0c5000000000000000000000000000000000000000000000000008e1bc9c0c137f50000000000000000000000000000000000000000000000000000000000000001000000000000000000000000000000000000000000000000000000000000002b7ceb23fd6bc0add59e62ac25578270cff1b9f6190001f4c2132d05d31c914a87c6611c10748aeb04b58e8f000000000000000000000000000000000000000000f5b509bb0909a69b1c207e495f687a596c168e1200000140008400000000000300000000000000000000000000000000000000000000000000000000c04b8d59000000000000000000000000000000000000000000000000000000000000002000000000000000000000000000000000000000000000000000000000000000a00000000000000000000000006a000f20005980200259b80c5102003040001068000000000000000000000000000000000000000000000000000000006827d0c5000000000000000000000000000000000000000000000000000000000595d92400000000000000000000000000000000000000000000000000000000000000010000000000000000000000000000000000000000000000000000000000000028c2132d05d31c914a87c6611c10748aeb04b58e8f3c499c542cef5e3811e1192ce70d8cc03d5c3359000000000000000000000000000000000000000000000000",
      "offsets": {
        "exactAmount": {
          "__bigint__": "100"
        },
        "limitAmount": {
          "__bigint__": "132"
        },
        "quotedAmount": {
          "__bigint__": "164"
        }
      },
      "quoteDestTokenAmount": {
        "__bigint__": "1171269968"
      },
      "minDestTokenAmount": {
        "__bigint__": "1157060210"
      },
      "inputs": {
        "srcTokenAddress": "0x7ceB23fD6bC0adD59E62ac25578270cFf1b9f619",
        "destTokenAddress": "0x3c499c542cEF5E3811e1192ce70d8cC03d5c3359",
        "exactSrcTokenAmount": {
          "__bigint__": "500000000364723067"
        }
      }
    }
  }
}