{
  "blockNumber": {
    "__bigint__": "71322892"
  },
  "paraswapExactBuyQuotes": {},
  "paraswapExactBuyTxPayloads": {},
  "paraswapExactSellQuotes": {
    "a3a7b76013aada86202906f558c9b6e167327d367ba0cdadf2e9f111bba1cf71": {
      "blockNumber": 71322919,
      "network": 137,
      "srcToken": "0xc2132d05d31c914a87c6611c10748aeb04b58e8f",
      "srcDecimals": 6,
      "srcAmount": "500000002",
      "destToken": "0x3c499c542cef5e3811e1192ce70d8cc03d5c3359",
      "destDecimals": 6,
      "destAmount": "499977027",
      "bestRoute": [
        {
          "percent": 100,
          "swaps": [
            {
              "srcToken": "0xc2132d05d31c914a87c6611c10748aeb04b58e8f",
              "srcDecimals": 6,
              "destToken": "0x2791bca1f2de4661ed88a30c99a7a9449aa84174",
              "destDecimals": 6,
              "swapExchanges": [
                {
                  "exchange": "CurveV1",
                  "srcAmount": "500000002",
                  "destAmount": "499975938",
                  "percent": 100,
                  "poolAddresses": [
                    "0x445fe580ef8d70ff569ab36e80c647af338db351"
                  ],
                  "data": {
                    "exchange": "0x445fe580ef8d70ff569ab36e80c647af338db351",
                    "i": 2,
                    "j": 1,
                    "underlyingSwap": true,
                    "deadline": 0,
                    "gasUSD": "0.002400"
                  }
                }
              ]
            },
            {
              "srcToken": "0x2791bca1f2de4661ed88a30c99a7a9449aa84174",
              "srcDecimals": 6,
              "destToken": "0x3c499c542cef5e3811e1192ce70d8cc03d5c3359",
              "destDecimals": 6,
              "swapExchanges": [
                {
                  "exchange": "QuickSwapV3",
                  "srcAmount": "499975938",
                  "destAmount": "499977027",
                  "percent": 100,
                  "poolAddresses": [
                    "0xeecb5db986c20a8c88d8332e7e252a9671565751"
                  ],
                  "data": {
                    "feeOnTransfer": false,
                    "path": [
                      {
                        "tokenIn": "0x2791bca1f2de4661ed88a30c99a7a9449aa84174",
                        "tokenOut": "0x3c499c542cef5e3811e1192ce70d8cc03d5c3359"
                      }
                    ],
                    "gasUSD": "0.000939"
                  }
                }
              ]
            }
          ]
        }
      ],
      "gasCostUSD": "0.003687",
      "gasCost": "522403",
      "side": "SELL",
      "version": "6.2",
      "contractAddress": "0x6a000f20005980200259b80c5102003040001068",
      "tokenTransferProxy": "0x6a000f20005980200259b80c5102003040001068",
      "contractMethod": "swapExactAmountIn",
      "partnerFee": 0,
      "srcUSD": "499.9350019997",
      "destUSD": "499.9570279189",
      "maxImpact": 2,
      "partner": "compound.blue",
      "maxImpactReached": false,
      "hmac": "d6b5585e50aa6a6105239fb39a9148bd73b09a47"
    }
  },
  "paraswapExactSellTxPayloads": {
    "a3a7b76013aada86202906f558c9b6e167327d367ba0cdadf2e9f111bba1cf71": {
      "augustus": "0x6A000F20005980200259B80c5102003040001068",
      "calldata": "0xe3ead59e000000000000000000000000000010036c0190e009a000d0fc3541100a07380a000000000000000000000000c2132d05d31c914a87c6611c10748aeb04b58e8f0000000000000000000000003c499c542cef5e3811e1192ce70d8cc03d5c3359000000000000000000000000000000000000000000000000000000001dcd6502000000000000000000000000000000000000000000000000000000001d5c4cac000000000000000000000000000000000000000000000000000000001dcd0b43edbdf1b0da664769a31eec98c3e73abe00000000000000000000000004404d270000000000000000000000000000000000000000000000000000000000000000cc3e7c85bb0ee4f09380e041fee95a0caedd4a02940000000000000000000000000000000000000000000000000000000000000000000000000000000000016000000000000000000000000000000000000000000000000000000000000001800000000000000000000000000000000000000000000000000000000000000000000000000000000000000000000000000000000000000000000000000000028000000000000000000000000000000000000000000000000000000000000000200000000000000000000000000000000000000000000000000000000000000280445fe580ef8d70ff569ab36e80c647af338db351000000c000440084ff00000b00000000000000000000000000000000000000000000000000000000a6417ed600000000000000000000000000000000000000000000000000000000000000020000000000000000000000000000000000000000000000000000000000000001000000000000000000000000000000000000000000000000000000001dcd650200000000000000000000000000000000000000000000000000000000000000010000000000000000000000002791bca1f2de4661ed88a30c99a7a9449aa84174f5b509bb0909a69b1c207e495f687a596c168e1200000140008400000000000300000000000000000000000000000000000000000000000000000000c04b8d59000000000000000000000000000000000000000000000000000000000000002000000000000000000000000000000000000000000000000000000000000000a00000000000000000000000006a000f20005980200259b80c5102003040001068000000000000000000000000000000000000000000000000000000006827d000000000000000000000000000000000000000000000000000000000001dcd0702000000000000000000000000000000000000000000000000000000000000000100000000000000000000000000000000000000000000000000000000000000282791bca1f2de4661ed88a30c99a7a9449aa841743c499c542cef5e3811e1192ce70d8cc03d5c3359000000000000000000000000000000000000000000000000",
      "offsets": {
        "exactAmount": {
          "__bigint__": "100"
        },
        "limitAmount": {
          "__bigint__": "132"
        },
        "quotedAmount": {
          "__bigint__": "164"
        }
      },
      "quoteDestTokenAmount": {
        "__bigint__": "499977027"
      },
      "minDestTokenAmount": {
        "__bigint__": "492588204"
      },
      "inputs": {
        "srcTokenAddress": "0xc2132D05D31c914a87C6611C10748AEb04B58e8F",
        "destTokenAddress": "0x3c499c542cEF5E3811e1192ce70d8cC03d5c3359",
        "exactSrcTokenAmount": {
          "__bigint__": "500000002"
        }
      }
    }
  }
}