{
  "blockNumber": {
    "__bigint__": "71452536"
  },
  "paraswapExactBuyQuotes": {},
  "paraswapExactBuyTxPayloads": {},
  "paraswapExactSellQuotes": {
    "cc55ba93941c1602771857fd7c437340acda03c510442d361cfaf40952242190": {
      "blockNumber": 71452557,
      "network": 137,
      "srcToken": "0x3c499c542cef5e3811e1192ce70d8cc03d5c3359",
      "srcDecimals": 6,
      "srcAmount": "500000000",
      "destToken": "0x8f3cf7ad23cd3cadbd9735aff958023239c6a063",
      "destDecimals": 18,
      "destAmount": "499909324840463946695",
      "bestRoute": [
        {
          "percent": 100,
          "swaps": [
            {
              "srcToken": "0x3c499c542cef5e3811e1192ce70d8cc03d5c3359",
              "srcDecimals": 6,
              "destToken": "0x8f3cf7ad23cd3cadbd9735aff958023239c6a063",
              "destDecimals": 18,
              "swapExchanges": [
                {
                  "exchange": "QuickSwapV3",
                  "srcAmount": "500000000",
                  "destAmount": "499909324840463946695",
                  "percent": 100,
                  "poolAddresses": [
                    "0xbc8f3da0bd42e1f2509cd8671ce7c7e5f7fd39c8"
                  ],
                  "data": {
                    "feeOnTransfer": false,
                    "path": [
                      {
                        "tokenIn": "0x3c499c542cef5e3811e1192ce70d8cc03d5c3359",
                        "tokenOut": "0x8f3cf7ad23cd3cadbd9735aff958023239c6a063"
                      }
                    ],
                    "gasUSD": "0.000983"
                  }
                }
              ]
            }
          ]
        }
      ],
      "gasCostUSD": "0.001423",
      "gasCost": "157740",
      "side": "SELL",
      "version": "6.2",
      "contractAddress": "0x6a000f20005980200259b80c5102003040001068",
      "tokenTransferProxy": "0x6a000f20005980200259b80c5102003040001068",
      "contractMethod": "swapExactAmountIn",
      "partnerFee": 0,
      "srcUSD": "499.9730000000",
      "destUSD": "499.9093248405",
      "maxImpact": 2,
      "partner": "compound.blue",
      "maxImpactReached": false,
      "hmac": "b5cbb3aaa7b2c526d2a79475fd0a0524ce0a0b45"
    }
  },
  "paraswapExactSellTxPayloads": {
    "cc55ba93941c1602771857fd7c437340acda03c510442d361cfaf40952242190": {
      "augustus": "0x6A000F20005980200259B80c5102003040001068",
      "calldata": "0xe3ead59e000000000000000000000000000010036c0190e009a000d0fc3541100a07380a0000000000000000000000003c499c542cef5e3811e1192ce70d8cc03d5c33590000000000000000000000008f3cf7ad23cd3cadbd9735aff958023239c6a063000000000000000000000000000000000000000000000000000000001dcd650000000000000000000000000000000000000000000000001ab31be0db3f7747af00000000000000000000000000000000000000000000001b19a2b24f2d36d3c70aafb386d40f473f8e308fdfb7e0167b0000000000000000000000000442478d0000000000000000000000000000000000000000000000000000000000000000cc3e7c85bb0ee4f09380e041fee95a0caedd4a0294000000000000000000000000000000000000000000000000000000000000000000000000000000000001600000000000000000000000000000000000000000000000000000000000000180000000000000000000000000000000000000000000000000000000000000000000000000000000000000000000000000000000000000000000000000000001a0000000000000000000000000000000000000000000000000000000000000002000000000000000000000000000000000000000000000000000000000000001a0f5b509bb0909a69b1c207e495f687a596c168e1200000140008400000000000300000000000000000000000000000000000000000000000000000000c04b8d59000000000000000000000000000000000000000000000000000000000000002000000000000000000000000000000000000000000000000000000000000000a00000000000000000000000006a000f20005980200259b80c510200304000106800000000000000000000000000000000000000000000000000000000682c07cd000000000000000000000000000000000000000000000000000000001dcd6500000000000000000000000000000000000000000000000000000000000000000100000000000000000000000000000000000000000000000000000000000000283c499c542cef5e3811e1192ce70d8cc03d5c33598f3cf7ad23cd3cadbd9735aff958023239c6a063000000000000000000000000000000000000000000000000",
      "offsets": {
        "exactAmount": {
          "__bigint__": "100"
        },
        "limitAmount": {
          "__bigint__": "132"
        },
        "quotedAmount": {
          "__bigint__": "164"
        }
      },
      "quoteDestTokenAmount": {
        "__bigint__": "499909324840463946695"
      },
      "minDestTokenAmount": {
        "__bigint__": "492521502305875871663"
      },
      "inputs": {
        "srcTokenAddress": "0x3c499c542cEF5E3811e1192ce70d8cC03d5c3359",
        "destTokenAddress": "0x8f3Cf7ad23Cd3CaDbD9735AFf958023239c6A063",
        "exactSrcTokenAmount": {
          "__bigint__": "500000000"
        }
      }
    }
  }
}