{
  "blockNumber": {
    "__bigint__": "71327070"
  },
  "paraswapExactBuyQuotes": {
    "cc55ba93941c1602771857fd7c437340acda03c510442d361cfaf40952242190": {
      "blockNumber": 71327118,
      "network": 137,
      "srcToken": "0x3c499c542cef5e3811e1192ce70d8cc03d5c3359",
      "srcDecimals": 6,
      "srcAmount": "2000859153",
      "destToken": "0x8f3cf7ad23cd3cadbd9735aff958023239c6a063",
      "destDecimals": 18,
      "destAmount": "2000600000000000000001",
      "bestRoute": [
        {
          "percent": 100,
          "swaps": [
            {
              "srcToken": "0x3c499c542cef5e3811e1192ce70d8cc03d5c3359",
              "srcDecimals": 6,
              "destToken": "0x8f3cf7ad23cd3cadbd9735aff958023239c6a063",
              "destDecimals": 18,
              "swapExchanges": [
                {
                  "exchange": "QuickSwapV3",
                  "srcAmount": "1440619731",
                  "destAmount": "1440432000000000000001",
                  "percent": 72,
                  "poolAddresses": [
                    "0xbc8f3da0bd42e1f2509cd8671ce7c7e5f7fd39c8"
                  ],
                  "data": {
                    "feeOnTransfer": false,
                    "path": [
                      {
                        "tokenIn": "0x3c499c542cef5e3811e1192ce70d8cc03d5c3359",
                        "tokenOut": "0x8f3cf7ad23cd3cadbd9735aff958023239c6a063"
                      }
                    ],
                    "gasUSD": "0.000798"
                  }
                },
                {
                  "exchange": "QuickSwapV3",
                  "srcAmount": "360152707",
                  "destAmount": "360108000000000000000",
                  "percent": 18,
                  "poolAddresses": [
                    "0xeecb5db986c20a8c88d8332e7e252a9671565751",
                    "0xe7e0eb9f6bcccfe847fdf62a3628319a092f11a2"
                  ],
                  "data": {
                    "feeOnTransfer": false,
                    "path": [
                      {
                        "tokenIn": "0x3c499c542cef5e3811e1192ce70d8cc03d5c3359",
                        "tokenOut": "0x2791bca1f2de4661ed88a30c99a7a9449aa84174"
                      },
                      {
                        "tokenIn": "0x2791bca1f2de4661ed88a30c99a7a9449aa84174",
                        "tokenOut": "0x8f3cf7ad23cd3cadbd9735aff958023239c6a063"
                      }
                    ],
                    "gasUSD": "0.001596"
                  }
                },
                {
                  "exchange": "QuickSwapV3",
                  "srcAmount": "200086715",
                  "destAmount": "200060000000000000000",
                  "percent": 10,
                  "poolAddresses": [
                    "0x0e3eb2c75bd7dd0e12249d96b1321d9570764d77",
                    "0xeffa9e5e63ba18160ee26bda56b42f3368719615"
                  ],
                  "data": {
                    "feeOnTransfer": false,
                    "path": [
                      {
                        "tokenIn": "0x3c499c542cef5e3811e1192ce70d8cc03d5c3359",
                        "tokenOut": "0xc2132d05d31c914a87c6611c10748aeb04b58e8f"
                      },
                      {
                        "tokenIn": "0xc2132d05d31c914a87c6611c10748aeb04b58e8f",
                        "tokenOut": "0x8f3cf7ad23cd3cadbd9735aff958023239c6a063"
                      }
                    ],
                    "gasUSD": "0.001596"
                  }
                }
              ]
            }
          ]
        }
      ],
      "gasCostUSD": "0.004178",
      "gasCost": "570441",
      "side": "BUY",
      "version": "6.2",
      "contractAddress": "0x6a000f20005980200259b80c5102003040001068",
      "tokenTransferProxy": "0x6a000f20005980200259b80c5102003040001068",
      "contractMethod": "swapExactAmountOut",
      "partnerFee": 0,
      "srcUSD": "2000.8451469859",
      "destUSD": "2000.6000000000",
      "maxImpact": 2,
      "partner": "compound.blue",
      "maxImpactReached": false,
      "hmac": "9d5f0b7be9a592a50e262f0e687e05233a4bcc6f"
    },
    "6f2971a917d07e6eeb57003970238fa8168371ef2ab86e32ba3a6dc89db43c12": {
      "blockNumber": 71327118,
      "network": 137,
      "srcToken": "0x3c499c542cef5e3811e1192ce70d8cc03d5c3359",
      "srcDecimals": 6,
      "srcAmount": "500171748",
      "destToken": "0xc2132d05d31c914a87c6611c10748aeb04b58e8f",
      "destDecimals": 6,
      "destAmount": "500150001",
      "bestRoute": [
        {
          "percent": 100,
          "swaps": [
            {
              "srcToken": "0x3c499c542cef5e3811e1192ce70d8cc03d5c3359",
              "srcDecimals": 6,
              "destToken": "0xc2132d05d31c914a87c6611c10748aeb04b58e8f",
              "destDecimals": 6,
              "swapExchanges": [
                {
                  "exchange": "QuickSwapV3",
                  "srcAmount": "500171748",
                  "destAmount": "500150001",
                  "percent": 100,
                  "poolAddresses": [
                    "0x0e3eb2c75bd7dd0e12249d96b1321d9570764d77"
                  ],
                  "data": {
                    "feeOnTransfer": false,
                    "path": [
                      {
                        "tokenIn": "0x3c499c542cef5e3811e1192ce70d8cc03d5c3359",
                        "tokenOut": "0xc2132d05d31c914a87c6611c10748aeb04b58e8f"
                      }
                    ],
                    "gasUSD": "0.000798"
                  }
                }
              ]
            }
          ]
        }
      ],
      "gasCostUSD": "0.001016",
      "gasCost": "138712",
      "side": "BUY",
      "version": "6.2",
      "contractAddress": "0x6a000f20005980200259b80c5102003040001068",
      "tokenTransferProxy": "0x6a000f20005980200259b80c5102003040001068",
      "contractMethod": "swapExactAmountOut",
      "partnerFee": 0,
      "srcUSD": "500.1682467978",
      "destUSD": "500.1500010000",
      "maxImpact": 2,
      "partner": "compound.blue",
      "maxImpactReached": false,
      "hmac": "833db01f26a5cc5c8cfe78c0a8d55a81720d2e01"
    }
  },
  "paraswapExactBuyTxPayloads": {
    "6f2971a917d07e6eeb57003970238fa8168371ef2ab86e32ba3a6dc89db43c12": {
      "augustus": "0x6A000F20005980200259B80c5102003040001068",
      "calldata": "0x7f457675000000000000000000000000a0f408a000017007015e0f00320e470d00090a5b0000000000000000000000003c499c542cef5e3811e1192ce70d8cc03d5c3359000000000000000000000000c2132d05d31c914a87c6611c10748aeb04b58e8f000000000000000000000000000000000000000000000000000000001dfeccd9000000000000000000000000000000000000000000000000000000001dcfaef1000000000000000000000000000000000000000000000000000000001dd003e47d3ec92f9791490da1e567720a1a5a7700000000000000000000000004405d8e0000000000000000000000000000000000000000000000000000000000000000cc3e7c85bb0ee4f09380e041fee95a0caedd4a0294000000000000000000000000000000000000000000000000000000000000000000000000000000000001600000000000000000000000000000000000000000000000000000000000000180000000000000000000000000000000000000000000000000000000000000000000000000000000000000000000000000000000000000000000000000000001c0000000000000000000000000000000000000000000000000000000000000002000000000000000000000000000000000000000000000000000000000000001e00000016000000000000000000000012000000000000001340000000000002710f5b509bb0909a69b1c207e495f687a596c168e120140008400a400000000000300000000000000000000000000000000000000000000000000000000f28c0498000000000000000000000000000000000000000000000000000000000000002000000000000000000000000000000000000000000000000000000000000000a00000000000000000000000006a000f20005980200259b80c5102003040001068000000000000000000000000000000000000000000000000000000006827f2fd000000000000000000000000000000000000000000000000000000001dcfaef1000000000000000000000000000000000000000000000000000000001dd003e40000000000000000000000000000000000000000000000000000000000000028c2132d05d31c914a87c6611c10748aeb04b58e8f3c499c542cef5e3811e1192ce70d8cc03d5c3359000000000000000000000000000000000000000000000000",
      "offsets": {
        "exactAmount": {
          "__bigint__": "132"
        },
        "limitAmount": {
          "__bigint__": "100"
        },
        "quotedAmount": {
          "__bigint__": "164"
        }
      },
      "quoteSrcTokenAmount": {
        "__bigint__": "500171748"
      },
      "maxSrcTokenAmount": {
        "__bigint__": "503237849"
      },
      "inputs": {
        "srcTokenAddress": "0x3c499c542cEF5E3811e1192ce70d8cC03d5c3359",
        "destTokenAddress": "0xc2132D05D31c914a87C6611C10748AEb04B58e8F",
        "exactDestTokenAmount": {
          "__bigint__": "500150001"
        }
      }
    },
    "cc55ba93941c1602771857fd7c437340acda03c510442d361cfaf40952242190": {
      "augustus": "0x6A000F20005980200259B80c5102003040001068",
      "calldata": "0x7f457675000000000000000000000000a0f408a000017007015e0f00320e470d00090a5b0000000000000000000000003c499c542cef5e3811e1192ce70d8cc03d5c33590000000000000000000000008f3cf7ad23cd3cadbd9735aff958023239c6a0630000000000000000000000000000000000000000000000000000000077fdd80700000000000000000000000000000000000000000000006c73e6fc5dee7c0001000000000000000000000000000000000000000000000000000000007742b01151f09dd1765e4c7c951a9605f2c87be100000000000000000000000004405d8e0000000000000000000000000000000000000000000000000000000000000000cc3e7c85bb0ee4f09380e041fee95a0caedd4a0294000000000000000000000000000000000000000000000000000000000000000000000000000000000001600000000000000000000000000000000000000000000000000000000000000180000000000000000000000000000000000000000000000000000000000000000000000000000000000000000000000000000000000000000000000000000004c0000000000000000000000000000000000000000000000000000000000000002000000000000000000000000000000000000000000000000000000000000004e00000016000000000000000000000012000000000000001340000000000001c20f5b509bb0909a69b1c207e495f687a596c168e120140008400a400000000000300000000000000000000000000000000000000000000000000000000f28c0498000000000000000000000000000000000000000000000000000000000000002000000000000000000000000000000000000000000000000000000000000000a00000000000000000000000006a000f20005980200259b80c5102003040001068000000000000000000000000000000000000000000000000000000006827f2fd00000000000000000000000000000000000000000000004e16027843a17800010000000000000000000000000000000000000000000000000000000055de1cd300000000000000000000000000000000000000000000000000000000000000288f3cf7ad23cd3cadbd9735aff958023239c6a0633c499c542cef5e3811e1192ce70d8cc03d5c33590000000000000000000000000000000000000000000000000000016000000000000000000000012000000000000001480000000000000708f5b509bb0909a69b1c207e495f687a596c168e120140008400a400000000000300000000000000000000000000000000000000000000000000000000f28c0498000000000000000000000000000000000000000000000000000000000000002000000000000000000000000000000000000000000000000000000000000000a00000000000000000000000006a000f20005980200259b80c5102003040001068000000000000000000000000000000000000000000000000000000006827f2fd00000000000000000000000000000000000000000000001385809e10e85e00000000000000000000000000000000000000000000000000000000000015777e83000000000000000000000000000000000000000000000000000000000000003c8f3cf7ad23cd3cadbd9735aff958023239c6a0632791bca1f2de4661ed88a30c99a7a9449aa841743c499c542cef5e3811e1192ce70d8cc03d5c33590000000000000160000000000000000000000120000000000000014800000000000003e8f5b509bb0909a69b1c207e495f687a596c168e120140008400a400000000000300000000000000000000000000000000000000000000000000000000f28c0498000000000000000000000000000000000000000000000000000000000000002000000000000000000000000000000000000000000000000000000000000000a00000000000000000000000006a000f20005980200259b80c5102003040001068000000000000000000000000000000000000000000000000000000006827f2fd00000000000000000000000000000000000000000000000ad863e60964a60000000000000000000000000000000000000000000000000000000000000bed14bb000000000000000000000000000000000000000000000000000000000000003c8f3cf7ad23cd3cadbd9735aff958023239c6a063c2132d05d31c914a87c6611c10748aeb04b58e8f3c499c542cef5e3811e1192ce70d8cc03d5c335900000000",
      "offsets": {
        "exactAmount": {
          "__bigint__": "132"
        },
        "limitAmount": {
          "__bigint__": "100"
        },
        "quotedAmount": {
          "__bigint__": "164"
        }
      },
      "quoteSrcTokenAmount": {
        "__bigint__": "2000859153"
      },
      "maxSrcTokenAmount": {
        "__bigint__": "2013124615"
      },
      "inputs": {
        "srcTokenAddress": "0x3c499c542cEF5E3811e1192ce70d8cC03d5c3359",
        "destTokenAddress": "0x8f3Cf7ad23Cd3CaDbD9735AFf958023239c6A063",
        "exactDestTokenAmount": {
          "__bigint__": "2000600000000000000001"
        }
      }
    }
  },
  "paraswapExactSellQuotes": {
    "a3acca2d49b7f67e3ae8da7d40947b768628436304849c7f70c216b6f6919a31": {
      "blockNumber": 71327118,
      "network": 137,
      "srcToken": "0x7ceb23fd6bc0add59e62ac25578270cff1b9f619",
      "srcDecimals": 18,
      "srcAmount": "1000000000726603061",
      "destToken": "0x3c499c542cef5e3811e1192ce70d8cc03d5c3359",
      "destDecimals": 6,
      "destAmount": "2336160410",
      "bestRoute": [
        {
          "percent": 32,
          "swaps": [
            {
              "srcToken": "0x7ceb23fd6bc0add59e62ac25578270cff1b9f619",
              "srcDecimals": 18,
              "destToken": "0x3c499c542cef5e3811e1192ce70d8cc03d5c3359",
              "destDecimals": 6,
              "swapExchanges": [
                {
                  "exchange": "UniswapV3",
                  "srcAmount": "320000000232512980",
                  "destAmount": "747599762",
                  "percent": 100,
                  "poolAddresses": [
                    "0xa4d8c89f0c20efbe54cba9e7e7a7e509056228d9"
                  ],
                  "data": {
                    "path": [
                      {
                        "tokenIn": "0x7ceb23fd6bc0add59e62ac25578270cff1b9f619",
                        "tokenOut": "0x3c499c542cef5e3811e1192ce70d8cc03d5c3359",
                        "fee": "500",
                        "currentFee": "500"
                      }
                    ],
                    "gasUSD": "0.000974"
                  }
                }
              ]
            }
          ]
        },
        {
          "percent": 64,
          "swaps": [
            {
              "srcToken": "0x7ceb23fd6bc0add59e62ac25578270cff1b9f619",
              "srcDecimals": 18,
              "destToken": "0x2791bca1f2de4661ed88a30c99a7a9449aa84174",
              "destDecimals": 6,
              "swapExchanges": [
                {
                  "exchange": "DODOV2",
                  "srcAmount": "80000000058128245",
                  "destAmount": "186871196",
                  "percent": 12.5,
                  "poolAddresses": [
                    "0x4b543e89351faa242cb0172b2da0cdb52db699b4"
                  ],
                  "data": {
                    "dodoProxy": "0xa222e6a71D1A1Dd5F279805fbe38d5329C1d0e70",
                    "dodoPairs": [
                      "0x4b543e89351faa242cb0172b2da0cdb52db699b4"
                    ],
                    "directions": "0",
                    "gasUSD": "0.001465"
                  }
                },
                {
                  "exchange": "CurveV2",
                  "srcAmount": "200000000145320612",
                  "destAmount": "467234911",
                  "percent": 31.25,
                  "poolAddresses": [
                    "0x1d8b86e3D88cDb2d34688e87E72F388Cb541B7C8"
                  ],
                  "data": {
                    "i": 4,
                    "j": 1,
                    "exchange": "0x1d8b86e3D88cDb2d34688e87E72F388Cb541B7C8",
                    "originalPoolAddress": "0x92215849c439e1f8612b6646060b4e3e5ef822cc",
                    "swapType": 1,
                    "gasUSD": "0.002564"
                  }
                },
                {
                  "exchange": "CurveV2",
                  "srcAmount": "200000000145320612",
                  "destAmount": "467234911",
                  "percent": 31.25,
                  "poolAddresses": [
                    "0x3d8EADb739D1Ef95dd53D718e4810721837c69c1"
                  ],
                  "data": {
                    "i": 5,
                    "j": 2,
                    "exchange": "0x3d8EADb739D1Ef95dd53D718e4810721837c69c1",
                    "originalPoolAddress": "0xc7c939A474CB10EB837894D1ed1a77C61B268Fa7",
                    "swapType": 2,
                    "gasUSD": "0.002564"
                  }
                },
                {
                  "exchange": "UniswapV3",
                  "srcAmount": "160000000116256490",
                  "destAmount": "373822129",
                  "percent": 25,
                  "poolAddresses": [
                    "0x45dda9cb7c25131df268515131f647d726f50608"
                  ],
                  "data": {
                    "path": [
                      {
                        "tokenIn": "0x7ceb23fd6bc0add59e62ac25578270cff1b9f619",
                        "tokenOut": "0x2791bca1f2de4661ed88a30c99a7a9449aa84174",
                        "fee": "500",
                        "currentFee": "500"
                      }
                    ],
                    "gasUSD": "0.000974"
                  }
                }
              ]
            },
            {
              "srcToken": "0x2791bca1f2de4661ed88a30c99a7a9449aa84174",
              "srcDecimals": 6,
              "destToken": "0x3c499c542cef5e3811e1192ce70d8cc03d5c3359",
              "destDecimals": 6,
              "swapExchanges": [
                {
                  "exchange": "QuickSwapV3",
                  "srcAmount": "1495163147",
                  "destAmount": "1495118778",
                  "percent": 100,
                  "poolAddresses": [
                    "0xeecb5db986c20a8c88d8332e7e252a9671565751"
                  ],
                  "data": {
                    "feeOnTransfer": false,
                    "path": [
                      {
                        "tokenIn": "0x2791bca1f2de4661ed88a30c99a7a9449aa84174",
                        "tokenOut": "0x3c499c542cef5e3811e1192ce70d8cc03d5c3359"
                      }
                    ],
                    "gasUSD": "0.000974"
                  }
                }
              ]
            }
          ]
        },
        {
          "percent": 4,
          "swaps": [
            {
              "srcToken": "0x7ceb23fd6bc0add59e62ac25578270cff1b9f619",
              "srcDecimals": 18,
              "destToken": "0xc2132d05d31c914a87c6611c10748aeb04b58e8f",
              "destDecimals": 6,
              "swapExchanges": [
                {
                  "exchange": "UniswapV3",
                  "srcAmount": "40000000029064122",
                  "destAmount": "93440220",
                  "percent": 100,
                  "poolAddresses": [
                    "0xbb98b3d2b18aef63a3178023a920971cf5f29be4"
                  ],
                  "data": {
                    "path": [
                      {
                        "tokenIn": "0x7ceb23fd6bc0add59e62ac25578270cff1b9f619",
                        "tokenOut": "0xc2132d05d31c914a87c6611c10748aeb04b58e8f",
                        "fee": "500",
                        "currentFee": "500"
                      }
                    ],
                    "gasUSD": "0.000798"
                  }
                }
              ]
            },
            {
              "srcToken": "0xc2132d05d31c914a87c6611c10748aeb04b58e8f",
              "srcDecimals": 6,
              "destToken": "0x3c499c542cef5e3811e1192ce70d8cc03d5c3359",
              "destDecimals": 6,
              "swapExchanges": [
                {
                  "exchange": "QuickSwapV3",
                  "srcAmount": "93440220",
                  "destAmount": "93441870",
                  "percent": 100,
                  "poolAddresses": [
                    "0x0e3eb2c75bd7dd0e12249d96b1321d9570764d77"
                  ],
                  "data": {
                    "feeOnTransfer": false,
                    "path": [
                      {
                        "tokenIn": "0xc2132d05d31c914a87c6611c10748aeb04b58e8f",
                        "tokenOut": "0x3c499c542cef5e3811e1192ce70d8cc03d5c3359"
                      }
                    ],
                    "gasUSD": "0.000798"
                  }
                }
              ]
            }
          ]
        }
      ],
      "gasCostUSD": "0.012016",
      "gasCost": "1640518",
      "side": "SELL",
      "version": "6.2",
      "contractAddress": "0x6a000f20005980200259b80c5102003040001068",
      "tokenTransferProxy": "0x6a000f20005980200259b80c5102003040001068",
      "contractMethod": "swapExactAmountIn",
      "partnerFee": 0,
      "srcUSD": "2339.5800016999",
      "destUSD": "2336.1440568771",
      "maxImpact": 2,
      "partner": "compound.blue",
      "maxImpactReached": false,
      "hmac": "d4ec524d3cfc0d51ad98c9c9b2f46150e45fe492"
    },
    "a3a7b76013aada86202906f558c9b6e167327d367ba0cdadf2e9f111bba1cf71": {
      "blockNumber": 71327119,
      "network": 137,
      "srcToken": "0xc2132d05d31c914a87c6611c10748aeb04b58e8f",
      "srcDecimals": 6,
      "srcAmount": "2000000017",
      "destToken": "0x3c499c542cef5e3811e1192ce70d8cc03d5c3359",
      "destDecimals": 6,
      "destAmount": "2000007259",
      "bestRoute": [
        {
          "percent": 100,
          "swaps": [
            {
              "srcToken": "0xc2132d05d31c914a87c6611c10748aeb04b58e8f",
              "srcDecimals": 6,
              "destToken": "0x3c499c542cef5e3811e1192ce70d8cc03d5c3359",
              "destDecimals": 6,
              "swapExchanges": [
                {
                  "exchange": "QuickSwapV3",
                  "srcAmount": "1560000013",
                  "destAmount": "1560005160",
                  "percent": 78,
                  "poolAddresses": [
                    "0x0e3eb2c75bd7dd0e12249d96b1321d9570764d77"
                  ],
                  "data": {
                    "feeOnTransfer": false,
                    "path": [
                      {
                        "tokenIn": "0xc2132d05d31c914a87c6611c10748aeb04b58e8f",
                        "tokenOut": "0x3c499c542cef5e3811e1192ce70d8cc03d5c3359"
                      }
                    ],
                    "gasUSD": "0.000974"
                  }
                },
                {
                  "exchange": "QuickSwapV3",
                  "srcAmount": "280000003",
                  "destAmount": "280002190",
                  "percent": 14,
                  "poolAddresses": [
                    "0x7b925e617aefd7fb3a93abe3a701135d7a1ba710",
                    "0xeecb5db986c20a8c88d8332e7e252a9671565751"
                  ],
                  "data": {
                    "feeOnTransfer": false,
                    "path": [
                      {
                        "tokenIn": "0xc2132d05d31c914a87c6611c10748aeb04b58e8f",
                        "tokenOut": "0x2791bca1f2de4661ed88a30c99a7a9449aa84174"
                      },
                      {
                        "tokenIn": "0x2791bca1f2de4661ed88a30c99a7a9449aa84174",
                        "tokenOut": "0x3c499c542cef5e3811e1192ce70d8cc03d5c3359"
                      }
                    ],
                    "gasUSD": "0.001772"
                  }
                },
                {
                  "exchange": "QuickSwapV3",
                  "srcAmount": "160000001",
                  "destAmount": "159999909",
                  "percent": 8,
                  "poolAddresses": [
                    "0xeffa9e5e63ba18160ee26bda56b42f3368719615",
                    "0xbc8f3da0bd42e1f2509cd8671ce7c7e5f7fd39c8"
                  ],
                  "data": {
                    "feeOnTransfer": false,
                    "path": [
                      {
                        "tokenIn": "0xc2132d05d31c914a87c6611c10748aeb04b58e8f",
                        "tokenOut": "0x8f3cf7ad23cd3cadbd9735aff958023239c6a063"
                      },
                      {
                        "tokenIn": "0x8f3cf7ad23cd3cadbd9735aff958023239c6a063",
                        "tokenOut": "0x3c499c542cef5e3811e1192ce70d8cc03d5c3359"
                      }
                    ],
                    "gasUSD": "0.001596"
                  }
                }
              ]
            }
          ]
        }
      ],
      "gasCostUSD": "0.005249",
      "gasCost": "716669",
      "side": "SELL",
      "version": "6.2",
      "contractAddress": "0x6a000f20005980200259b80c5102003040001068",
      "tokenTransferProxy": "0x6a000f20005980200259b80c5102003040001068",
      "contractMethod": "swapExactAmountIn",
      "partnerFee": 0,
      "srcUSD": "2000.0000170000",
      "destUSD": "1999.9932589492",
      "maxImpact": 2,
      "partner": "compound.blue",
      "maxImpactReached": false,
      "hmac": "d4bdf2e09e8c89af167ee3091a174b632d9cff43"
    }
  },
  "paraswapExactSellTxPayloads": {
    "a3a7b76013aada86202906f558c9b6e167327d367ba0cdadf2e9f111bba1cf71": {
      "augustus": "0x6A000F20005980200259B80c5102003040001068",
      "calldata": "0xe3ead59e00000000000000000000000000c600b30fb0400701010f4b080409018b9006e0000000000000000000000000c2132d05d31c914a87c6611c10748aeb04b58e8f0000000000000000000000003c499c542cef5e3811e1192ce70d8cc03d5c3359000000000000000000000000000000000000000000000000000000007735941100000000000000000000000000000000000000000000000000000000767bc095000000000000000000000000000000000000000000000000000000007735b05b446f677823da48c4bcdd7b04969adf9c00000000000000000000000004405d8f0000000000000000000000000000000000000000000000000000000000000000cc3e7c85bb0ee4f09380e041fee95a0caedd4a0294000000000000000000000000000000000000000000000000000000000000000000000000000000000001600000000000000000000000000000000000000000000000000000000000000180000000000000000000000000000000000000000000000000000000000000000000000000000000000000000000000000000000000000000000000000000004c0000000000000000000000000000000000000000000000000000000000000002000000000000000000000000000000000000000000000000000000000000004c00000000000000000000000000000016000000000000001200000000000001e78f5b509bb0909a69b1c207e495f687a596c168e1200000140008400000000000300000000000000000000000000000000000000000000000000000000c04b8d59000000000000000000000000000000000000000000000000000000000000002000000000000000000000000000000000000000000000000000000000000000a00000000000000000000000006a000f20005980200259b80c5102003040001068000000000000000000000000000000000000000000000000000000006827f2fd000000000000000000000000000000000000000000000000000000005cfbb60d00000000000000000000000000000000000000000000000000000000000000010000000000000000000000000000000000000000000000000000000000000028c2132d05d31c914a87c6611c10748aeb04b58e8f3c499c542cef5e3811e1192ce70d8cc03d5c33590000000000000000000000000000000000000000000000000000000000000000000000000000016000000000000001200000000000000578f5b509bb0909a69b1c207e495f687a596c168e1200000140008400000000000300000000000000000000000000000000000000000000000000000000c04b8d59000000000000000000000000000000000000000000000000000000000000002000000000000000000000000000000000000000000000000000000000000000a00000000000000000000000006a000f20005980200259b80c5102003040001068000000000000000000000000000000000000000000000000000000006827f2fd0000000000000000000000000000000000000000000000000000000010b076030000000000000000000000000000000000000000000000000000000000000001000000000000000000000000000000000000000000000000000000000000003cc2132d05d31c914a87c6611c10748aeb04b58e8f2791bca1f2de4661ed88a30c99a7a9449aa841743c499c542cef5e3811e1192ce70d8cc03d5c3359000000000000000000000000000000000000016000000000000001200000000000000320f5b509bb0909a69b1c207e495f687a596c168e1200000140008400000000000300000000000000000000000000000000000000000000000000000000c04b8d59000000000000000000000000000000000000000000000000000000000000002000000000000000000000000000000000000000000000000000000000000000a00000000000000000000000006a000f20005980200259b80c5102003040001068000000000000000000000000000000000000000000000000000000006827f2fd00000000000000000000000000000000000000000000000000000000098968010000000000000000000000000000000000000000000000000000000000000001000000000000000000000000000000000000000000000000000000000000003cc2132d05d31c914a87c6611c10748aeb04b58e8f8f3cf7ad23cd3cadbd9735aff958023239c6a0633c499c542cef5e3811e1192ce70d8cc03d5c335900000000",
      "offsets": {
        "exactAmount": {
          "__bigint__": "100"
        },
        "limitAmount": {
          "__bigint__": "132"
        },
        "quotedAmount": {
          "__bigint__": "164"
        }
      },
      "quoteDestTokenAmount": {
        "__bigint__": "2000007259"
      },
      "minDestTokenAmount": {
        "__bigint__": "1987821717"
      },
      "inputs": {
        "srcTokenAddress": "0xc2132D05D31c914a87C6611C10748AEb04B58e8F",
        "destTokenAddress": "0x3c499c542cEF5E3811e1192ce70d8cC03d5c3359",
        "exactSrcTokenAmount": {
          "__bigint__": "2000000017"
        }
      }
    },
    "a3acca2d49b7f67e3ae8da7d40947b768628436304849c7f70c216b6f6919a31": {
      "augustus": "0x6A000F20005980200259B80c5102003040001068",
      "calldata": "0xe3ead59e00000000000000000000000000c600b30fb0400701010f4b080409018b9006e00000000000000000000000007ceb23fd6bc0add59e62ac25578270cff1b9f6190000000000000000000000003c499c542cef5e3811e1192ce70d8cc03d5c33590000000000000000000000000000000000000000000000000de0b6b3d2b31535000000000000000000000000000000000000000000000000000000008a65ca74000000000000000000000000000000000000000000000000000000008b3efa9a57b22daea8e6454c8f626a1392edee0700000000000000000000000004405d8e0000000000000000000000000000000000000000000000000000000000000000cc3e7c85bb0ee4f09380e041fee95a0caedd4a029400000000000000000000000000000000000000000000000000000000000000000000000000000000000160000000000000000000000000000000000000000000000000000000000000018000000000000000000000000000000000000000000000000000000000000000000000000000000000000000000000000000000000000000000000000000000c2000000000000000000000000000000000000000000000000000000000000000200000000000000000000000000000000000000000000000000000000000000c200000000000000000000000000000016000000000000001200000000000000c80e592427a0aece92de3edee1f18e0157c0586156400000140008400000000000300000000000000000000000000000000000000000000000000000000c04b8d59000000000000000000000000000000000000000000000000000000000000002000000000000000000000000000000000000000000000000000000000000000a00000000000000000000000006a000f20005980200259b80c5102003040001068000000000000000000000000000000000000000000000000000000006827f2fd0000000000000000000000000000000000000000000000000470de4e05fbddd40000000000000000000000000000000000000000000000000000000000000001000000000000000000000000000000000000000000000000000000000000002b7ceb23fd6bc0add59e62ac25578270cff1b9f6190001f43c499c542cef5e3811e1192ce70d8cc03d5c33590000000000000000000000000000000000000000000000000000000000000000000000076000000000000000ec00000000000019000000000000000000000000000000000000000000000005e0058400c4000a000b00000000000000000000000000000000000000000000000000000000000000000000000000000000000000000000000000000000000000000000000000000020000000000000000000000000000000000000000000000000000000000000058000000000000000000000000000000180000000000000004c00000000000004e2a222e6a71d1a1dd5f279805fbe38d5329c1d0e7000000160004400240000000b00000000000000000000000000000000000000000000000000000000f87dc1b70000000000000000000000007ceb23fd6bc0add59e62ac25578270cff1b9f6190000000000000000000000002791bca1f2de4661ed88a30c99a7a9449aa84174000000000000000000000000000000000000000000000000011c3793817ef7750000000000000000000000000000000000000000000000000000000000000001000000000000000000000000000000000000000000000000000000000000010000000000000000000000000000000000000000000000000000000000000000000000000000000000000000000000000000000000000000000000000000000000ffffffffffffffffffffffffffffffffffffffffffffffffffffffffffffffff00000000000000000000000000000000000000000000000000000000000000010000000000000000000000004b543e89351faa242cb0172b2da0cdb52db699b40000000000000000000000000000010000000000000000cc0000000000000c351d8b86e3d88cdb2d34688e87e72f388cb541b7c8000000e0004400a4ff00000b0000000000000000000000000000000000000000000000000000000065b2489b0000000000000000000000000000000000000000000000000000000000000004000000000000000000000000000000000000000000000000000000000000000100000000000000000000000000000000000000000000000002c68af0c3bd6aa400000000000000000000000000000000000000000000000000000000000000010000000000000000000000007ceb23fd6bc0add59e62ac25578270cff1b9f6190000000000000000000000002791bca1f2de4661ed88a30c99a7a9449aa841740000000000000000000000000000012000000000000000ec0000000000000c353d8eadb739d1ef95dd53d718e4810721837c69c100000100006400c4ff00000b0000000000000000000000000000000000000000000000000000000064a14558000000000000000000000000c7c939a474cb10eb837894d1ed1a77c61b268fa70000000000000000000000000000000000000000000000000000000000000005000000000000000000000000000000000000000000000000000000000000000200000000000000000000000000000000000000000000000002c68af0c3bd6aa400000000000000000000000000000000000000000000000000000000000000010000000000000000000000007ceb23fd6bc0add59e62ac25578270cff1b9f6190000000000000000000000002791bca1f2de4661ed88a30c99a7a9449aa8417400000000000000000000000000000160000000000000012000000000000009c4e592427a0aece92de3edee1f18e0157c0586156400000140008400000000000300000000000000000000000000000000000000000000000000000000c04b8d59000000000000000000000000000000000000000000000000000000000000002000000000000000000000000000000000000000000000000000000000000000a000000000000000000000000000c600b30fb0400701010f4b080409018b9006e0000000000000000000000000000000000000000000000000000000006827f2fd00000000000000000000000000000000000000000000000002386f2702fdeeea0000000000000000000000000000000000000000000000000000000000000001000000000000000000000000000000000000000000000000000000000000002b7ceb23fd6bc0add59e62ac25578270cff1b9f6190001f42791bca1f2de4661ed88a30c99a7a9449aa84174000000000000000000000000000000000000000000f5b509bb0909a69b1c207e495f687a596c168e1200000140008400000000000300000000000000000000000000000000000000000000000000000000c04b8d59000000000000000000000000000000000000000000000000000000000000002000000000000000000000000000000000000000000000000000000000000000a00000000000000000000000006a000f20005980200259b80c5102003040001068000000000000000000000000000000000000000000000000000000006827f2fd00000000000000000000000000000000000000000000000000000000591e610b000000000000000000000000000000000000000000000000000000000000000100000000000000000000000000000000000000000000000000000000000000282791bca1f2de4661ed88a30c99a7a9449aa841743c499c542cef5e3811e1192ce70d8cc03d5c3359000000000000000000000000000000000000000000000000000000000000000000000000000002c000000000000001200000000000000190e592427a0aece92de3edee1f18e0157c0586156400000140008400ef0000000b00000000000000000000000000000000000000000000000000000000c04b8d59000000000000000000000000000000000000000000000000000000000000002000000000000000000000000000000000000000000000000000000000000000a000000000000000000000000000c600b30fb0400701010f4b080409018b9006e0000000000000000000000000000000000000000000000000000000006827f2fd000000000000000000000000000000000000000000000000008e1bc9c0bf7bba0000000000000000000000000000000000000000000000000000000000000001000000000000000000000000000000000000000000000000000000000000002b7ceb23fd6bc0add59e62ac25578270cff1b9f6190001f4c2132d05d31c914a87c6611c10748aeb04b58e8f000000000000000000000000000000000000000000f5b509bb0909a69b1c207e495f687a596c168e1200000140008400000000000300000000000000000000000000000000000000000000000000000000c04b8d59000000000000000000000000000000000000000000000000000000000000002000000000000000000000000000000000000000000000000000000000000000a00000000000000000000000006a000f20005980200259b80c5102003040001068000000000000000000000000000000000000000000000000000000006827f2fd000000000000000000000000000000000000000000000000000000000591c8dc00000000000000000000000000000000000000000000000000000000000000010000000000000000000000000000000000000000000000000000000000000028c2132d05d31c914a87c6611c10748aeb04b58e8f3c499c542cef5e3811e1192ce70d8cc03d5c3359000000000000000000000000000000000000000000000000",
      "offsets": {
        "exactAmount": {
          "__bigint__": "100"
        },
        "limitAmount": {
          "__bigint__": "132"
        },
        "quotedAmount": {
          "__bigint__": "164"
        }
      },
      "quoteDestTokenAmount": {
        "__bigint__": "2336160410"
      },
      "minDestTokenAmount": {
        "__bigint__": "2321926772"
      },
      "inputs": {
        "srcTokenAddress": "0x7ceB23fD6bC0adD59E62ac25578270cFf1b9f619",
        "destTokenAddress": "0x3c499c542cEF5E3811e1192ce70d8cC03d5c3359",
        "exactSrcTokenAmount": {
          "__bigint__": "1000000000726603061"
        }
      }
    }
  }
}