{
  "blockNumber": {
    "__bigint__": "71322892"
  },
  "paraswapExactBuyQuotes": {},
  "paraswapExactBuyTxPayloads": {},
  "paraswapExactSellQuotes": {
    "6f2971a917d07e6eeb57003970238fa8168371ef2ab86e32ba3a6dc89db43c12": {
      "blockNumber": 71322914,
      "network": 137,
      "srcToken": "0x3c499c542cef5e3811e1192ce70d8cc03d5c3359",
      "srcDecimals": 6,
      "srcAmount": "500000000",
      "destToken": "0xc2132d05d31c914a87c6611c10748aeb04b58e8f",
      "destDecimals": 6,
      "destAmount": "500025534",
      "bestRoute": [
        {
          "percent": 100,
          "swaps": [
            {
              "srcToken": "0x3c499c542cef5e3811e1192ce70d8cc03d5c3359",
              "srcDecimals": 6,
              "destToken": "0xc2132d05d31c914a87c6611c10748aeb04b58e8f",
              "destDecimals": 6,
              "swapExchanges": [
                {
                  "exchange": "QuickSwapV3",
                  "srcAmount": "500000000",
                  "destAmount": "500025534",
                  "percent": 100,
                  "poolAddresses": [
                    "0x0e3eb2c75bd7dd0e12249d96b1321d9570764d77"
                  ],
                  "data": {
                    "feeOnTransfer": false,
                    "path": [
                      {
                        "tokenIn": "0x3c499c542cef5e3811e1192ce70d8cc03d5c3359",
                        "tokenOut": "0xc2132d05d31c914a87c6611c10748aeb04b58e8f"
                      }
                    ],
                    "gasUSD": "0.000771"
                  }
                }
              ]
            }
          ]
        }
      ],
      "gasCostUSD": "0.001114",
      "gasCost": "157576",
      "side": "SELL",
      "version": "6.2",
      "contractAddress": "0x6a000f20005980200259b80c5102003040001068",
      "tokenTransferProxy": "0x6a000f20005980200259b80c5102003040001068",
      "contractMethod": "swapExactAmountIn",
      "partnerFee": 0,
      "srcUSD": "499.9980000000",
      "destUSD": "500.0035328765",
      "maxImpact": 2,
      "partner": "compound.blue",
      "maxImpactReached": false,
      "hmac": "03336d77365d97b6f00ce70e1f639f37a47e3dd6"
    }
  },
  "paraswapExactSellTxPayloads": {
    "6f2971a917d07e6eeb57003970238fa8168371ef2ab86e32ba3a6dc89db43c12": {
      "augustus": "0x6A000F20005980200259B80c5102003040001068",
      "calldata": "0xe3ead59e000000000000000000000000000010036c0190e009a000d0fc3541100a07380a0000000000000000000000003c499c542cef5e3811e1192ce70d8cc03d5c3359000000000000000000000000c2132d05d31c914a87c6611c10748aeb04b58e8f000000000000000000000000000000000000000000000000000000001dcd6500000000000000000000000000000000000000000000000000000000001d5d075b000000000000000000000000000000000000000000000000000000001dcdc8be48f5a39442bd4f4987f9a0661feb556400000000000000000000000004404d220000000000000000000000000000000000000000000000000000000000000000cc3e7c85bb0ee4f09380e041fee95a0caedd4a0294000000000000000000000000000000000000000000000000000000000000000000000000000000000001600000000000000000000000000000000000000000000000000000000000000180000000000000000000000000000000000000000000000000000000000000000000000000000000000000000000000000000000000000000000000000000001a0000000000000000000000000000000000000000000000000000000000000002000000000000000000000000000000000000000000000000000000000000001a0f5b509bb0909a69b1c207e495f687a596c168e1200000140008400000000000300000000000000000000000000000000000000000000000000000000c04b8d59000000000000000000000000000000000000000000000000000000000000002000000000000000000000000000000000000000000000000000000000000000a00000000000000000000000006a000f20005980200259b80c5102003040001068000000000000000000000000000000000000000000000000000000006827cff7000000000000000000000000000000000000000000000000000000001dcd6500000000000000000000000000000000000000000000000000000000000000000100000000000000000000000000000000000000000000000000000000000000283c499c542cef5e3811e1192ce70d8cc03d5c3359c2132d05d31c914a87c6611c10748aeb04b58e8f000000000000000000000000000000000000000000000000",
      "offsets": {
        "exactAmount": {
          "__bigint__": "100"
        },
        "limitAmount": {
          "__bigint__": "132"
        },
        "quotedAmount": {
          "__bigint__": "164"
        }
      },
      "quoteDestTokenAmount": {
        "__bigint__": "500025534"
      },
      "minDestTokenAmount": {
        "__bigint__": "492635995"
      },
      "inputs": {
        "srcTokenAddress": "0x3c499c542cEF5E3811e1192ce70d8cC03d5c3359",
        "destTokenAddress": "0xc2132D05D31c914a87C6611C10748AEb04B58e8F",
        "exactSrcTokenAmount": {
          "__bigint__": "500000000"
        }
      }
    }
  }
}