{
  "blockNumber": {
    "__bigint__": "71322936"
  },
  "paraswapExactBuyQuotes": {
    "6f2971a917d07e6eeb57003970238fa8168371ef2ab86e32ba3a6dc89db43c12": {
      "blockNumber": 71323045,
      "network": 137,
      "srcToken": "0x3c499c542cef5e3811e1192ce70d8cc03d5c3359",
      "srcDecimals": 6,
      "srcAmount": "500144981",
      "destToken": "0xc2132d05d31c914a87c6611c10748aeb04b58e8f",
      "destDecimals": 6,
      "destAmount": "500150003",
      "bestRoute": [
        {
          "percent": 100,
          "swaps": [
            {
              "srcToken": "0x3c499c542cef5e3811e1192ce70d8cc03d5c3359",
              "srcDecimals": 6,
              "destToken": "0xc2132d05d31c914a87c6611c10748aeb04b58e8f",
              "destDecimals": 6,
              "swapExchanges": [
                {
                  "exchange": "QuickSwapV3",
                  "srcAmount": "120036614",
                  "destAmount": "120036001",
                  "percent": 24,
                  "poolAddresses": [
                    "0x0e3eb2c75bd7dd0e12249d96b1321d9570764d77"
                  ],
                  "data": {
                    "feeOnTransfer": false,
                    "path": [
                      {
                        "tokenIn": "0x3c499c542cef5e3811e1192ce70d8cc03d5c3359",
                        "tokenOut": "0xc2132d05d31c914a87c6611c10748aeb04b58e8f"
                      }
                    ],
                    "gasUSD": "0.000743"
                  }
                },
                {
                  "exchange": "QuickSwapV3",
                  "srcAmount": "380108367",
                  "destAmount": "380114002",
                  "percent": 76,
                  "poolAddresses": [
                    "0xeecb5db986c20a8c88d8332e7e252a9671565751",
                    "0x7b925e617aefd7fb3a93abe3a701135d7a1ba710"
                  ],
                  "data": {
                    "feeOnTransfer": false,
                    "path": [
                      {
                        "tokenIn": "0x3c499c542cef5e3811e1192ce70d8cc03d5c3359",
                        "tokenOut": "0x2791bca1f2de4661ed88a30c99a7a9449aa84174"
                      },
                      {
                        "tokenIn": "0x2791bca1f2de4661ed88a30c99a7a9449aa84174",
                        "tokenOut": "0xc2132d05d31c914a87c6611c10748aeb04b58e8f"
                      }
                    ],
                    "gasUSD": "0.001486"
                  }
                }
              ]
            }
          ]
        }
      ],
      "gasCostUSD": "0.002432",
      "gasCost": "356767",
      "side": "BUY",
      "version": "6.2",
      "contractAddress": "0x6a000f20005980200259b80c5102003040001068",
      "tokenTransferProxy": "0x6a000f20005980200259b80c5102003040001068",
      "contractMethod": "swapExactAmountOut",
      "partnerFee": 0,
      "srcUSD": "500.0949665019",
      "destUSD": "500.0809822996",
      "maxImpact": 2,
      "partner": "compound.blue",
      "maxImpactReached": false,
      "hmac": "cb0993eed1edebc0470c418f4efa8bc5ca48d542"
    },
    "cc55ba93941c1602771857fd7c437340acda03c510442d361cfaf40952242190": {
      "blockNumber": 71323045,
      "network": 137,
      "srcToken": "0x3c499c542cef5e3811e1192ce70d8cc03d5c3359",
      "srcDecimals": 6,
      "srcAmount": "100037244",
      "destToken": "0x8f3cf7ad23cd3cadbd9735aff958023239c6a063",
      "destDecimals": 18,
      "destAmount": "100030000000000000000",
      "bestRoute": [
        {
          "percent": 100,
          "swaps": [
            {
              "srcToken": "0x3c499c542cef5e3811e1192ce70d8cc03d5c3359",
              "srcDecimals": 6,
              "destToken": "0x8f3cf7ad23cd3cadbd9735aff958023239c6a063",
              "destDecimals": 18,
              "swapExchanges": [
                {
                  "exchange": "QuickSwapV3",
                  "srcAmount": "100037244",
                  "destAmount": "100030000000000000000",
                  "percent": 100,
                  "poolAddresses": [
                    "0xeecb5db986c20a8c88d8332e7e252a9671565751",
                    "0xe7e0eb9f6bcccfe847fdf62a3628319a092f11a2"
                  ],
                  "data": {
                    "feeOnTransfer": false,
                    "path": [
                      {
                        "tokenIn": "0x3c499c542cef5e3811e1192ce70d8cc03d5c3359",
                        "tokenOut": "0x2791bca1f2de4661ed88a30c99a7a9449aa84174"
                      },
                      {
                        "tokenIn": "0x2791bca1f2de4661ed88a30c99a7a9449aa84174",
                        "tokenOut": "0x8f3cf7ad23cd3cadbd9735aff958023239c6a063"
                      }
                    ],
                    "gasUSD": "0.001488"
                  }
                }
              ]
            }
          ]
        }
      ],
      "gasCostUSD": "0.001732",
      "gasCost": "253645",
      "side": "BUY",
      "version": "6.2",
      "contractAddress": "0x6a000f20005980200259b80c5102003040001068",
      "tokenTransferProxy": "0x6a000f20005980200259b80c5102003040001068",
      "contractMethod": "swapExactAmountOut",
      "partnerFee": 0,
      "srcUSD": "100.0272402756",
      "destUSD": "100.0254986500",
      "maxImpact": 2,
      "partner": "compound.blue",
      "maxImpactReached": false,
      "hmac": "b34a00e52483194970338e5684c52e0c68ebd07e"
    }
  },
  "paraswapExactBuyTxPayloads": {
    "cc55ba93941c1602771857fd7c437340acda03c510442d361cfaf40952242190": {
      "augustus": "0x6A000F20005980200259B80c5102003040001068",
      "calldata": "0x7f457675000000000000000000000000a0f408a000017007015e0f00320e470d00090a5b0000000000000000000000003c499c542cef5e3811e1192ce70d8cc03d5c33590000000000000000000000008f3cf7ad23cd3cadbd9735aff958023239c6a06300000000000000000000000000000000000000000000000000000000060931040000000000000000000000000000000000000000000000056c31f304b25300000000000000000000000000000000000000000000000000000000000005f6727cb1a2ee3bc62b4660b88a5512122e828600000000000000000000000004404da50000000000000000000000000000000000000000000000000000000000000000cc3e7c85bb0ee4f09380e041fee95a0caedd4a0294000000000000000000000000000000000000000000000000000000000000000000000000000000000001600000000000000000000000000000000000000000000000000000000000000180000000000000000000000000000000000000000000000000000000000000000000000000000000000000000000000000000000000000000000000000000001c0000000000000000000000000000000000000000000000000000000000000002000000000000000000000000000000000000000000000000000000000000001e00000016000000000000000000000012000000000000001480000000000002710f5b509bb0909a69b1c207e495f687a596c168e120140008400a400000000000300000000000000000000000000000000000000000000000000000000f28c0498000000000000000000000000000000000000000000000000000000000000002000000000000000000000000000000000000000000000000000000000000000a00000000000000000000000006a000f20005980200259b80c5102003040001068000000000000000000000000000000000000000000000000000000006827d10c0000000000000000000000000000000000000000000000056c31f304b25300000000000000000000000000000000000000000000000000000000000005f6727c000000000000000000000000000000000000000000000000000000000000003c8f3cf7ad23cd3cadbd9735aff958023239c6a0632791bca1f2de4661ed88a30c99a7a9449aa841743c499c542cef5e3811e1192ce70d8cc03d5c335900000000",
      "offsets": {
        "exactAmount": {
          "__bigint__": "132"
        },
        "limitAmount": {
          "__bigint__": "100"
        },
        "quotedAmount": {
          "__bigint__": "164"
        }
      },
      "quoteSrcTokenAmount": {
        "__bigint__": "100037244"
      },
      "maxSrcTokenAmount": {
        "__bigint__": "101265668"
      },
      "inputs": {
        "srcTokenAddress": "0x3c499c542cEF5E3811e1192ce70d8cC03d5c3359",
        "destTokenAddress": "0x8f3Cf7ad23Cd3CaDbD9735AFf958023239c6A063",
        "exactDestTokenAmount": {
          "__bigint__": "100030000000000000000"
        }
      }
    },
    "6f2971a917d07e6eeb57003970238fa8168371ef2ab86e32ba3a6dc89db43c12": {
      "augustus": "0x6A000F20005980200259B80c5102003040001068",
      "calldata": "0x7f457675000000000000000000000000a0f408a000017007015e0f00320e470d00090a5b0000000000000000000000003c499c542cef5e3811e1192ce70d8cc03d5c3359000000000000000000000000c2132d05d31c914a87c6611c10748aeb04b58e8f000000000000000000000000000000000000000000000000000000001e2d5203000000000000000000000000000000000000000000000000000000001dcfaef3000000000000000000000000000000000000000000000000000000001dcf9b55fe905490cbbe4ce2a2c71bb954d6dcc400000000000000000000000004404da50000000000000000000000000000000000000000000000000000000000000000cc3e7c85bb0ee4f09380e041fee95a0caedd4a029400000000000000000000000000000000000000000000000000000000000000000000000000000000000160000000000000000000000000000000000000000000000000000000000000018000000000000000000000000000000000000000000000000000000000000000000000000000000000000000000000000000000000000000000000000000000340000000000000000000000000000000000000000000000000000000000000002000000000000000000000000000000000000000000000000000000000000003600000016000000000000000000000012000000000000001340000000000000960f5b509bb0909a69b1c207e495f687a596c168e120140008400a400000000000300000000000000000000000000000000000000000000000000000000f28c0498000000000000000000000000000000000000000000000000000000000000002000000000000000000000000000000000000000000000000000000000000000a00000000000000000000000006a000f20005980200259b80c5102003040001068000000000000000000000000000000000000000000000000000000006827d10c0000000000000000000000000000000000000000000000000000000007279aa10000000000000000000000000000000000000000000000000000000007279d060000000000000000000000000000000000000000000000000000000000000028c2132d05d31c914a87c6611c10748aeb04b58e8f3c499c542cef5e3811e1192ce70d8cc03d5c33590000000000000000000000000000000000000000000000000000016000000000000000000000012000000000000001480000000000001db0f5b509bb0909a69b1c207e495f687a596c168e120140008400a400000000000300000000000000000000000000000000000000000000000000000000f28c0498000000000000000000000000000000000000000000000000000000000000002000000000000000000000000000000000000000000000000000000000000000a00000000000000000000000006a000f20005980200259b80c5102003040001068000000000000000000000000000000000000000000000000000000006827d10c0000000000000000000000000000000000000000000000000000000016a814520000000000000000000000000000000000000000000000000000000016a7fe4f000000000000000000000000000000000000000000000000000000000000003cc2132d05d31c914a87c6611c10748aeb04b58e8f2791bca1f2de4661ed88a30c99a7a9449aa841743c499c542cef5e3811e1192ce70d8cc03d5c335900000000",
      "offsets": {
        "exactAmount": {
          "__bigint__": "132"
        },
        "limitAmount": {
          "__bigint__": "100"
        },
        "quotedAmount": {
          "__bigint__": "164"
        }
      },
      "quoteSrcTokenAmount": {
        "__bigint__": "500144981"
      },
      "maxSrcTokenAmount": {
        "__bigint__": "506286595"
      },
      "inputs": {
        "srcTokenAddress": "0x3c499c542cEF5E3811e1192ce70d8cC03d5c3359",
        "destTokenAddress": "0xc2132D05D31c914a87C6611C10748AEb04B58e8F",
        "exactDestTokenAmount": {
          "__bigint__": "500150003"
        }
      }
    }
  },
  "paraswapExactSellQuotes": {
    "a3acca2d49b7f67e3ae8da7d40947b768628436304849c7f70c216b6f6919a31": {
      "blockNumber": 71323045,
      "network": 137,
      "srcToken": "0x7ceb23fd6bc0add59e62ac25578270cff1b9f619",
      "srcDecimals": 18,
      "srcAmount": "1000000000729446134",
      "destToken": "0x3c499c542cef5e3811e1192ce70d8cc03d5c3359",
      "destDecimals": 6,
      "destAmount": "2343702360",
      "bestRoute": [
        {
          "percent": 52,
          "swaps": [
            {
              "srcToken": "0x7ceb23fd6bc0add59e62ac25578270cff1b9f619",
              "srcDecimals": 18,
              "destToken": "0x3c499c542cef5e3811e1192ce70d8cc03d5c3359",
              "destDecimals": 6,
              "swapExchanges": [
                {
                  "exchange": "UniswapV3",
                  "srcAmount": "139984000102110788",
                  "destAmount": "328127445",
                  "percent": 26.92,
                  "poolAddresses": [
                    "0xa4d8c89f0c20efbe54cba9e7e7a7e509056228d9"
                  ],
                  "data": {
                    "path": [
                      {
                        "tokenIn": "0x7ceb23fd6bc0add59e62ac25578270cff1b9f619",
                        "tokenOut": "0x3c499c542cef5e3811e1192ce70d8cc03d5c3359",
                        "fee": "500",
                        "currentFee": "500"
                      }
                    ],
                    "gasUSD": "0.000908"
                  }
                },
                {
                  "exchange": "WooFiV2",
                  "srcAmount": "380016000277201202",
                  "destAmount": "890547628",
                  "percent": 73.08,
                  "poolAddresses": [
                    "0x5520385bfcf07ec87c4c53a7d8d65595dff69fa4"
                  ],
                  "data": {
                    "gasUSD": "0.001086"
                  }
                }
              ]
            }
          ]
        },
        {
          "percent": 48,
          "swaps": [
            {
              "srcToken": "0x7ceb23fd6bc0add59e62ac25578270cff1b9f619",
              "srcDecimals": 18,
              "destToken": "0x2791bca1f2de4661ed88a30c99a7a9449aa84174",
              "destDecimals": 6,
              "swapExchanges": [
                {
                  "exchange": "CurveV2",
                  "srcAmount": "199968000145865884",
                  "destAmount": "468767000",
                  "percent": 41.66,
                  "poolAddresses": [
                    "0x1d8b86e3D88cDb2d34688e87E72F388Cb541B7C8"
                  ],
                  "data": {
                    "i": 4,
                    "j": 1,
                    "exchange": "0x1d8b86e3D88cDb2d34688e87E72F388Cb541B7C8",
                    "originalPoolAddress": "0x92215849c439e1f8612b6646060b4e3e5ef822cc",
                    "swapType": 1,
                    "gasUSD": "0.002390"
                  }
                },
                {
                  "exchange": "CurveV2",
                  "srcAmount": "200016000145900898",
                  "destAmount": "468767000",
                  "percent": 41.67,
                  "poolAddresses": [
                    "0x3d8EADb739D1Ef95dd53D718e4810721837c69c1"
                  ],
                  "data": {
                    "i": 5,
                    "j": 2,
                    "exchange": "0x3d8EADb739D1Ef95dd53D718e4810721837c69c1",
                    "originalPoolAddress": "0xc7c939A474CB10EB837894D1ed1a77C61B268Fa7",
                    "swapType": 2,
                    "gasUSD": "0.002390"
                  }
                },
                {
                  "exchange": "UniswapV3",
                  "srcAmount": "80016000058367362",
                  "destAmount": "187515506",
                  "percent": 16.67,
                  "poolAddresses": [
                    "0x45dda9cb7c25131df268515131f647d726f50608"
                  ],
                  "data": {
                    "path": [
                      {
                        "tokenIn": "0x7ceb23fd6bc0add59e62ac25578270cff1b9f619",
                        "tokenOut": "0x2791bca1f2de4661ed88a30c99a7a9449aa84174",
                        "fee": "500",
                        "currentFee": "500"
                      }
                    ],
                    "gasUSD": "0.000908"
                  }
                }
              ]
            },
            {
              "srcToken": "0x2791bca1f2de4661ed88a30c99a7a9449aa84174",
              "srcDecimals": 6,
              "destToken": "0x3c499c542cef5e3811e1192ce70d8cc03d5c3359",
              "destDecimals": 6,
              "swapExchanges": [
                {
                  "exchange": "QuickSwapV3",
                  "srcAmount": "1125049506",
                  "destAmount": "1125027287",
                  "percent": 100,
                  "poolAddresses": [
                    "0xeecb5db986c20a8c88d8332e7e252a9671565751"
                  ],
                  "data": {
                    "feeOnTransfer": false,
                    "path": [
                      {
                        "tokenIn": "0x2791bca1f2de4661ed88a30c99a7a9449aa84174",
                        "tokenOut": "0x3c499c542cef5e3811e1192ce70d8cc03d5c3359"
                      }
                    ],
                    "gasUSD": "0.000908"
                  }
                }
              ]
            }
          ]
        }
      ],
      "gasCostUSD": "0.009435",
      "gasCost": "1381594",
      "side": "SELL",
      "version": "6.2",
      "contractAddress": "0x6a000f20005980200259b80c5102003040001068",
      "tokenTransferProxy": "0x6a000f20005980200259b80c5102003040001068",
      "contractMethod": "swapExactAmountIn",
      "partnerFee": 0,
      "srcUSD": "2342.0000017084",
      "destUSD": "2343.4679897640",
      "maxImpact": 2,
      "partner": "compound.blue",
      "maxImpactReached": false,
      "hmac": "34af9a4651492defc2a06d313c9767168a2bc741"
    },
    "a3a7b76013aada86202906f558c9b6e167327d367ba0cdadf2e9f111bba1cf71": {
      "blockNumber": 71323045,
      "network": 137,
      "srcToken": "0xc2132d05d31c914a87c6611c10748aeb04b58e8f",
      "srcDecimals": 6,
      "srcAmount": "1000000012",
      "destToken": "0x3c499c542cef5e3811e1192ce70d8cc03d5c3359",
      "destDecimals": 6,
      "destAmount": "999974118",
      "bestRoute": [
        {
          "percent": 100,
          "swaps": [
            {
              "srcToken": "0xc2132d05d31c914a87c6611c10748aeb04b58e8f",
              "srcDecimals": 6,
              "destToken": "0x3c499c542cef5e3811e1192ce70d8cc03d5c3359",
              "destDecimals": 6,
              "swapExchanges": [
                {
                  "exchange": "QuickSwapV3",
                  "srcAmount": "1000000012",
                  "destAmount": "999974118",
                  "percent": 100,
                  "poolAddresses": [
                    "0x0e3eb2c75bd7dd0e12249d96b1321d9570764d77"
                  ],
                  "data": {
                    "feeOnTransfer": false,
                    "path": [
                      {
                        "tokenIn": "0xc2132d05d31c914a87c6611c10748aeb04b58e8f",
                        "tokenOut": "0x3c499c542cef5e3811e1192ce70d8cc03d5c3359"
                      }
                    ],
                    "gasUSD": "0.000744"
                  }
                }
              ]
            }
          ]
        }
      ],
      "gasCostUSD": "0.001076",
      "gasCost": "157545",
      "side": "SELL",
      "version": "6.2",
      "contractAddress": "0x6a000f20005980200259b80c5102003040001068",
      "tokenTransferProxy": "0x6a000f20005980200259b80c5102003040001068",
      "contractMethod": "swapExactAmountIn",
      "partnerFee": 0,
      "srcUSD": "999.8620119983",
      "destUSD": "999.8741205882",
      "maxImpact": 2,
      "partner": "compound.blue",
      "maxImpactReached": false,
      "hmac": "ae4fc9f29984236d2b6e3d88a00fe09dd88d28e2"
    }
  },
  "paraswapExactSellTxPayloads": {
    "a3a7b76013aada86202906f558c9b6e167327d367ba0cdadf2e9f111bba1cf71": {
      "augustus": "0x6A000F20005980200259B80c5102003040001068",
      "calldata": "0xe3ead59e000000000000000000000000000010036c0190e009a000d0fc3541100a07380a000000000000000000000000c2132d05d31c914a87c6611c10748aeb04b58e8f0000000000000000000000003c499c542cef5e3811e1192ce70d8cc03d5c3359000000000000000000000000000000000000000000000000000000003b9aca0c000000000000000000000000000000000000000000000000000000003ae14c8e000000000000000000000000000000000000000000000000000000003b9a64e629208b3360f147b7be19c6b860dbc7b500000000000000000000000004404da50000000000000000000000000000000000000000000000000000000000000000cc3e7c85bb0ee4f09380e041fee95a0caedd4a0294000000000000000000000000000000000000000000000000000000000000000000000000000000000001600000000000000000000000000000000000000000000000000000000000000180000000000000000000000000000000000000000000000000000000000000000000000000000000000000000000000000000000000000000000000000000001a0000000000000000000000000000000000000000000000000000000000000002000000000000000000000000000000000000000000000000000000000000001a0f5b509bb0909a69b1c207e495f687a596c168e1200000140008400000000000300000000000000000000000000000000000000000000000000000000c04b8d59000000000000000000000000000000000000000000000000000000000000002000000000000000000000000000000000000000000000000000000000000000a00000000000000000000000006a000f20005980200259b80c5102003040001068000000000000000000000000000000000000000000000000000000006827d10c000000000000000000000000000000000000000000000000000000003b9aca0c00000000000000000000000000000000000000000000000000000000000000010000000000000000000000000000000000000000000000000000000000000028c2132d05d31c914a87c6611c10748aeb04b58e8f3c499c542cef5e3811e1192ce70d8cc03d5c3359000000000000000000000000000000000000000000000000",
      "offsets": {
        "exactAmount": {
          "__bigint__": "100"
        },
        "limitAmount": {
          "__bigint__": "132"
        },
        "quotedAmount": {
          "__bigint__": "164"
        }
      },
      "quoteDestTokenAmount": {
        "__bigint__": "999974118"
      },
      "minDestTokenAmount": {
        "__bigint__": "987843726"
      },
      "inputs": {
        "srcTokenAddress": "0xc2132D05D31c914a87C6611C10748AEb04B58e8F",
        "destTokenAddress": "0x3c499c542cEF5E3811e1192ce70d8cC03d5c3359",
        "exactSrcTokenAmount": {
          "__bigint__": "1000000012"
        }
      }
    },
    "a3acca2d49b7f67e3ae8da7d40947b768628436304849c7f70c216b6f6919a31": {
      "augustus": "0x6A000F20005980200259B80c5102003040001068",
      "calldata": "0xe3ead59e00000000000000000000000000c600b30fb0400701010f4b080409018b9006e00000000000000000000000007ceb23fd6bc0add59e62ac25578270cff1b9f6190000000000000000000000003c499c542cef5e3811e1192ce70d8cc03d5c33590000000000000000000000000000000000000000000000000de0b6b3d2de76f6000000000000000000000000000000000000000000000000000000008a003dab000000000000000000000000000000000000000000000000000000008bb20f58b9d25bff4b0a4884b27afd7bc53ceaa000000000000000000000000004404da50000000000000000000000000000000000000000000000000000000000000000cc3e7c85bb0ee4f09380e041fee95a0caedd4a0294000000000000000000000000000000000000000000000000000000000000000000000000000000000001600000000000000000000000000000000000000000000000000000000000000180000000000000000000000000000000000000000000000000000000000000000000000000000000000000000000000000000000000000000000000000000009e0000000000000000000000000000000000000000000000000000000000000002000000000000000000000000000000000000000000000000000000000000009e0000000000000000000000000000003a000000000000001c000000000000014500000000000000000000000000000000000000000000003800324018f000a00030000000000000000000000000000000000000000000000000000000000000000000000000000000000000000000000000000000000000000000000000000002000000000000000000000000000000000000000000000000000000000000003200000000000000000000000000000016000000000000001200000000000000a84e592427a0aece92de3edee1f18e0157c0586156400000140008400000000000300000000000000000000000000000000000000000000000000000000c04b8d59000000000000000000000000000000000000000000000000000000000000002000000000000000000000000000000000000000000000000000000000000000a00000000000000000000000006a000f20005980200259b80c5102003040001068000000000000000000000000000000000000000000000000000000006827d10c00000000000000000000000000000000000000000000000001f152b4d85316440000000000000000000000000000000000000000000000000000000000000001000000000000000000000000000000000000000000000000000000000000002b7ceb23fd6bc0add59e62ac25578270cff1b9f6190001f43c499c542cef5e3811e1192ce70d8cc03d5c33590000000000000000000000000000000000000000000000000000000000000000000000018000000000000000000000000000001c8c7ceb23fd6bc0add59e62ac25578270cff1b9f6190000006000240000ff00000300000000000000000000000000000000000000000000000000000000a9059cbb0000000000000000000000005520385bfcf07ec87c4c53a7d8d65595dff69fa400000000000000000000000000000000000000000000000005461689f17cc1325520385bfcf07ec87c4c53a7d8d65595dff69fa4000000e00044000000000003000000000000000000000000000000000000000000000000000000007dc203820000000000000000000000007ceb23fd6bc0add59e62ac25578270cff1b9f6190000000000000000000000003c499c542cef5e3811e1192ce70d8cc03d5c335900000000000000000000000000000000000000000000000005461689f17cc13200000000000000000000000000000000000000000000000000000000000000010000000000000000000000006a000f20005980200259b80c5102003040001068000000000000000000000000d5b927956057075377263aab7f8afc12f85100db000000000000000000000000000005c0000000000000016c00000000000012c000000000000000000000000000000000000000000000044003e40144000a000b0000000000000000000000000000000000000000000000000000000000000000000000000000000000000000000000000000000000000000000000000000002000000000000000000000000000000000000000000000000000000000000003e00000000000000000000000000000010000000000000000cc00000000000010461d8b86e3d88cdb2d34688e87e72f388cb541b7c8000000e0004400a4ff00000b0000000000000000000000000000000000000000000000000000000065b2489b0000000000000000000000000000000000000000000000000000000000000004000000000000000000000000000000000000000000000000000000000000000100000000000000000000000000000000000000000000000002c66dd62f23bc9c00000000000000000000000000000000000000000000000000000000000000010000000000000000000000007ceb23fd6bc0add59e62ac25578270cff1b9f6190000000000000000000000002791bca1f2de4661ed88a30c99a7a9449aa841740000000000000000000000000000012000000000000000ec00000000000010473d8eadb739d1ef95dd53d718e4810721837c69c100000100006400c4ff00000b0000000000000000000000000000000000000000000000000000000064a14558000000000000000000000000c7c939a474cb10eb837894d1ed1a77c61b268fa70000000000000000000000000000000000000000000000000000000000000005000000000000000000000000000000000000000000000000000000000000000200000000000000000000000000000000000000000000000002c6997e0e17456200000000000000000000000000000000000000000000000000000000000000010000000000000000000000007ceb23fd6bc0add59e62ac25578270cff1b9f6190000000000000000000000002791bca1f2de4661ed88a30c99a7a9449aa841740000000000000000000000000000016000000000000001200000000000000683e592427a0aece92de3edee1f18e0157c0586156400000140008400000000000300000000000000000000000000000000000000000000000000000000c04b8d59000000000000000000000000000000000000000000000000000000000000002000000000000000000000000000000000000000000000000000000000000000a000000000000000000000000000c600b30fb0400701010f4b080409018b9006e0000000000000000000000000000000000000000000000000000000006827d10c000000000000000000000000000000000000000000000000011c4620cbd39d820000000000000000000000000000000000000000000000000000000000000001000000000000000000000000000000000000000000000000000000000000002b7ceb23fd6bc0add59e62ac25578270cff1b9f6190001f42791bca1f2de4661ed88a30c99a7a9449aa84174000000000000000000000000000000000000000000f5b509bb0909a69b1c207e495f687a596c168e1200000140008400000000000300000000000000000000000000000000000000000000000000000000c04b8d59000000000000000000000000000000000000000000000000000000000000002000000000000000000000000000000000000000000000000000000000000000a00000000000000000000000006a000f20005980200259b80c5102003040001068000000000000000000000000000000000000000000000000000000006827d10c00000000000000000000000000000000000000000000000000000000430ee4a2000000000000000000000000000000000000000000000000000000000000000100000000000000000000000000000000000000000000000000000000000000282791bca1f2de4661ed88a30c99a7a9449aa841743c499c542cef5e3811e1192ce70d8cc03d5c3359000000000000000000000000000000000000000000000000",
      "offsets": {
        "exactAmount": {
          "__bigint__": "100"
        },
        "limitAmount": {
          "__bigint__": "132"
        },
        "quotedAmount": {
          "__bigint__": "164"
        }
      },
      "quoteDestTokenAmount": {
        "__bigint__": "2343702360"
      },
      "minDestTokenAmount": {
        "__bigint__": "2315271595"
      },
      "inputs": {
        "srcTokenAddress": "0x7ceB23fD6bC0adD59E62ac25578270cFf1b9f619",
        "destTokenAddress": "0x3c499c542cEF5E3811e1192ce70d8cC03d5c3359",
        "exactSrcTokenAmount": {
          "__bigint__": "1000000000729446134"
        }
      }
    }
  }
}