{
  "blockNumber": {
    "__bigint__": "71322936"
  },
  "paraswapExactBuyQuotes": {},
  "paraswapExactBuyTxPayloads": {},
  "paraswapExactSellQuotes": {},
  "paraswapExactSellTxPayloads": {
    "cc55ba93941c1602771857fd7c437340acda03c510442d361cfaf40952242190": {
      "augustus": "0x6A000F20005980200259B80c5102003040001068",
      "calldata": "0xe3ead59e000000000000000000000000000010036c0190e009a000d0fc3541100a07380a0000000000000000000000003c499c542cef5e3811e1192ce70d8cc03d5c33590000000000000000000000008f3cf7ad23cd3cadbd9735aff958023239c6a063000000000000000000000000000000000000000000000000000000000ee6b28100000000000000000000000000000000000000000000000d5a1bf87d4063387a00000000000000000000000000000000000000000000000d8d61829dd9abe8699a12b13c27f1462caff033ae2a0a952f00000000000000000000000004404d720000000000000000000000000000000000000000000000000000000000000000cc3e7c85bb0ee4f09380e041fee95a0caedd4a02940000000000000000000000000000000000000000000000000000000000000000000000000000000000016000000000000000000000000000000000000000000000000000000000000001800000000000000000000000000000000000000000000000000000000000000000000000000000000000000000000000000000000000000000000000000000030000000000000000000000000000000000000000000000000000000000000000200000000000000000000000000000000000000000000000000000000000000300f5b509bb0909a69b1c207e495f687a596c168e1200000140008400ec0000000b00000000000000000000000000000000000000000000000000000000c04b8d59000000000000000000000000000000000000000000000000000000000000002000000000000000000000000000000000000000000000000000000000000000a0000000000000000000000000000010036c0190e009a000d0fc3541100a07380a000000000000000000000000000000000000000000000000000000006827d0a0000000000000000000000000000000000000000000000000000000000ee6b281000000000000000000000000000000000000000000000000000000000000000100000000000000000000000000000000000000000000000000000000000000283c499c542cef5e3811e1192ce70d8cc03d5c33592791bca1f2de4661ed88a30c99a7a9449aa84174000000000000000000000000000000000000000000000000445fe580ef8d70ff569ab36e80c647af338db351000000c000440084ff00000b00000000000000000000000000000000000000000000000000000000a6417ed600000000000000000000000000000000000000000000000000000000000000010000000000000000000000000000000000000000000000000000000000000000000000000000000000000000000000000000000000000000000000000ee6dc9600000000000000000000000000000000000000000000000000000000000000010000000000000000000000008f3cf7ad23cd3cadbd9735aff958023239c6a0638f3cf7ad23cd3cadbd9735aff958023239c6a0630000006000240000ff00000300000000000000000000000000000000000000000000000000000000a9059cbb0000000000000000000000006a000f20005980200259b80c510200304000106800000000000000000000000000000000000000000000000d8d61829dd9abe869",
      "offsets": {
        "exactAmount": {
          "__bigint__": "100"
        },
        "limitAmount": {
          "__bigint__": "132"
        },
        "quotedAmount": {
          "__bigint__": "164"
        }
      },
      "quoteDestTokenAmount": {
        "__bigint__": "249995240404786341993"
      },
      "minDestTokenAmount": {
        "__bigint__": "246300729462843717754"
      },
      "inputs": {
        "srcTokenAddress": "0x3c499c542cEF5E3811e1192ce70d8cC03d5c3359",
        "destTokenAddress": "0x8f3Cf7ad23Cd3CaDbD9735AFf958023239c6A063",
        "exactSrcTokenAmount": {
          "__bigint__": "250000001"
        }
      }
    }
  }
}