{
  "blockNumber": {
    "__bigint__": "71322892"
  },
  "paraswapExactBuyQuotes": {},
  "paraswapExactBuyTxPayloads": {},
  "paraswapExactSellQuotes": {},
  "paraswapExactSellTxPayloads": {}
}