{
  "blockNumber": {
    "__bigint__": "71327070"
  },
  "paraswapExactBuyQuotes": {
    "cc55ba93941c1602771857fd7c437340acda03c510442d361cfaf40952242190": {
      "blockNumber": 71327100,
      "network": 137,
      "srcToken": "0x3c499c542cef5e3811e1192ce70d8cc03d5c3359",
      "srcDecimals": 6,
      "srcAmount": "1000124658",
      "destToken": "0x8f3cf7ad23cd3cadbd9735aff958023239c6a063",
      "destDecimals": 18,
      "destAmount": "1000000000000000000000",
      "bestRoute": [
        {
          "percent": 100,
          "swaps": [
            {
              "srcToken": "0x3c499c542cef5e3811e1192ce70d8cc03d5c3359",
              "srcDecimals": 6,
              "destToken": "0x8f3cf7ad23cd3cadbd9735aff958023239c6a063",
              "destDecimals": 18,
              "swapExchanges": [
                {
                  "exchange": "QuickSwapV3",
                  "srcAmount": "1000124658",
                  "destAmount": "1000000000000000000000",
                  "percent": 100,
                  "poolAddresses": [
                    "0xbc8f3da0bd42e1f2509cd8671ce7c7e5f7fd39c8"
                  ],
                  "data": {
                    "feeOnTransfer": false,
                    "path": [
                      {
                        "tokenIn": "0x3c499c542cef5e3811e1192ce70d8cc03d5c3359",
                        "tokenOut": "0x8f3cf7ad23cd3cadbd9735aff958023239c6a063"
                      }
                    ],
                    "gasUSD": "0.000812"
                  }
                }
              ]
            }
          ]
        }
      ],
      "gasCostUSD": "0.001019",
      "gasCost": "136765",
      "side": "BUY",
      "version": "6.2",
      "contractAddress": "0x6a000f20005980200259b80c5102003040001068",
      "tokenTransferProxy": "0x6a000f20005980200259b80c5102003040001068",
      "contractMethod": "swapExactAmountOut",
      "partnerFee": 0,
      "srcUSD": "1000.1176571274",
      "destUSD": "1000.0000000000",
      "maxImpact": 2,
      "partner": "compound.blue",
      "maxImpactReached": false,
      "hmac": "af78519e2c1f78b2fedc35d25bb949bca2f61629"
    },
    "6f2971a917d07e6eeb57003970238fa8168371ef2ab86e32ba3a6dc89db43c12": {
      "blockNumber": 71327100,
      "network": 137,
      "srcToken": "0x3c499c542cef5e3811e1192ce70d8cc03d5c3359",
      "srcDecimals": 6,
      "srcAmount": "250009377",
      "destToken": "0xc2132d05d31c914a87c6611c10748aeb04b58e8f",
      "destDecimals": 6,
      "destAmount": "250000000",
      "bestRoute": [
        {
          "percent": 100,
          "swaps": [
            {
              "srcToken": "0x3c499c542cef5e3811e1192ce70d8cc03d5c3359",
              "srcDecimals": 6,
              "destToken": "0xc2132d05d31c914a87c6611c10748aeb04b58e8f",
              "destDecimals": 6,
              "swapExchanges": [
                {
                  "exchange": "QuickSwapV3",
                  "srcAmount": "250009377",
                  "destAmount": "250000000",
                  "percent": 100,
                  "poolAddresses": [
                    "0x0e3eb2c75bd7dd0e12249d96b1321d9570764d77"
                  ],
                  "data": {
                    "feeOnTransfer": false,
                    "path": [
                      {
                        "tokenIn": "0x3c499c542cef5e3811e1192ce70d8cc03d5c3359",
                        "tokenOut": "0xc2132d05d31c914a87c6611c10748aeb04b58e8f"
                      }
                    ],
                    "gasUSD": "0.000812"
                  }
                }
              ]
            }
          ]
        }
      ],
      "gasCostUSD": "0.001034",
      "gasCost": "138778",
      "side": "BUY",
      "version": "6.2",
      "contractAddress": "0x6a000f20005980200259b80c5102003040001068",
      "tokenTransferProxy": "0x6a000f20005980200259b80c5102003040001068",
      "contractMethod": "swapExactAmountOut",
      "partnerFee": 0,
      "srcUSD": "250.0076269344",
      "destUSD": "250.0000000000",
      "maxImpact": 2,
      "partner": "compound.blue",
      "maxImpactReached": false,
      "hmac": "886a3c3691d0c9f84408c95ce6d23baae322e923"
    }
  },
  "paraswapExactBuyTxPayloads": {
    "6f2971a917d07e6eeb57003970238fa8168371ef2ab86e32ba3a6dc89db43c12": {
      "augustus": "0x6A000F20005980200259B80c5102003040001068",
      "calldata": "0x7f457675000000000000000000000000a0f408a000017007015e0f00320e470d00090a5b0000000000000000000000003c499c542cef5e3811e1192ce70d8cc03d5c3359000000000000000000000000c2132d05d31c914a87c6611c10748aeb04b58e8f000000000000000000000000000000000000000000000000000000000efe3cd7000000000000000000000000000000000000000000000000000000000ee6b280000000000000000000000000000000000000000000000000000000000ee6d7215e025b331bda4d0785dd73ee2882295600000000000000000000000004405d7c0000000000000000000000000000000000000000000000000000000000000000cc3e7c85bb0ee4f09380e041fee95a0caedd4a0294000000000000000000000000000000000000000000000000000000000000000000000000000000000001600000000000000000000000000000000000000000000000000000000000000180000000000000000000000000000000000000000000000000000000000000000000000000000000000000000000000000000000000000000000000000000001c0000000000000000000000000000000000000000000000000000000000000002000000000000000000000000000000000000000000000000000000000000001e00000016000000000000000000000012000000000000001340000000000002710f5b509bb0909a69b1c207e495f687a596c168e120140008400a400000000000300000000000000000000000000000000000000000000000000000000f28c0498000000000000000000000000000000000000000000000000000000000000002000000000000000000000000000000000000000000000000000000000000000a00000000000000000000000006a000f20005980200259b80c5102003040001068000000000000000000000000000000000000000000000000000000006827f2d8000000000000000000000000000000000000000000000000000000000ee6b280000000000000000000000000000000000000000000000000000000000ee6d7210000000000000000000000000000000000000000000000000000000000000028c2132d05d31c914a87c6611c10748aeb04b58e8f3c499c542cef5e3811e1192ce70d8cc03d5c3359000000000000000000000000000000000000000000000000",
      "offsets": {
        "exactAmount": {
          "__bigint__": "132"
        },
        "limitAmount": {
          "__bigint__": "100"
        },
        "quotedAmount": {
          "__bigint__": "164"
        }
      },
      "quoteSrcTokenAmount": {
        "__bigint__": "250009377"
      },
      "maxSrcTokenAmount": {
        "__bigint__": "251542743"
      },
      "inputs": {
        "srcTokenAddress": "0x3c499c542cEF5E3811e1192ce70d8cC03d5c3359",
        "destTokenAddress": "0xc2132D05D31c914a87C6611C10748AEb04B58e8F",
        "exactDestTokenAmount": {
          "__bigint__": "250000000"
        }
      }
    },
    "cc55ba93941c1602771857fd7c437340acda03c510442d361cfaf40952242190": {
      "augustus": "0x6A000F20005980200259B80c5102003040001068",
      "calldata": "0x7f457675000000000000000000000000a0f408a000017007015e0f00320e470d00090a5b0000000000000000000000003c499c542cef5e3811e1192ce70d8cc03d5c33590000000000000000000000008f3cf7ad23cd3cadbd9735aff958023239c6a063000000000000000000000000000000000000000000000000000000003bfa49e200000000000000000000000000000000000000000000003635c9adc5dea00000000000000000000000000000000000000000000000000000000000003b9cb0f22391aaafaaf440ef82c6672904ad870600000000000000000000000004405d7c0000000000000000000000000000000000000000000000000000000000000000cc3e7c85bb0ee4f09380e041fee95a0caedd4a0294000000000000000000000000000000000000000000000000000000000000000000000000000000000001600000000000000000000000000000000000000000000000000000000000000180000000000000000000000000000000000000000000000000000000000000000000000000000000000000000000000000000000000000000000000000000001c0000000000000000000000000000000000000000000000000000000000000002000000000000000000000000000000000000000000000000000000000000001e00000016000000000000000000000012000000000000001340000000000002710f5b509bb0909a69b1c207e495f687a596c168e120140008400a400000000000300000000000000000000000000000000000000000000000000000000f28c0498000000000000000000000000000000000000000000000000000000000000002000000000000000000000000000000000000000000000000000000000000000a00000000000000000000000006a000f20005980200259b80c5102003040001068000000000000000000000000000000000000000000000000000000006827f2d800000000000000000000000000000000000000000000003635c9adc5dea00000000000000000000000000000000000000000000000000000000000003b9cb0f200000000000000000000000000000000000000000000000000000000000000288f3cf7ad23cd3cadbd9735aff958023239c6a0633c499c542cef5e3811e1192ce70d8cc03d5c3359000000000000000000000000000000000000000000000000",
      "offsets": {
        "exactAmount": {
          "__bigint__": "132"
        },
        "limitAmount": {
          "__bigint__": "100"
        },
        "quotedAmount": {
          "__bigint__": "164"
        }
      },
      "quoteSrcTokenAmount": {
        "__bigint__": "1000124658"
      },
      "maxSrcTokenAmount": {
        "__bigint__": "1006258658"
      },
      "inputs": {
        "srcTokenAddress": "0x3c499c542cEF5E3811e1192ce70d8cC03d5c3359",
        "destTokenAddress": "0x8f3Cf7ad23Cd3CaDbD9735AFf958023239c6A063",
        "exactDestTokenAmount": {
          "__bigint__": "1000000000000000000000"
        }
      }
    }
  },
  "paraswapExactSellQuotes": {
    "a3acca2d49b7f67e3ae8da7d40947b768628436304849c7f70c216b6f6919a31": {
      "blockNumber": 71327100,
      "network": 137,
      "srcToken": "0x7ceb23fd6bc0add59e62ac25578270cff1b9f619",
      "srcDecimals": 18,
      "srcAmount": "500000000363301530",
      "destToken": "0x3c499c542cef5e3811e1192ce70d8cc03d5c3359",
      "destDecimals": 6,
      "destAmount": "1168380415",
      "bestRoute": [
        {
          "percent": 92,
          "swaps": [
            {
              "srcToken": "0x7ceb23fd6bc0add59e62ac25578270cff1b9f619",
              "srcDecimals": 18,
              "destToken": "0x3c499c542cef5e3811e1192ce70d8cc03d5c3359",
              "destDecimals": 6,
              "swapExchanges": [
                {
                  "exchange": "UniswapV3",
                  "srcAmount": "100004000072663212",
                  "destAmount": "233687296",
                  "percent": 21.74,
                  "poolAddresses": [
                    "0xa4d8c89f0c20efbe54cba9e7e7a7e509056228d9"
                  ],
                  "data": {
                    "path": [
                      {
                        "tokenIn": "0x7ceb23fd6bc0add59e62ac25578270cff1b9f619",
                        "tokenOut": "0x3c499c542cef5e3811e1192ce70d8cc03d5c3359",
                        "fee": "500",
                        "currentFee": "500"
                      }
                    ],
                    "gasUSD": "0.000991"
                  }
                },
                {
                  "exchange": "WooFiV2",
                  "srcAmount": "359996000261574196",
                  "destAmount": "841218622",
                  "percent": 78.26,
                  "poolAddresses": [
                    "0x5520385bfcf07ec87c4c53a7d8d65595dff69fa4"
                  ],
                  "data": {
                    "gasUSD": "0.001185"
                  }
                }
              ]
            }
          ]
        },
        {
          "percent": 8,
          "swaps": [
            {
              "srcToken": "0x7ceb23fd6bc0add59e62ac25578270cff1b9f619",
              "srcDecimals": 18,
              "destToken": "0x2791bca1f2de4661ed88a30c99a7a9449aa84174",
              "destDecimals": 6,
              "swapExchanges": [
                {
                  "exchange": "UniswapV3",
                  "srcAmount": "40000000029064122",
                  "destAmount": "93472573",
                  "percent": 100,
                  "poolAddresses": [
                    "0x45dda9cb7c25131df268515131f647d726f50608"
                  ],
                  "data": {
                    "path": [
                      {
                        "tokenIn": "0x7ceb23fd6bc0add59e62ac25578270cff1b9f619",
                        "tokenOut": "0x2791bca1f2de4661ed88a30c99a7a9449aa84174",
                        "fee": "500",
                        "currentFee": "500"
                      }
                    ],
                    "gasUSD": "0.000991"
                  }
                }
              ]
            },
            {
              "srcToken": "0x2791bca1f2de4661ed88a30c99a7a9449aa84174",
              "srcDecimals": 6,
              "destToken": "0x3c499c542cef5e3811e1192ce70d8cc03d5c3359",
              "destDecimals": 6,
              "swapExchanges": [
                {
                  "exchange": "QuickSwapV3",
                  "srcAmount": "93472573",
                  "destAmount": "93474497",
                  "percent": 100,
                  "poolAddresses": [
                    "0xeecb5db986c20a8c88d8332e7e252a9671565751"
                  ],
                  "data": {
                    "feeOnTransfer": false,
                    "path": [
                      {
                        "tokenIn": "0x2791bca1f2de4661ed88a30c99a7a9449aa84174",
                        "tokenOut": "0x3c499c542cef5e3811e1192ce70d8cc03d5c3359"
                      }
                    ],
                    "gasUSD": "0.000812"
                  }
                }
              ]
            }
          ]
        }
      ],
      "gasCostUSD": "0.004900",
      "gasCost": "657651",
      "side": "SELL",
      "version": "6.2",
      "contractAddress": "0x6a000f20005980200259b80c5102003040001068",
      "tokenTransferProxy": "0x6a000f20005980200259b80c5102003040001068",
      "contractMethod": "swapExactAmountIn",
      "partnerFee": 0,
      "srcUSD": "1169.7900008500",
      "destUSD": "1168.3722363371",
      "maxImpact": 2,
      "partner": "compound.blue",
      "maxImpactReached": false,
      "hmac": "dd1438711ca7a887bd95c7cdf4f375baf2a0a069"
    },
    "a3a7b76013aada86202906f558c9b6e167327d367ba0cdadf2e9f111bba1cf71": {
      "blockNumber": 71327100,
      "network": 137,
      "srcToken": "0xc2132d05d31c914a87c6611c10748aeb04b58e8f",
      "srcDecimals": 6,
      "srcAmount": "1000000008",
      "destToken": "0x3c499c542cef5e3811e1192ce70d8cc03d5c3359",
      "destDecimals": 6,
      "destAmount": "1000008331",
      "bestRoute": [
        {
          "percent": 100,
          "swaps": [
            {
              "srcToken": "0xc2132d05d31c914a87c6611c10748aeb04b58e8f",
              "srcDecimals": 6,
              "destToken": "0x3c499c542cef5e3811e1192ce70d8cc03d5c3359",
              "destDecimals": 6,
              "swapExchanges": [
                {
                  "exchange": "QuickSwapV3",
                  "srcAmount": "780000006",
                  "destAmount": "780005790",
                  "percent": 78,
                  "poolAddresses": [
                    "0x0e3eb2c75bd7dd0e12249d96b1321d9570764d77"
                  ],
                  "data": {
                    "feeOnTransfer": false,
                    "path": [
                      {
                        "tokenIn": "0xc2132d05d31c914a87c6611c10748aeb04b58e8f",
                        "tokenOut": "0x3c499c542cef5e3811e1192ce70d8cc03d5c3359"
                      }
                    ],
                    "gasUSD": "0.000812"
                  }
                },
                {
                  "exchange": "QuickSwapV3",
                  "srcAmount": "220000002",
                  "destAmount": "220002541",
                  "percent": 22,
                  "poolAddresses": [
                    "0x7b925e617aefd7fb3a93abe3a701135d7a1ba710",
                    "0xeecb5db986c20a8c88d8332e7e252a9671565751"
                  ],
                  "data": {
                    "feeOnTransfer": false,
                    "path": [
                      {
                        "tokenIn": "0xc2132d05d31c914a87c6611c10748aeb04b58e8f",
                        "tokenOut": "0x2791bca1f2de4661ed88a30c99a7a9449aa84174"
                      },
                      {
                        "tokenIn": "0x2791bca1f2de4661ed88a30c99a7a9449aa84174",
                        "tokenOut": "0x3c499c542cef5e3811e1192ce70d8cc03d5c3359"
                      }
                    ],
                    "gasUSD": "0.001624"
                  }
                }
              ]
            }
          ]
        }
      ],
      "gasCostUSD": "0.003356",
      "gasCost": "450537",
      "side": "SELL",
      "version": "6.2",
      "contractAddress": "0x6a000f20005980200259b80c5102003040001068",
      "tokenTransferProxy": "0x6a000f20005980200259b80c5102003040001068",
      "contractMethod": "swapExactAmountIn",
      "partnerFee": 0,
      "srcUSD": "1000.0000080000",
      "destUSD": "1000.0013309417",
      "maxImpact": 2,
      "partner": "compound.blue",
      "maxImpactReached": false,
      "hmac": "49c85e38b9d0ec0b62a1048f2d693d13134768e3"
    }
  },
  "paraswapExactSellTxPayloads": {
    "a3acca2d49b7f67e3ae8da7d40947b768628436304849c7f70c216b6f6919a31": {
      "augustus": "0x6A000F20005980200259B80c5102003040001068",
      "calldata": "0xe3ead59e00000000000000000000000000c600b30fb0400701010f4b080409018b9006e00000000000000000000000007ceb23fd6bc0add59e62ac25578270cff1b9f6190000000000000000000000003c499c542cef5e3811e1192ce70d8cc03d5c335900000000000000000000000000000000000000000000000006f05b59e9598a9a00000000000000000000000000000000000000000000000000000000453764a10000000000000000000000000000000000000000000000000000000045a411ff932cb4fc6dbc461db626a9a2c9802ac000000000000000000000000004405d7c0000000000000000000000000000000000000000000000000000000000000000cc3e7c85bb0ee4f09380e041fee95a0caedd4a0294000000000000000000000000000000000000000000000000000000000000000000000000000000000001600000000000000000000000000000000000000000000000000000000000000180000000000000000000000000000000000000000000000000000000000000000000000000000000000000000000000000000000000000000000000000000006e0000000000000000000000000000000000000000000000000000000000000002000000000000000000000000000000000000000000000000000000000000006e0000000000000000000000000000003a000000000000001c000000000000023f00000000000000000000000000000000000000000000003800324018f000a0003000000000000000000000000000000000000000000000000000000000000000000000000000000000000000000000000000000000000000000000000000000200000000000000000000000000000000000000000000000000000000000000320000000000000000000000000000001600000000000000120000000000000087ee592427a0aece92de3edee1f18e0157c0586156400000140008400000000000300000000000000000000000000000000000000000000000000000000c04b8d59000000000000000000000000000000000000000000000000000000000000002000000000000000000000000000000000000000000000000000000000000000a00000000000000000000000006a000f20005980200259b80c5102003040001068000000000000000000000000000000000000000000000000000000006827f2d80000000000000000000000000000000000000000000000000163491bb47300ac0000000000000000000000000000000000000000000000000000000000000001000000000000000000000000000000000000000000000000000000000000002b7ceb23fd6bc0add59e62ac25578270cff1b9f6190001f43c499c542cef5e3811e1192ce70d8cc03d5c33590000000000000000000000000000000000000000000000000000000000000000000000018000000000000000000000000000001e927ceb23fd6bc0add59e62ac25578270cff1b9f6190000006000240000ff00000300000000000000000000000000000000000000000000000000000000a9059cbb0000000000000000000000005520385bfcf07ec87c4c53a7d8d65595dff69fa400000000000000000000000000000000000000000000000004fef67474270e345520385bfcf07ec87c4c53a7d8d65595dff69fa4000000e00044000000000003000000000000000000000000000000000000000000000000000000007dc203820000000000000000000000007ceb23fd6bc0add59e62ac25578270cff1b9f6190000000000000000000000003c499c542cef5e3811e1192ce70d8cc03d5c335900000000000000000000000000000000000000000000000004fef67474270e3400000000000000000000000000000000000000000000000000000000000000010000000000000000000000006a000f20005980200259b80c5102003040001068000000000000000000000000d5b927956057075377263aab7f8afc12f85100db000000000000000000000000000002c000000000000001200000000000000320e592427a0aece92de3edee1f18e0157c0586156400000140008400ef0000000b00000000000000000000000000000000000000000000000000000000c04b8d59000000000000000000000000000000000000000000000000000000000000002000000000000000000000000000000000000000000000000000000000000000a000000000000000000000000000c600b30fb0400701010f4b080409018b9006e0000000000000000000000000000000000000000000000000000000006827f2d8000000000000000000000000000000000000000000000000008e1bc9c0bf7bba0000000000000000000000000000000000000000000000000000000000000001000000000000000000000000000000000000000000000000000000000000002b7ceb23fd6bc0add59e62ac25578270cff1b9f6190001f42791bca1f2de4661ed88a30c99a7a9449aa84174000000000000000000000000000000000000000000f5b509bb0909a69b1c207e495f687a596c168e1200000140008400000000000300000000000000000000000000000000000000000000000000000000c04b8d59000000000000000000000000000000000000000000000000000000000000002000000000000000000000000000000000000000000000000000000000000000a00000000000000000000000006a000f20005980200259b80c5102003040001068000000000000000000000000000000000000000000000000000000006827f2d8000000000000000000000000000000000000000000000000000000000592473d000000000000000000000000000000000000000000000000000000000000000100000000000000000000000000000000000000000000000000000000000000282791bca1f2de4661ed88a30c99a7a9449aa841743c499c542cef5e3811e1192ce70d8cc03d5c3359000000000000000000000000000000000000000000000000",
      "offsets": {
        "exactAmount": {
          "__bigint__": "100"
        },
        "limitAmount": {
          "__bigint__": "132"
        },
        "quotedAmount": {
          "__bigint__": "164"
        }
      },
      "quoteDestTokenAmount": {
        "__bigint__": "1168380415"
      },
      "minDestTokenAmount": {
        "__bigint__": "1161258145"
      },
      "inputs": {
        "srcTokenAddress": "0x7ceB23fD6bC0adD59E62ac25578270cFf1b9f619",
        "destTokenAddress": "0x3c499c542cEF5E3811e1192ce70d8cC03d5c3359",
        "exactSrcTokenAmount": {
          "__bigint__": "500000000363301530"
        }
      }
    },
    "a3a7b76013aada86202906f558c9b6e167327d367ba0cdadf2e9f111bba1cf71": {
      "augustus": "0x6A000F20005980200259B80c5102003040001068",
      "calldata": "0xe3ead59e00000000000000000000000000c600b30fb0400701010f4b080409018b9006e0000000000000000000000000c2132d05d31c914a87c6611c10748aeb04b58e8f0000000000000000000000003c499c542cef5e3811e1192ce70d8cc03d5c3359000000000000000000000000000000000000000000000000000000003b9aca08000000000000000000000000000000000000000000000000000000003b3de670000000000000000000000000000000000000000000000000000000003b9aea8b5bf1f40ce1f5464091fd0a6d6d1fc9ab00000000000000000000000004405d7c0000000000000000000000000000000000000000000000000000000000000000cc3e7c85bb0ee4f09380e041fee95a0caedd4a029400000000000000000000000000000000000000000000000000000000000000000000000000000000000160000000000000000000000000000000000000000000000000000000000000018000000000000000000000000000000000000000000000000000000000000000000000000000000000000000000000000000000000000000000000000000000340000000000000000000000000000000000000000000000000000000000000002000000000000000000000000000000000000000000000000000000000000003400000000000000000000000000000016000000000000001200000000000001e78f5b509bb0909a69b1c207e495f687a596c168e1200000140008400000000000300000000000000000000000000000000000000000000000000000000c04b8d59000000000000000000000000000000000000000000000000000000000000002000000000000000000000000000000000000000000000000000000000000000a00000000000000000000000006a000f20005980200259b80c5102003040001068000000000000000000000000000000000000000000000000000000006827f2d8000000000000000000000000000000000000000000000000000000002e7ddb0600000000000000000000000000000000000000000000000000000000000000010000000000000000000000000000000000000000000000000000000000000028c2132d05d31c914a87c6611c10748aeb04b58e8f3c499c542cef5e3811e1192ce70d8cc03d5c33590000000000000000000000000000000000000000000000000000000000000000000000000000016000000000000001200000000000000898f5b509bb0909a69b1c207e495f687a596c168e1200000140008400000000000300000000000000000000000000000000000000000000000000000000c04b8d59000000000000000000000000000000000000000000000000000000000000002000000000000000000000000000000000000000000000000000000000000000a00000000000000000000000006a000f20005980200259b80c5102003040001068000000000000000000000000000000000000000000000000000000006827f2d8000000000000000000000000000000000000000000000000000000000d1cef020000000000000000000000000000000000000000000000000000000000000001000000000000000000000000000000000000000000000000000000000000003cc2132d05d31c914a87c6611c10748aeb04b58e8f2791bca1f2de4661ed88a30c99a7a9449aa841743c499c542cef5e3811e1192ce70d8cc03d5c335900000000",
      "offsets": {
        "exactAmount": {
          "__bigint__": "100"
        },
        "limitAmount": {
          "__bigint__": "132"
        },
        "quotedAmount": {
          "__bigint__": "164"
        }
      },
      "quoteDestTokenAmount": {
        "__bigint__": "1000008331"
      },
      "minDestTokenAmount": {
        "__bigint__": "993912432"
      },
      "inputs": {
        "srcTokenAddress": "0xc2132D05D31c914a87C6611C10748AEb04B58e8F",
        "destTokenAddress": "0x3c499c542cEF5E3811e1192ce70d8cC03d5c3359",
        "exactSrcTokenAmount": {
          "__bigint__": "1000000008"
        }
      }
    }
  }
}