{
  "blockNumber": {
    "__bigint__": "71322936"
  },
  "paraswapExactBuyQuotes": {
    "cc55ba93941c1602771857fd7c437340acda03c510442d361cfaf40952242190": {
      "blockNumber": 71323031,
      "network": 137,
      "srcToken": "0x3c499c542cef5e3811e1192ce70d8cc03d5c3359",
      "srcDecimals": 6,
      "srcAmount": "50002489",
      "destToken": "0x8f3cf7ad23cd3cadbd9735aff958023239c6a063",
      "destDecimals": 18,
      "destAmount": "50000000000000000000",
      "bestRoute": [
        {
          "percent": 100,
          "swaps": [
            {
              "srcToken": "0x3c499c542cef5e3811e1192ce70d8cc03d5c3359",
              "srcDecimals": 6,
              "destToken": "0x8f3cf7ad23cd3cadbd9735aff958023239c6a063",
              "destDecimals": 18,
              "swapExchanges": [
                {
                  "exchange": "QuickSwapV3",
                  "srcAmount": "50002489",
                  "destAmount": "50000000000000000000",
                  "percent": 100,
                  "poolAddresses": [
                    "0xbc8f3da0bd42e1f2509cd8671ce7c7e5f7fd39c8"
                  ],
                  "data": {
                    "feeOnTransfer": false,
                    "path": [
                      {
                        "tokenIn": "0x3c499c542cef5e3811e1192ce70d8cc03d5c3359",
                        "tokenOut": "0x8f3cf7ad23cd3cadbd9735aff958023239c6a063"
                      }
                    ],
                    "gasUSD": "0.000745"
                  }
                }
              ]
            }
          ]
        }
      ],
      "gasCostUSD": "0.000990",
      "gasCost": "144835",
      "side": "BUY",
      "version": "6.2",
      "contractAddress": "0x6a000f20005980200259b80c5102003040001068",
      "tokenTransferProxy": "0x6a000f20005980200259b80c5102003040001068",
      "contractMethod": "swapExactAmountOut",
      "partnerFee": 0,
      "srcUSD": "49.9974887511",
      "destUSD": "49.9977500000",
      "maxImpact": 2,
      "partner": "compound.blue",
      "maxImpactReached": false,
      "hmac": "e38ec8088e6cec4d09056b3c7c72a8088607560c"
    },
    "6f2971a917d07e6eeb57003970238fa8168371ef2ab86e32ba3a6dc89db43c12": {
      "blockNumber": 71323031,
      "network": 137,
      "srcToken": "0x3c499c542cef5e3811e1192ce70d8cc03d5c3359",
      "srcDecimals": 6,
      "srcAmount": "249980243",
      "destToken": "0xc2132d05d31c914a87c6611c10748aeb04b58e8f",
      "destDecimals": 6,
      "destAmount": "250000001",
      "bestRoute": [
        {
          "percent": 100,
          "swaps": [
            {
              "srcToken": "0x3c499c542cef5e3811e1192ce70d8cc03d5c3359",
              "srcDecimals": 6,
              "destToken": "0xc2132d05d31c914a87c6611c10748aeb04b58e8f",
              "destDecimals": 6,
              "swapExchanges": [
                {
                  "exchange": "QuickSwapV3",
                  "srcAmount": "249980243",
                  "destAmount": "250000001",
                  "percent": 100,
                  "poolAddresses": [
                    "0x0e3eb2c75bd7dd0e12249d96b1321d9570764d77"
                  ],
                  "data": {
                    "feeOnTransfer": false,
                    "path": [
                      {
                        "tokenIn": "0x3c499c542cef5e3811e1192ce70d8cc03d5c3359",
                        "tokenOut": "0xc2132d05d31c914a87c6611c10748aeb04b58e8f"
                      }
                    ],
                    "gasUSD": "0.000745"
                  }
                }
              ]
            }
          ]
        }
      ],
      "gasCostUSD": "0.000949",
      "gasCost": "138837",
      "side": "BUY",
      "version": "6.2",
      "contractAddress": "0x6a000f20005980200259b80c5102003040001068",
      "tokenTransferProxy": "0x6a000f20005980200259b80c5102003040001068",
      "contractMethod": "swapExactAmountOut",
      "partnerFee": 0,
      "srcUSD": "249.9552449757",
      "destUSD": "249.9655009999",
      "maxImpact": 2,
      "partner": "compound.blue",
      "maxImpactReached": false,
      "hmac": "14b0ae1b07a71a993b63b5d858e25a75ea8a4b2a"
    }
  },
  "paraswapExactBuyTxPayloads": {
    "cc55ba93941c1602771857fd7c437340acda03c510442d361cfaf40952242190": {
      "augustus": "0x6A000F20005980200259B80c5102003040001068",
      "calldata": "0x7f457675000000000000000000000000a0f408a000017007015e0f00320e470d00090a5b0000000000000000000000003c499c542cef5e3811e1192ce70d8cc03d5c33590000000000000000000000008f3cf7ad23cd3cadbd9735aff958023239c6a0630000000000000000000000000000000000000000000000000000000003001dd0000000000000000000000000000000000000000000000002b5e3af16b18800000000000000000000000000000000000000000000000000000000000002fafa39fcf8b8a6a7714ff598e93109548333cf00000000000000000000000004404d970000000000000000000000000000000000000000000000000000000000000000cc3e7c85bb0ee4f09380e041fee95a0caedd4a0294000000000000000000000000000000000000000000000000000000000000000000000000000000000001600000000000000000000000000000000000000000000000000000000000000180000000000000000000000000000000000000000000000000000000000000000000000000000000000000000000000000000000000000000000000000000001c0000000000000000000000000000000000000000000000000000000000000002000000000000000000000000000000000000000000000000000000000000001e00000016000000000000000000000012000000000000001340000000000002710f5b509bb0909a69b1c207e495f687a596c168e120140008400a400000000000300000000000000000000000000000000000000000000000000000000f28c0498000000000000000000000000000000000000000000000000000000000000002000000000000000000000000000000000000000000000000000000000000000a00000000000000000000000006a000f20005980200259b80c5102003040001068000000000000000000000000000000000000000000000000000000006827d0ee000000000000000000000000000000000000000000000002b5e3af16b18800000000000000000000000000000000000000000000000000000000000002fafa3900000000000000000000000000000000000000000000000000000000000000288f3cf7ad23cd3cadbd9735aff958023239c6a0633c499c542cef5e3811e1192ce70d8cc03d5c3359000000000000000000000000000000000000000000000000",
      "offsets": {
        "exactAmount": {
          "__bigint__": "132"
        },
        "limitAmount": {
          "__bigint__": "100"
        },
        "quotedAmount": {
          "__bigint__": "164"
        }
      },
      "quoteSrcTokenAmount": {
        "__bigint__": "50002489"
      },
      "maxSrcTokenAmount": {
        "__bigint__": "50339280"
      },
      "inputs": {
        "srcTokenAddress": "0x3c499c542cEF5E3811e1192ce70d8cC03d5c3359",
        "destTokenAddress": "0x8f3Cf7ad23Cd3CaDbD9735AFf958023239c6A063",
        "exactDestTokenAmount": {
          "__bigint__": "50000000000000000000"
        }
      }
    },
    "6f2971a917d07e6eeb57003970238fa8168371ef2ab86e32ba3a6dc89db43c12": {
      "augustus": "0x6A000F20005980200259B80c5102003040001068",
      "calldata": "0x7f457675000000000000000000000000a0f408a000017007015e0f00320e470d00090a5b0000000000000000000000003c499c542cef5e3811e1192ce70d8cc03d5c3359000000000000000000000000c2132d05d31c914a87c6611c10748aeb04b58e8f000000000000000000000000000000000000000000000000000000000f00166d000000000000000000000000000000000000000000000000000000000ee6b281000000000000000000000000000000000000000000000000000000000ee66553a263dfea96d643a6b6f9aa9f466da74400000000000000000000000004404d970000000000000000000000000000000000000000000000000000000000000000cc3e7c85bb0ee4f09380e041fee95a0caedd4a0294000000000000000000000000000000000000000000000000000000000000000000000000000000000001600000000000000000000000000000000000000000000000000000000000000180000000000000000000000000000000000000000000000000000000000000000000000000000000000000000000000000000000000000000000000000000001c0000000000000000000000000000000000000000000000000000000000000002000000000000000000000000000000000000000000000000000000000000001e00000016000000000000000000000012000000000000001340000000000002710f5b509bb0909a69b1c207e495f687a596c168e120140008400a400000000000300000000000000000000000000000000000000000000000000000000f28c0498000000000000000000000000000000000000000000000000000000000000002000000000000000000000000000000000000000000000000000000000000000a00000000000000000000000006a000f20005980200259b80c5102003040001068000000000000000000000000000000000000000000000000000000006827d0ee000000000000000000000000000000000000000000000000000000000ee6b281000000000000000000000000000000000000000000000000000000000ee665530000000000000000000000000000000000000000000000000000000000000028c2132d05d31c914a87c6611c10748aeb04b58e8f3c499c542cef5e3811e1192ce70d8cc03d5c3359000000000000000000000000000000000000000000000000",
      "offsets": {
        "exactAmount": {
          "__bigint__": "132"
        },
        "limitAmount": {
          "__bigint__": "100"
        },
        "quotedAmount": {
          "__bigint__": "164"
        }
      },
      "quoteSrcTokenAmount": {
        "__bigint__": "249980243"
      },
      "maxSrcTokenAmount": {
        "__bigint__": "251663981"
      },
      "inputs": {
        "srcTokenAddress": "0x3c499c542cEF5E3811e1192ce70d8cC03d5c3359",
        "destTokenAddress": "0xc2132D05D31c914a87C6611C10748AEb04B58e8F",
        "exactDestTokenAmount": {
          "__bigint__": "250000001"
        }
      }
    }
  },
  "paraswapExactSellQuotes": {
    "a3acca2d49b7f67e3ae8da7d40947b768628436304849c7f70c216b6f6919a31": {
      "blockNumber": 71323031,
      "network": 137,
      "srcToken": "0x7ceb23fd6bc0add59e62ac25578270cff1b9f619",
      "srcDecimals": 18,
      "srcAmount": "500000000364723067",
      "destToken": "0x3c499c542cef5e3811e1192ce70d8cc03d5c3359",
      "destDecimals": 6,
      "destAmount": "1171918289",
      "bestRoute": [
        {
          "percent": 26,
          "swaps": [
            {
              "srcToken": "0x7ceb23fd6bc0add59e62ac25578270cff1b9f619",
              "srcDecimals": 18,
              "destToken": "0x3c499c542cef5e3811e1192ce70d8cc03d5c3359",
              "destDecimals": 6,
              "swapExchanges": [
                {
                  "exchange": "UniswapV3",
                  "srcAmount": "130000000094827997",
                  "destAmount": "304692147",
                  "percent": 100,
                  "poolAddresses": [
                    "0xa4d8c89f0c20efbe54cba9e7e7a7e509056228d9"
                  ],
                  "data": {
                    "path": [
                      {
                        "tokenIn": "0x7ceb23fd6bc0add59e62ac25578270cff1b9f619",
                        "tokenOut": "0x3c499c542cef5e3811e1192ce70d8cc03d5c3359",
                        "fee": "500",
                        "currentFee": "500"
                      }
                    ],
                    "gasUSD": "0.000909"
                  }
                }
              ]
            }
          ]
        },
        {
          "percent": 74,
          "swaps": [
            {
              "srcToken": "0x7ceb23fd6bc0add59e62ac25578270cff1b9f619",
              "srcDecimals": 18,
              "destToken": "0x2791bca1f2de4661ed88a30c99a7a9449aa84174",
              "destDecimals": 6,
              "swapExchanges": [
                {
                  "exchange": "CurveV2",
                  "srcAmount": "149998000109415462",
                  "destAmount": "351584329",
                  "percent": 40.54,
                  "poolAddresses": [
                    "0x1d8b86e3D88cDb2d34688e87E72F388Cb541B7C8"
                  ],
                  "data": {
                    "i": 4,
                    "j": 1,
                    "exchange": "0x1d8b86e3D88cDb2d34688e87E72F388Cb541B7C8",
                    "originalPoolAddress": "0x92215849c439e1f8612b6646060b4e3e5ef822cc",
                    "swapType": 1,
                    "gasUSD": "0.002393"
                  }
                },
                {
                  "exchange": "CurveV2",
                  "srcAmount": "149998000109415461",
                  "destAmount": "351584329",
                  "percent": 40.54,
                  "poolAddresses": [
                    "0x3d8EADb739D1Ef95dd53D718e4810721837c69c1"
                  ],
                  "data": {
                    "i": 5,
                    "j": 2,
                    "exchange": "0x3d8EADb739D1Ef95dd53D718e4810721837c69c1",
                    "originalPoolAddress": "0xc7c939A474CB10EB837894D1ed1a77C61B268Fa7",
                    "swapType": 2,
                    "gasUSD": "0.002393"
                  }
                },
                {
                  "exchange": "UniswapV3",
                  "srcAmount": "70004000051064147",
                  "destAmount": "164078641",
                  "percent": 18.92,
                  "poolAddresses": [
                    "0x45dda9cb7c25131df268515131f647d726f50608"
                  ],
                  "data": {
                    "path": [
                      {
                        "tokenIn": "0x7ceb23fd6bc0add59e62ac25578270cff1b9f619",
                        "tokenOut": "0x2791bca1f2de4661ed88a30c99a7a9449aa84174",
                        "fee": "500",
                        "currentFee": "500"
                      }
                    ],
                    "gasUSD": "0.000909"
                  }
                }
              ]
            },
            {
              "srcToken": "0x2791bca1f2de4661ed88a30c99a7a9449aa84174",
              "srcDecimals": 6,
              "destToken": "0x3c499c542cef5e3811e1192ce70d8cc03d5c3359",
              "destDecimals": 6,
              "swapExchanges": [
                {
                  "exchange": "QuickSwapV3",
                  "srcAmount": "867247299",
                  "destAmount": "867226142",
                  "percent": 100,
                  "poolAddresses": [
                    "0xeecb5db986c20a8c88d8332e7e252a9671565751"
                  ],
                  "data": {
                    "feeOnTransfer": false,
                    "path": [
                      {
                        "tokenIn": "0x2791bca1f2de4661ed88a30c99a7a9449aa84174",
                        "tokenOut": "0x3c499c542cef5e3811e1192ce70d8cc03d5c3359"
                      }
                    ],
                    "gasUSD": "0.000909"
                  }
                }
              ]
            }
          ]
        }
      ],
      "gasCostUSD": "0.008358",
      "gasCost": "1222597",
      "side": "SELL",
      "version": "6.2",
      "contractAddress": "0x6a000f20005980200259b80c5102003040001068",
      "tokenTransferProxy": "0x6a000f20005980200259b80c5102003040001068",
      "contractMethod": "swapExactAmountIn",
      "partnerFee": 0,
      "srcUSD": "1171.0000008542",
      "destUSD": "1171.8010971711",
      "maxImpact": 2,
      "partner": "compound.blue",
      "maxImpactReached": false,
      "hmac": "3ab41c225bc03593e292fd3654a65a9883e312a5"
    },
    "a3a7b76013aada86202906f558c9b6e167327d367ba0cdadf2e9f111bba1cf71": {
      "blockNumber": 71323031,
      "network": 137,
      "srcToken": "0xc2132d05d31c914a87c6611c10748aeb04b58e8f",
      "srcDecimals": 6,
      "srcAmount": "500000006",
      "destToken": "0x3c499c542cef5e3811e1192ce70d8cc03d5c3359",
      "destDecimals": 6,
      "destAmount": "499974098",
      "bestRoute": [
        {
          "percent": 100,
          "swaps": [
            {
              "srcToken": "0xc2132d05d31c914a87c6611c10748aeb04b58e8f",
              "srcDecimals": 6,
              "destToken": "0x2791bca1f2de4661ed88a30c99a7a9449aa84174",
              "destDecimals": 6,
              "swapExchanges": [
                {
                  "exchange": "CurveV1",
                  "srcAmount": "500000006",
                  "destAmount": "499979734",
                  "percent": 100,
                  "poolAddresses": [
                    "0x445fe580ef8d70ff569ab36e80c647af338db351"
                  ],
                  "data": {
                    "exchange": "0x445fe580ef8d70ff569ab36e80c647af338db351",
                    "i": 2,
                    "j": 1,
                    "underlyingSwap": true,
                    "deadline": 0,
                    "gasUSD": "0.002324"
                  }
                }
              ]
            },
            {
              "srcToken": "0x2791bca1f2de4661ed88a30c99a7a9449aa84174",
              "srcDecimals": 6,
              "destToken": "0x3c499c542cef5e3811e1192ce70d8cc03d5c3359",
              "destDecimals": 6,
              "swapExchanges": [
                {
                  "exchange": "QuickSwapV3",
                  "srcAmount": "499979734",
                  "destAmount": "499974098",
                  "percent": 100,
                  "poolAddresses": [
                    "0xeecb5db986c20a8c88d8332e7e252a9671565751"
                  ],
                  "data": {
                    "feeOnTransfer": false,
                    "path": [
                      {
                        "tokenIn": "0x2791bca1f2de4661ed88a30c99a7a9449aa84174",
                        "tokenOut": "0x3c499c542cef5e3811e1192ce70d8cc03d5c3359"
                      }
                    ],
                    "gasUSD": "0.000909"
                  }
                }
              ]
            }
          ]
        }
      ],
      "gasCostUSD": "0.003573",
      "gasCost": "522591",
      "side": "SELL",
      "version": "6.2",
      "contractAddress": "0x6a000f20005980200259b80c5102003040001068",
      "tokenTransferProxy": "0x6a000f20005980200259b80c5102003040001068",
      "contractMethod": "swapExactAmountIn",
      "partnerFee": 0,
      "srcUSD": "499.9310059992",
      "destUSD": "499.9241005902",
      "maxImpact": 2,
      "partner": "compound.blue",
      "maxImpactReached": false,
      "hmac": "141349212b5e966710e29dea68693e49f7d77fcd"
    }
  },
  "paraswapExactSellTxPayloads": {
    "a3a7b76013aada86202906f558c9b6e167327d367ba0cdadf2e9f111bba1cf71": {
      "augustus": "0x6A000F20005980200259B80c5102003040001068",
      "calldata": "0xe3ead59e000000000000000000000000000010036c0190e009a000d0fc3541100a07380a000000000000000000000000c2132d05d31c914a87c6611c10748aeb04b58e8f0000000000000000000000003c499c542cef5e3811e1192ce70d8cc03d5c3359000000000000000000000000000000000000000000000000000000001dcd6506000000000000000000000000000000000000000000000000000000001d99f544000000000000000000000000000000000000000000000000000000001dccffd267c07ab4666a4980a52fc4214af1a71000000000000000000000000004404d970000000000000000000000000000000000000000000000000000000000000000cc3e7c85bb0ee4f09380e041fee95a0caedd4a02940000000000000000000000000000000000000000000000000000000000000000000000000000000000016000000000000000000000000000000000000000000000000000000000000001800000000000000000000000000000000000000000000000000000000000000000000000000000000000000000000000000000000000000000000000000000028000000000000000000000000000000000000000000000000000000000000000200000000000000000000000000000000000000000000000000000000000000280445fe580ef8d70ff569ab36e80c647af338db351000000c000440084ff00000b00000000000000000000000000000000000000000000000000000000a6417ed600000000000000000000000000000000000000000000000000000000000000020000000000000000000000000000000000000000000000000000000000000001000000000000000000000000000000000000000000000000000000001dcd650600000000000000000000000000000000000000000000000000000000000000010000000000000000000000002791bca1f2de4661ed88a30c99a7a9449aa84174f5b509bb0909a69b1c207e495f687a596c168e1200000140008400000000000300000000000000000000000000000000000000000000000000000000c04b8d59000000000000000000000000000000000000000000000000000000000000002000000000000000000000000000000000000000000000000000000000000000a00000000000000000000000006a000f20005980200259b80c5102003040001068000000000000000000000000000000000000000000000000000000006827d0ef000000000000000000000000000000000000000000000000000000001dcd15d6000000000000000000000000000000000000000000000000000000000000000100000000000000000000000000000000000000000000000000000000000000282791bca1f2de4661ed88a30c99a7a9449aa841743c499c542cef5e3811e1192ce70d8cc03d5c3359000000000000000000000000000000000000000000000000",
      "offsets": {
        "exactAmount": {
          "__bigint__": "100"
        },
        "limitAmount": {
          "__bigint__": "132"
        },
        "quotedAmount": {
          "__bigint__": "164"
        }
      },
      "quoteDestTokenAmount": {
        "__bigint__": "499974098"
      },
      "minDestTokenAmount": {
        "__bigint__": "496629060"
      },
      "inputs": {
        "srcTokenAddress": "0xc2132D05D31c914a87C6611C10748AEb04B58e8F",
        "destTokenAddress": "0x3c499c542cEF5E3811e1192ce70d8cC03d5c3359",
        "exactSrcTokenAmount": {
          "__bigint__": "500000006"
        }
      }
    },
    "a3acca2d49b7f67e3ae8da7d40947b768628436304849c7f70c216b6f6919a31": {
      "augustus": "0x6A000F20005980200259B80c5102003040001068",
      "calldata": "0xe3ead59e00000000000000000000000000c600b30fb0400701010f4b080409018b9006e00000000000000000000000007ceb23fd6bc0add59e62ac25578270cff1b9f6190000000000000000000000003c499c542cef5e3811e1192ce70d8cc03d5c335900000000000000000000000000000000000000000000000006f05b59e96f3b7b0000000000000000000000000000000000000000000000000000000045626a5b0000000000000000000000000000000000000000000000000000000045da0dd1f48cdb2fe018434ea39cd755f4cb2cbd00000000000000000000000004404d970000000000000000000000000000000000000000000000000000000000000000cc3e7c85bb0ee4f09380e041fee95a0caedd4a0294000000000000000000000000000000000000000000000000000000000000000000000000000000000001600000000000000000000000000000000000000000000000000000000000000180000000000000000000000000000000000000000000000000000000000000000000000000000000000000000000000000000000000000000000000000000007a0000000000000000000000000000000000000000000000000000000000000002000000000000000000000000000000000000000000000000000000000000007a00000000000000000000000000000016000000000000001200000000000000a28e592427a0aece92de3edee1f18e0157c0586156400000140008400000000000300000000000000000000000000000000000000000000000000000000c04b8d59000000000000000000000000000000000000000000000000000000000000002000000000000000000000000000000000000000000000000000000000000000a00000000000000000000000006a000f20005980200259b80c5102003040001068000000000000000000000000000000000000000000000000000000006827d0ef00000000000000000000000000000000000000000000000001cdda4fb273f5dd0000000000000000000000000000000000000000000000000000000000000001000000000000000000000000000000000000000000000000000000000000002b7ceb23fd6bc0add59e62ac25578270cff1b9f6190001f43c499c542cef5e3811e1192ce70d8cc03d5c3359000000000000000000000000000000000000000000000000000000000000000000000005c0000000000000016c0000000000001ce800000000000000000000000000000000000000000000044003e40144000a000b0000000000000000000000000000000000000000000000000000000000000000000000000000000000000000000000000000000000000000000000000000002000000000000000000000000000000000000000000000000000000000000003e00000000000000000000000000000010000000000000000cc0000000000000fd61d8b86e3d88cdb2d34688e87e72f388cb541b7c8000000e0004400a4ff00000b0000000000000000000000000000000000000000000000000000000065b2489b000000000000000000000000000000000000000000000000000000000000000400000000000000000000000000000000000000000000000000000000000000010000000000000000000000000000000000000000000000000214e662e98a6c2600000000000000000000000000000000000000000000000000000000000000010000000000000000000000007ceb23fd6bc0add59e62ac25578270cff1b9f6190000000000000000000000002791bca1f2de4661ed88a30c99a7a9449aa841740000000000000000000000000000012000000000000000ec0000000000000fd63d8eadb739d1ef95dd53d718e4810721837c69c100000100006400c4ff00000b0000000000000000000000000000000000000000000000000000000064a14558000000000000000000000000c7c939a474cb10eb837894d1ed1a77c61b268fa7000000000000000000000000000000000000000000000000000000000000000500000000000000000000000000000000000000000000000000000000000000020000000000000000000000000000000000000000000000000214e662e98a6c2500000000000000000000000000000000000000000000000000000000000000010000000000000000000000007ceb23fd6bc0add59e62ac25578270cff1b9f6190000000000000000000000002791bca1f2de4661ed88a30c99a7a9449aa841740000000000000000000000000000016000000000000001200000000000000764e592427a0aece92de3edee1f18e0157c0586156400000140008400000000000300000000000000000000000000000000000000000000000000000000c04b8d59000000000000000000000000000000000000000000000000000000000000002000000000000000000000000000000000000000000000000000000000000000a000000000000000000000000000c600b30fb0400701010f4b080409018b9006e0000000000000000000000000000000000000000000000000000000006827d0ef00000000000000000000000000000000000000000000000000f8b44463e66d530000000000000000000000000000000000000000000000000000000000000001000000000000000000000000000000000000000000000000000000000000002b7ceb23fd6bc0add59e62ac25578270cff1b9f6190001f42791bca1f2de4661ed88a30c99a7a9449aa84174000000000000000000000000000000000000000000f5b509bb0909a69b1c207e495f687a596c168e1200000140008400000000000300000000000000000000000000000000000000000000000000000000c04b8d59000000000000000000000000000000000000000000000000000000000000002000000000000000000000000000000000000000000000000000000000000000a00000000000000000000000006a000f20005980200259b80c5102003040001068000000000000000000000000000000000000000000000000000000006827d0ef0000000000000000000000000000000000000000000000000000000033b124c3000000000000000000000000000000000000000000000000000000000000000100000000000000000000000000000000000000000000000000000000000000282791bca1f2de4661ed88a30c99a7a9449aa841743c499c542cef5e3811e1192ce70d8cc03d5c3359000000000000000000000000000000000000000000000000",
      "offsets": {
        "exactAmount": {
          "__bigint__": "100"
        },
        "limitAmount": {
          "__bigint__": "132"
        },
        "quotedAmount": {
          "__bigint__": "164"
        }
      },
      "quoteDestTokenAmount": {
        "__bigint__": "1171918289"
      },
      "minDestTokenAmount": {
        "__bigint__": "1164077659"
      },
      "inputs": {
        "srcTokenAddress": "0x7ceB23fD6bC0adD59E62ac25578270cFf1b9f619",
        "destTokenAddress": "0x3c499c542cEF5E3811e1192ce70d8cC03d5c3359",
        "exactSrcTokenAmount": {
          "__bigint__": "500000000364723067"
        }
      }
    },
    "cc55ba93941c1602771857fd7c437340acda03c510442d361cfaf40952242190": {
      "augustus": "0x6A000F20005980200259B80c5102003040001068",
      "calldata": "0xe3ead59e000000000000000000000000000010036c0190e009a000d0fc3541100a07380a0000000000000000000000003c499c542cef5e3811e1192ce70d8cc03d5c33590000000000000000000000008f3cf7ad23cd3cadbd9735aff958023239c6a0630000000000000000000000000000000000000000000000000000000060ac609a000000000000000000000000000000000000000000000057545c9b688d00e2b3000000000000000000000000000000000000000000000057eaf157a78eb3a5f94f01c6a97bcc4ee39a3f91473f08575f00000000000000000000000004404d980000000000000000000000000000000000000000000000000000000000000000cc3e7c85bb0ee4f09380e041fee95a0caedd4a0294000000000000000000000000000000000000000000000000000000000000000000000000000000000001600000000000000000000000000000000000000000000000000000000000000180000000000000000000000000000000000000000000000000000000000000000000000000000000000000000000000000000000000000000000000000000001a0000000000000000000000000000000000000000000000000000000000000002000000000000000000000000000000000000000000000000000000000000001a0f5b509bb0909a69b1c207e495f687a596c168e1200000140008400000000000300000000000000000000000000000000000000000000000000000000c04b8d59000000000000000000000000000000000000000000000000000000000000002000000000000000000000000000000000000000000000000000000000000000a00000000000000000000000006a000f20005980200259b80c5102003040001068000000000000000000000000000000000000000000000000000000006827d0ef0000000000000000000000000000000000000000000000000000000060ac609a000000000000000000000000000000000000000000000000000000000000000100000000000000000000000000000000000000000000000000000000000000283c499c542cef5e3811e1192ce70d8cc03d5c33598f3cf7ad23cd3cadbd9735aff958023239c6a063000000000000000000000000000000000000000000000000",
      "offsets": {
        "exactAmount": {
          "__bigint__": "100"
        },
        "limitAmount": {
          "__bigint__": "132"
        },
        "quotedAmount": {
          "__bigint__": "164"
        }
      },
      "quoteDestTokenAmount": {
        "__bigint__": "1621796143264158688761"
      },
      "minDestTokenAmount": {
        "__bigint__": "1610945638883118867123"
      },
      "inputs": {
        "srcTokenAddress": "0x3c499c542cEF5E3811e1192ce70d8cC03d5c3359",
        "destTokenAddress": "0x8f3Cf7ad23Cd3CaDbD9735AFf958023239c6A063",
        "exactSrcTokenAmount": {
          "__bigint__": "1621909658"
        }
      }
    }
  }
}