{
  "blockNumber": {
    "__bigint__": "71322936"
  },
  "paraswapExactBuyQuotes": {},
  "paraswapExactBuyTxPayloads": {},
  "paraswapExactSellQuotes": {
    "a3a7b76013aada86202906f558c9b6e167327d367ba0cdadf2e9f111bba1cf71": {
      "blockNumber": 71322960,
      "network": 137,
      "srcToken": "0xc2132d05d31c914a87c6611c10748aeb04b58e8f",
      "srcDecimals": 6,
      "srcAmount": "1000000005",
      "destToken": "0x3c499c542cef5e3811e1192ce70d8cc03d5c3359",
      "destDecimals": 6,
      "destAmount": "999940041",
      "bestRoute": [
        {
          "percent": 100,
          "swaps": [
            {
              "srcToken": "0xc2132d05d31c914a87c6611c10748aeb04b58e8f",
              "srcDecimals": 6,
              "destToken": "0x3c499c542cef5e3811e1192ce70d8cc03d5c3359",
              "destDecimals": 6,
              "swapExchanges": [
                {
                  "exchange": "QuickSwapV3",
                  "srcAmount": "1000000005",
                  "destAmount": "999940041",
                  "percent": 100,
                  "poolAddresses": [
                    "0x0e3eb2c75bd7dd0e12249d96b1321d9570764d77"
                  ],
                  "data": {
                    "feeOnTransfer": false,
                    "path": [
                      {
                        "tokenIn": "0xc2132d05d31c914a87c6611c10748aeb04b58e8f",
                        "tokenOut": "0x3c499c542cef5e3811e1192ce70d8cc03d5c3359"
                      }
                    ],
                    "gasUSD": "0.000771"
                  }
                }
              ]
            }
          ]
        }
      ],
      "gasCostUSD": "0.001115",
      "gasCost": "157539",
      "side": "SELL",
      "version": "6.2",
      "contractAddress": "0x6a000f20005980200259b80c5102003040001068",
      "tokenTransferProxy": "0x6a000f20005980200259b80c5102003040001068",
      "contractMethod": "swapExactAmountIn",
      "partnerFee": 0,
      "srcUSD": "999.8700049994",
      "destUSD": "999.9000433984",
      "maxImpact": 2,
      "partner": "compound.blue",
      "maxImpactReached": false,
      "hmac": "48081543c6a0783b212e800068256b0ad124345a"
    }
  },
  "paraswapExactSellTxPayloads": {
    "a3a7b76013aada86202906f558c9b6e167327d367ba0cdadf2e9f111bba1cf71": {
      "augustus": "0x6A000F20005980200259B80c5102003040001068",
      "calldata": "0xe3ead59e000000000000000000000000000010036c0190e009a000d0fc3541100a07380a000000000000000000000000c2132d05d31c914a87c6611c10748aeb04b58e8f0000000000000000000000003c499c542cef5e3811e1192ce70d8cc03d5c3359000000000000000000000000000000000000000000000000000000003b9aca05000000000000000000000000000000000000000000000000000000003ab8636a000000000000000000000000000000000000000000000000000000003b99dfc96655c01a7ad848a89318269a334e719f00000000000000000000000004404d500000000000000000000000000000000000000000000000000000000000000000cc3e7c85bb0ee4f09380e041fee95a0caedd4a0294000000000000000000000000000000000000000000000000000000000000000000000000000000000001600000000000000000000000000000000000000000000000000000000000000180000000000000000000000000000000000000000000000000000000000000000000000000000000000000000000000000000000000000000000000000000001a0000000000000000000000000000000000000000000000000000000000000002000000000000000000000000000000000000000000000000000000000000001a0f5b509bb0909a69b1c207e495f687a596c168e1200000140008400000000000300000000000000000000000000000000000000000000000000000000c04b8d59000000000000000000000000000000000000000000000000000000000000002000000000000000000000000000000000000000000000000000000000000000a00000000000000000000000006a000f20005980200259b80c5102003040001068000000000000000000000000000000000000000000000000000000006827d058000000000000000000000000000000000000000000000000000000003b9aca0500000000000000000000000000000000000000000000000000000000000000010000000000000000000000000000000000000000000000000000000000000028c2132d05d31c914a87c6611c10748aeb04b58e8f3c499c542cef5e3811e1192ce70d8cc03d5c3359000000000000000000000000000000000000000000000000",
      "offsets": {
        "exactAmount": {
          "__bigint__": "100"
        },
        "limitAmount": {
          "__bigint__": "132"
        },
        "quotedAmount": {
          "__bigint__": "164"
        }
      },
      "quoteDestTokenAmount": {
        "__bigint__": "999940041"
      },
      "minDestTokenAmount": {
        "__bigint__": "985162602"
      },
      "inputs": {
        "srcTokenAddress": "0xc2132D05D31c914a87C6611C10748AEb04B58e8F",
        "destTokenAddress": "0x3c499c542cEF5E3811e1192ce70d8cC03d5c3359",
        "exactSrcTokenAmount": {
          "__bigint__": "1000000005"
        }
      }
    }
  }
}