{
  "blockNumber": {
    "__bigint__": "71326949"
  },
  "paraswapExactBuyQuotes": {},
  "paraswapExactBuyTxPayloads": {
    "e96a08e314d26046eade7a384433fcbed20a5699e5d8f91e32a76f9c0a75f46a": {
      "augustus": "0x6A000F20005980200259B80c5102003040001068",
      "calldata": "0x7f457675000000000000000000000000a0f408a000017007015e0f00320e470d00090a5b0000000000000000000000003c499c542cef5e3811e1192ce70d8cc03d5c33590000000000000000000000007ceb23fd6bc0add59e62ac25578270cff1b9f619000000000000000000000000000000000000000000000000000000038cc8c54f000000000000000000000000000000000000000000000000560ad326a76bfc000000000000000000000000000000000000000000000000000000000362236b6f7c0c94f3ae684d41abc5c0abed0c352f00000000000000000000000004405cfa0000000000000000000000000000000000000000000000000000000000000000cc3e7c85bb0ee4f09380e041fee95a0caedd4a029400000000000000000000000000000000000000000000000000000000000000000000000000000000000160000000000000000000000000000000000000000000000000000000000000018000000000000000000000000000000000000000000000000000000000000000000000000000000000000000000000000000000000000000000000000000000b2000000000000000000000000000000000000000000000000000000000000000200000000000000000000000000000000000000000000000000000000000000b400000016000000000000000000000012000000000000001370000000000000a28e592427a0aece92de3edee1f18e0157c058615640140008400a400000000000300000000000000000000000000000000000000000000000000000000f28c0498000000000000000000000000000000000000000000000000000000000000002000000000000000000000000000000000000000000000000000000000000000a00000000000000000000000006a000f20005980200259b80c5102003040001068000000000000000000000000000000000000000000000000000000006827f1c2000000000000000000000000000000000000000000000000165ecc592b8c7ef600000000000000000000000000000000000000000000000000000000e1268f8a000000000000000000000000000000000000000000000000000000000000002b7ceb23fd6bc0add59e62ac25578270cff1b9f6190001f43c499c542cef5e3811e1192ce70d8cc03d5c335900000000000000000000000000000000000000000000000160000000000000000000000120000000000000013400000000000003e8f5b509bb0909a69b1c207e495f687a596c168e120140008400a400000000000300000000000000000000000000000000000000000000000000000000f28c0498000000000000000000000000000000000000000000000000000000000000002000000000000000000000000000000000000000000000000000000000000000a00000000000000000000000006a000f20005980200259b80c5102003040001068000000000000000000000000000000000000000000000000000000006827f1c2000000000000000000000000000000000000000000000000089adbd3771f7f9a00000000000000000000000000000000000000000000000000000000569f6d7600000000000000000000000000000000000000000000000000000000000000287ceb23fd6bc0add59e62ac25578270cff1b9f6193c499c542cef5e3811e1192ce70d8cc03d5c335900000000000000000000000000000000000000000000000000000180000000000000000000000120000000000000014e00000000000004b0e592427a0aece92de3edee1f18e0157c058615640160008400a400000000000300000000000000000000000000000000000000000000000000000000f28c0498000000000000000000000000000000000000000000000000000000000000002000000000000000000000000000000000000000000000000000000000000000a00000000000000000000000006a000f20005980200259b80c5102003040001068000000000000000000000000000000000000000000000000000000006827f1c20000000000000000000000000000000000000000000000000a53380ee0e3ff850000000000000000000000000000000000000000000000000000000067e89feb00000000000000000000000000000000000000000000000000000000000000427ceb23fd6bc0add59e62ac25578270cff1b9f6190001f42791bca1f2de4661ed88a30c99a7a9449aa841740000643c499c542cef5e3811e1192ce70d8cc03d5c335900000000000000000000000000000000000000000000000000000000000000000160000000000000000000000120000000000000014800000000000007d0f5b509bb0909a69b1c207e495f687a596c168e120140008400a400000000000300000000000000000000000000000000000000000000000000000000f28c0498000000000000000000000000000000000000000000000000000000000000002000000000000000000000000000000000000000000000000000000000000000a00000000000000000000000006a000f20005980200259b80c5102003040001068000000000000000000000000000000000000000000000000000000006827f1c200000000000000000000000000000000000000000000000011355d6e217bff3300000000000000000000000000000000000000000000000000000000ad451ef4000000000000000000000000000000000000000000000000000000000000003c7ceb23fd6bc0add59e62ac25578270cff1b9f6192791bca1f2de4661ed88a30c99a7a9449aa841743c499c542cef5e3811e1192ce70d8cc03d5c33590000000000000180000000000000000000000120000000000000014e0000000000000190e592427a0aece92de3edee1f18e0157c058615640160008400a400000000000300000000000000000000000000000000000000000000000000000000f28c0498000000000000000000000000000000000000000000000000000000000000002000000000000000000000000000000000000000000000000000000000000000a00000000000000000000000006a000f20005980200259b80c5102003040001068000000000000000000000000000000000000000000000000000000006827f1c2000000000000000000000000000000000000000000000000037112afa04bffd70000000000000000000000000000000000000000000000000000000022a25e2300000000000000000000000000000000000000000000000000000000000000427ceb23fd6bc0add59e62ac25578270cff1b9f6190001f4c2132d05d31c914a87c6611c10748aeb04b58e8f0000643c499c542cef5e3811e1192ce70d8cc03d5c33590000000000000000000000000000000000000000000000000000000000000000016000000000000000000000012000000000000001480000000000000320f5b509bb0909a69b1c207e495f687a596c168e120140008400a400000000000300000000000000000000000000000000000000000000000000000000f28c0498000000000000000000000000000000000000000000000000000000000000002000000000000000000000000000000000000000000000000000000000000000a00000000000000000000000006a000f20005980200259b80c5102003040001068000000000000000000000000000000000000000000000000000000006827f1c200000000000000000000000000000000000000000000000006e2255f4097ffae00000000000000000000000000000000000000000000000000000000454dc1c8000000000000000000000000000000000000000000000000000000000000003c7ceb23fd6bc0add59e62ac25578270cff1b9f619c2132d05d31c914a87c6611c10748aeb04b58e8f3c499c542cef5e3811e1192ce70d8cc03d5c33590000000000000180000000000000000000000120000000000000014e00000000000007d0e592427a0aece92de3edee1f18e0157c058615640160008400a400000000000300000000000000000000000000000000000000000000000000000000f28c0498000000000000000000000000000000000000000000000000000000000000002000000000000000000000000000000000000000000000000000000000000000a00000000000000000000000006a000f20005980200259b80c5102003040001068000000000000000000000000000000000000000000000000000000006827f1c200000000000000000000000000000000000000000000000011355d6e217bff3300000000000000000000000000000000000000000000000000000000ad3f8fa500000000000000000000000000000000000000000000000000000000000000427ceb23fd6bc0add59e62ac25578270cff1b9f6190001f41bfd67037b42cf73acf2047067bd4f2c47d9bfd60001f43c499c542cef5e3811e1192ce70d8cc03d5c3359000000000000000000000000000000000000000000000000000000000000",
      "offsets": {
        "exactAmount": {
          "__bigint__": "132"
        },
        "limitAmount": {
          "__bigint__": "100"
        },
        "quotedAmount": {
          "__bigint__": "164"
        }
      },
      "quoteSrcTokenAmount": {
        "__bigint__": "14531390319"
      },
      "maxSrcTokenAmount": {
        "__bigint__": "15246869839"
      },
      "inputs": {
        "srcTokenAddress": "0x3c499c542cEF5E3811e1192ce70d8cC03d5c3359",
        "destTokenAddress": "0x7ceB23fD6bC0adD59E62ac25578270cFf1b9f619",
        "exactDestTokenAmount": {
          "__bigint__": "6199999999999998976"
        }
      }
    }
  },
  "paraswapExactSellQuotes": {},
  "paraswapExactSellTxPayloads": {}
}