{
  "blockNumber": {
    "__bigint__": "71326949"
  },
  "paraswapExactBuyQuotes": {},
  "paraswapExactBuyTxPayloads": {
    "e96a08e314d26046eade7a384433fcbed20a5699e5d8f91e32a76f9c0a75f46a": {
      "augustus": "0x6A000F20005980200259B80c5102003040001068",
      "calldata": "0x7f457675000000000000000000000000a0f408a000017007015e0f00320e470d00090a5b0000000000000000000000003c499c542cef5e3811e1192ce70d8cc03d5c33590000000000000000000000007ceb23fd6bc0add59e62ac25578270cff1b9f61900000000000000000000000000000000000000000000000000000000a13c65120000000000000000000000000000000000000000000000000f43fc2c04ee0000000000000000000000000000000000000000000000000000000000009999950c8ab2c873706d46e189a4ffe445a94e9900000000000000000000000004405cea0000000000000000000000000000000000000000000000000000000000000000cc3e7c85bb0ee4f09380e041fee95a0caedd4a0294000000000000000000000000000000000000000000000000000000000000000000000000000000000001600000000000000000000000000000000000000000000000000000000000000180000000000000000000000000000000000000000000000000000000000000000000000000000000000000000000000000000000000000000000000000000009a0000000000000000000000000000000000000000000000000000000000000002000000000000000000000000000000000000000000000000000000000000009c00000016000000000000000000000012000000000000001370000000000000898e592427a0aece92de3edee1f18e0157c058615640140008400a400000000000300000000000000000000000000000000000000000000000000000000f28c0498000000000000000000000000000000000000000000000000000000000000002000000000000000000000000000000000000000000000000000000000000000a00000000000000000000000006a000f20005980200259b80c5102003040001068000000000000000000000000000000000000000000000000000000006827f1a1000000000000000000000000000000000000000000000000035bbdb74f3520000000000000000000000000000000000000000000000000000000000021cad094000000000000000000000000000000000000000000000000000000000000002b7ceb23fd6bc0add59e62ac25578270cff1b9f6190001f43c499c542cef5e3811e1192ce70d8cc03d5c33590000000000000000000000000000000000000000000000016000000000000000000000012000000000000001340000000000000578f5b509bb0909a69b1c207e495f687a596c168e120140008400a400000000000300000000000000000000000000000000000000000000000000000000f28c0498000000000000000000000000000000000000000000000000000000000000002000000000000000000000000000000000000000000000000000000000000000a00000000000000000000000006a000f20005980200259b80c5102003040001068000000000000000000000000000000000000000000000000000000006827f1a10000000000000000000000000000000000000000000000000223222f93d8e000000000000000000000000000000000000000000000000000000000001580e4e200000000000000000000000000000000000000000000000000000000000000287ceb23fd6bc0add59e62ac25578270cff1b9f6193c499c542cef5e3811e1192ce70d8cc03d5c335900000000000000000000000000000000000000000000000000000180000000000000000000000120000000000000014e0000000000000578e592427a0aece92de3edee1f18e0157c058615640160008400a400000000000300000000000000000000000000000000000000000000000000000000f28c0498000000000000000000000000000000000000000000000000000000000000002000000000000000000000000000000000000000000000000000000000000000a00000000000000000000000006a000f20005980200259b80c5102003040001068000000000000000000000000000000000000000000000000000000006827f1a100000000000000000000000000000000000000000000000002231e2f1f690000000000000000000000000000000000000000000000000000000000001580f36500000000000000000000000000000000000000000000000000000000000000427ceb23fd6bc0add59e62ac25578270cff1b9f6190001f42791bca1f2de4661ed88a30c99a7a9449aa841740000643c499c542cef5e3811e1192ce70d8cc03d5c33590000000000000000000000000000000000000000000000000000000000000000016000000000000000000000012000000000000001480000000000000708f5b509bb0909a69b1c207e495f687a596c168e120140008400a400000000000300000000000000000000000000000000000000000000000000000000f28c0498000000000000000000000000000000000000000000000000000000000000002000000000000000000000000000000000000000000000000000000000000000a00000000000000000000000006a000f20005980200259b80c5102003040001068000000000000000000000000000000000000000000000000000000006827f1a100000000000000000000000000000000000000000000000002bf6ff371870000000000000000000000000000000000000000000000000000000000001ba63c66000000000000000000000000000000000000000000000000000000000000003c7ceb23fd6bc0add59e62ac25578270cff1b9f6192791bca1f2de4661ed88a30c99a7a9449aa841743c499c542cef5e3811e1192ce70d8cc03d5c33590000000000000180000000000000000000000120000000000000014e0000000000000258e592427a0aece92de3edee1f18e0157c058615640160008400a400000000000300000000000000000000000000000000000000000000000000000000f28c0498000000000000000000000000000000000000000000000000000000000000002000000000000000000000000000000000000000000000000000000000000000a00000000000000000000000006a000f20005980200259b80c5102003040001068000000000000000000000000000000000000000000000000000000006827f1a100000000000000000000000000000000000000000000000000ea7aa67b2d0000000000000000000000000000000000000000000000000000000000000937349400000000000000000000000000000000000000000000000000000000000000427ceb23fd6bc0add59e62ac25578270cff1b9f6190001f4c2132d05d31c914a87c6611c10748aeb04b58e8f0000643c499c542cef5e3811e1192ce70d8cc03d5c335900000000000000000000000000000000000000000000000000000000000000000180000000000000000000000120000000000000014e0000000000000a28e592427a0aece92de3edee1f18e0157c058615640160008400a400000000000300000000000000000000000000000000000000000000000000000000f28c0498000000000000000000000000000000000000000000000000000000000000002000000000000000000000000000000000000000000000000000000000000000a00000000000000000000000006a000f20005980200259b80c5102003040001068000000000000000000000000000000000000000000000000000000006827f1a100000000000000000000000000000000000000000000000003f8137c15c300000000000000000000000000000000000000000000000000000000000027ef7b3700000000000000000000000000000000000000000000000000000000000000427ceb23fd6bc0add59e62ac25578270cff1b9f6190001f41bfd67037b42cf73acf2047067bd4f2c47d9bfd60001f43c499c542cef5e3811e1192ce70d8cc03d5c3359000000000000000000000000000000000000000000000000000000000000",
      "offsets": {
        "exactAmount": {
          "__bigint__": "132"
        },
        "limitAmount": {
          "__bigint__": "100"
        },
        "quotedAmount": {
          "__bigint__": "164"
        }
      },
      "quoteSrcTokenAmount": {
        "__bigint__": "2576979212"
      },
      "maxSrcTokenAmount": {
        "__bigint__": "2705089810"
      },
      "inputs": {
        "srcTokenAddress": "0x3c499c542cEF5E3811e1192ce70d8cC03d5c3359",
        "destTokenAddress": "0x7ceB23fD6bC0adD59E62ac25578270cFf1b9f619",
        "exactDestTokenAmount": {
          "__bigint__": "1100000000000000000"
        }
      }
    }
  },
  "paraswapExactSellQuotes": {},
  "paraswapExactSellTxPayloads": {}
}