{
  "blockNumber": {
    "__bigint__": "71326864"
  },
  "paraswapExactBuyQuotes": {},
  "paraswapExactBuyTxPayloads": {
    "a3acca2d49b7f67e3ae8da7d40947b768628436304849c7f70c216b6f6919a31": {
      "augustus": "0x6A000F20005980200259B80c5102003040001068",
      "calldata": "0x7f457675000000000000000000000000a0f408a000017007015e0f00320e470d00090a5b0000000000000000000000007ceb23fd6bc0add59e62ac25578270cff1b9f6190000000000000000000000003c499c542cef5e3811e1192ce70d8cc03d5c3359000000000000000000000000000000000000000000000000061b47bcf0a93ae3000000000000000000000000000000000000000000000000000000003b9aca0000000000000000000000000000000000000000000000000005ee9740d689978e48c011cf1dde44cabadadca1f766655100000000000000000000000004405c960000000000000000000000000000000000000000000000000000000000000000cc3e7c85bb0ee4f09380e041fee95a0caedd4a029400000000000000000000000000000000000000000000000000000000000000000000000000000000000160000000000000000000000000000000000000000000000000000000000000018000000000000000000000000000000000000000000000000000000000000000000000000000000000000000000000000000000000000000000000000000000500000000000000000000000000000000000000000000000000000000000000002000000000000000000000000000000000000000000000000000000000000005200000016000000000000000000000012000000000000001370000000000001f40e592427a0aece92de3edee1f18e0157c058615640140008400a400000000000300000000000000000000000000000000000000000000000000000000f28c0498000000000000000000000000000000000000000000000000000000000000002000000000000000000000000000000000000000000000000000000000000000a00000000000000000000000006a000f20005980200259b80c5102003040001068000000000000000000000000000000000000000000000000000000006827f0ee000000000000000000000000000000000000000000000000000000002faf080000000000000000000000000000000000000000000000000004bed59628b340f8000000000000000000000000000000000000000000000000000000000000002b3c499c542cef5e3811e1192ce70d8cc03d5c33590001f47ceb23fd6bc0add59e62ac25578270cff1b9f61900000000000000000000000000000000000000000000000180000000000000000000000120000000000000014e00000000000004b0e592427a0aece92de3edee1f18e0157c058615640160008400a400000000000300000000000000000000000000000000000000000000000000000000f28c0498000000000000000000000000000000000000000000000000000000000000002000000000000000000000000000000000000000000000000000000000000000a00000000000000000000000006a000f20005980200259b80c5102003040001068000000000000000000000000000000000000000000000000000000006827f0ee0000000000000000000000000000000000000000000000000000000007270e0000000000000000000000000000000000000000000000000000b641c41277632c00000000000000000000000000000000000000000000000000000000000000423c499c542cef5e3811e1192ce70d8cc03d5c33590001f42791bca1f2de4661ed88a30c99a7a9449aa841740001f47ceb23fd6bc0add59e62ac25578270cff1b9f61900000000000000000000000000000000000000000000000000000000000000000180000000000000000000000120000000000000014e0000000000000320e592427a0aece92de3edee1f18e0157c058615640160008400a400000000000300000000000000000000000000000000000000000000000000000000f28c0498000000000000000000000000000000000000000000000000000000000000002000000000000000000000000000000000000000000000000000000000000000a00000000000000000000000006a000f20005980200259b80c5102003040001068000000000000000000000000000000000000000000000000000000006827f0ee0000000000000000000000000000000000000000000000000000000004c4b40000000000000000000000000000000000000000000000000000797fe69b5ef36a00000000000000000000000000000000000000000000000000000000000000423c499c542cef5e3811e1192ce70d8cc03d5c3359000064c2132d05d31c914a87c6611c10748aeb04b58e8f0001f47ceb23fd6bc0add59e62ac25578270cff1b9f619000000000000000000000000000000000000000000000000000000000000",
      "offsets": {
        "exactAmount": {
          "__bigint__": "132"
        },
        "limitAmount": {
          "__bigint__": "100"
        },
        "quotedAmount": {
          "__bigint__": "164"
        }
      },
      "quoteSrcTokenAmount": {
        "__bigint__": "427445319379818382"
      },
      "maxSrcTokenAmount": {
        "__bigint__": "440024265415801571"
      },
      "inputs": {
        "srcTokenAddress": "0x7ceB23fD6bC0adD59E62ac25578270cFf1b9f619",
        "destTokenAddress": "0x3c499c542cEF5E3811e1192ce70d8cC03d5c3359",
        "exactDestTokenAmount": {
          "__bigint__": "1000000000"
        }
      }
    }
  },
  "paraswapExactSellQuotes": {},
  "paraswapExactSellTxPayloads": {}
}