{
  "blockNumber": {
    "__bigint__": "71326864"
  },
  "paraswapExactBuyQuotes": {},
  "paraswapExactBuyTxPayloads": {
    "a3acca2d49b7f67e3ae8da7d40947b768628436304849c7f70c216b6f6919a31": {
      "augustus": "0x6A000F20005980200259B80c5102003040001068",
      "calldata": "0x7f457675000000000000000000000000a0f408a000017007015e0f00320e470d00090a5b0000000000000000000000007ceb23fd6bc0add59e62ac25578270cff1b9f6190000000000000000000000003c499c542cef5e3811e1192ce70d8cc03d5c3359000000000000000000000000000000000000000000000000009c5ffaee31cfb10000000000000000000000000000000000000000000000000000000005f656310000000000000000000000000000000000000000000000000097dd7fc7eeaad18f768d8eb26d48eb9f4dbde7a00cc34500000000000000000000000004405c970000000000000000000000000000000000000000000000000000000000000000cc3e7c85bb0ee4f09380e041fee95a0caedd4a0294000000000000000000000000000000000000000000000000000000000000000000000000000000000001600000000000000000000000000000000000000000000000000000000000000180000000000000000000000000000000000000000000000000000000000000000000000000000000000000000000000000000000000000000000000000000001c0000000000000000000000000000000000000000000000000000000000000002000000000000000000000000000000000000000000000000000000000000001e00000016000000000000000000000012000000000000001370000000000002710e592427a0aece92de3edee1f18e0157c058615640140008400a400000000000300000000000000000000000000000000000000000000000000000000f28c0498000000000000000000000000000000000000000000000000000000000000002000000000000000000000000000000000000000000000000000000000000000a00000000000000000000000006a000f20005980200259b80c5102003040001068000000000000000000000000000000000000000000000000000000006827f0f00000000000000000000000000000000000000000000000000000000005f656310000000000000000000000000000000000000000000000000097dd7fc7eeaad1000000000000000000000000000000000000000000000000000000000000002b3c499c542cef5e3811e1192ce70d8cc03d5c33590001f47ceb23fd6bc0add59e62ac25578270cff1b9f619000000000000000000000000000000000000000000",
      "offsets": {
        "exactAmount": {
          "__bigint__": "132"
        },
        "limitAmount": {
          "__bigint__": "100"
        },
        "quotedAmount": {
          "__bigint__": "164"
        }
      },
      "quoteSrcTokenAmount": {
        "__bigint__": "42746262368201425"
      },
      "maxSrcTokenAmount": {
        "__bigint__": "44015627709566897"
      },
      "inputs": {
        "srcTokenAddress": "0x7ceB23fD6bC0adD59E62ac25578270cFf1b9f619",
        "destTokenAddress": "0x3c499c542cEF5E3811e1192ce70d8cC03d5c3359",
        "exactDestTokenAmount": {
          "__bigint__": "100030001"
        }
      }
    }
  },
  "paraswapExactSellQuotes": {},
  "paraswapExactSellTxPayloads": {}
}